<pre><span style="color:#4E9A06">[    0.000000] </span>Linux version 6.1.0-12-amd64 (debian-kernel@lists.debian.org) (gcc-12 (Debian 12.2.0-14) 12.2.0, GNU ld (GNU Binutils for Debian) 2.40) #1 SMP PREEMPT_DYNAMIC Debian 6.1.52-1 (2023-09-07)
<span style="color:#4E9A06">[    0.000000] </span><span style="color:#C4A000">Command line: </span>BOOT_IMAGE=/casper/vmlinuz boot=live live-config live-media-path=/casper quiet splash nomodeset --
<span style="color:#4E9A06">[    0.000000] </span>BIOS-provided physical RAM map:
<span style="color:#4E9A06">[    0.000000] </span><span style="color:#C4A000">BIOS-e820: </span>[mem 0x0000000000000000-0x000000000006efff] usable
<span style="color:#4E9A06">[    0.000000] </span><span style="color:#C4A000">BIOS-e820: </span>[mem 0x000000000006f000-0x000000000006ffff] ACPI NVS
<span style="color:#4E9A06">[    0.000000] </span><span style="color:#C4A000">BIOS-e820: </span>[mem 0x0000000000070000-0x0000000000085fff] usable
<span style="color:#4E9A06">[    0.000000] </span><span style="color:#C4A000">BIOS-e820: </span>[mem 0x0000000000086000-0x000000000009ffff] reserved
<span style="color:#4E9A06">[    0.000000] </span><span style="color:#C4A000">BIOS-e820: </span>[mem 0x0000000000100000-0x000000001effffff] usable
<span style="color:#4E9A06">[    0.000000] </span><span style="color:#C4A000">BIOS-e820: </span>[mem 0x000000001f000000-0x000000001f0fffff] reserved
<span style="color:#4E9A06">[    0.000000] </span><span style="color:#C4A000">BIOS-e820: </span>[mem 0x000000001f100000-0x000000001fffffff] usable
<span style="color:#4E9A06">[    0.000000] </span><span style="color:#C4A000">BIOS-e820: </span>[mem 0x0000000020000000-0x00000000200fffff] reserved
<span style="color:#4E9A06">[    0.000000] </span><span style="color:#C4A000">BIOS-e820: </span>[mem 0x0000000020100000-0x0000000077e1afff] usable
<span style="color:#4E9A06">[    0.000000] </span><span style="color:#C4A000">BIOS-e820: </span>[mem 0x0000000077e1b000-0x0000000077eaafff] type 20
<span style="color:#4E9A06">[    0.000000] </span><span style="color:#C4A000">BIOS-e820: </span>[mem 0x0000000077eab000-0x00000000787aafff] reserved
<span style="color:#4E9A06">[    0.000000] </span><span style="color:#C4A000">BIOS-e820: </span>[mem 0x00000000787ab000-0x00000000788aafff] ACPI NVS
<span style="color:#4E9A06">[    0.000000] </span><span style="color:#C4A000">BIOS-e820: </span>[mem 0x00000000788ab000-0x00000000788eafff] ACPI data
<span style="color:#4E9A06">[    0.000000] </span><span style="color:#C4A000">BIOS-e820: </span>[mem 0x00000000788eb000-0x00000000794c5fff] usable
<span style="color:#4E9A06">[    0.000000] </span><span style="color:#C4A000">BIOS-e820: </span>[mem 0x00000000794c6000-0x0000000079dc5fff] ACPI NVS
<span style="color:#4E9A06">[    0.000000] </span><span style="color:#C4A000">BIOS-e820: </span>[mem 0x0000000079dc6000-0x0000000079ffffff] usable
<span style="color:#4E9A06">[    0.000000] </span><span style="color:#C4A000">BIOS-e820: </span>[mem 0x00000000e00f8000-0x00000000e00f8fff] reserved
<span style="color:#4E9A06">[    0.000000] </span><span style="color:#C4A000">BIOS-e820: </span>[mem 0x00000000fed01000-0x00000000fed01fff] reserved
<span style="color:#4E9A06">[    0.000000] </span><span style="color:#C4A000">BIOS-e820: </span>[mem 0x00000000ffc00000-0x00000000ffffffff] reserved
<span style="color:#4E9A06">[    0.000000] </span><span style="color:#C4A000">NX (Execute Disable) protection: </span>active
<span style="color:#4E9A06">[    0.000000] </span><span style="color:#C4A000">efi: </span>EFI v2.40 by INSYDE Corp.
<span style="color:#4E9A06">[    0.000000] </span><span style="color:#C4A000">efi: </span>ACPI 2.0=0x788ea014 ESRT=0x78077018 SMBIOS=0x78162000 MOKvar=0x77f3c000 
<span style="color:#4E9A06">[    0.000000] </span><span style="color:#C4A000">secureboot: </span>Secure boot disabled
<span style="color:#4E9A06">[    0.000000] </span>SMBIOS 2.7 present.
<span style="color:#4E9A06">[    0.000000] </span><span style="color:#C4A000">DMI: </span>Acer Aspire E3-112/R2, BIOS V1.16 10/20/2015
<span style="color:#4E9A06">[    0.000000] </span><span style="color:#C4A000">tsc: </span>Detected 2166.667 MHz processor
<span style="color:#4E9A06">[    0.001516] </span><span style="color:#C4A000">e820: </span>update [mem 0x00000000-0x00000fff] usable ==&gt; reserved
<span style="color:#4E9A06">[    0.001525] </span><span style="color:#C4A000">e820: </span>remove [mem 0x000a0000-0x000fffff] usable
<span style="color:#4E9A06">[    0.001541] </span>last_pfn = 0x7a000 max_arch_pfn = 0x400000000
<span style="color:#4E9A06">[    0.001594] </span><span style="color:#C4A000">x86/PAT: </span>Configuration [0-7]: WB  WC  UC- UC  WB  WP  UC- WT  
<span style="color:#4E9A06">[    0.007925] </span><span style="color:#C4A000">esrt: </span>Reserving ESRT space from 0x0000000078077018 to 0x0000000078077050.
<span style="color:#4E9A06">[    0.010157] </span><span style="color:#C4A000">RAMDISK: </span>[mem 0x2dfdd000-0x32fe5fff]
<span style="color:#4E9A06">[    0.010190] </span><span style="color:#C4A000">ACPI: </span>Early table checksum verification disabled
<span style="color:#4E9A06">[    0.010197] </span><span style="color:#C4A000">ACPI: </span>RSDP 0x00000000788EA014 000024 (v02 ACRSYS)
<span style="color:#4E9A06">[    0.010206] </span><span style="color:#C4A000">ACPI: </span>XSDT 0x00000000788EA120 0000A4 (v01 ACRSYS ACRPRDCT 00000003      01000013)
<span style="color:#4E9A06">[    0.010218] </span><span style="color:#C4A000">ACPI: </span>FACP 0x00000000788E7000 00010C (v05 ACRSYS ACRPRDCT 00000003 1025 00040000)
<span style="color:#4E9A06">[    0.010230] </span><span style="color:#C4A000">ACPI: </span>DSDT 0x00000000788DA000 008E76 (v02 ACRSYS ACRPRDCT 00000003 1025 00040000)
<span style="color:#4E9A06">[    0.010238] </span><span style="color:#C4A000">ACPI: </span>FACS 0x0000000078874000 000040
<span style="color:#4E9A06">[    0.010245] </span><span style="color:#C4A000">ACPI: </span>UEFI 0x00000000788E9000 000236 (v01 ACRSYS ACRPRDCT 00000001 1025 00040000)
<span style="color:#4E9A06">[    0.010254] </span><span style="color:#C4A000">ACPI: </span>HPET 0x00000000788E6000 000038 (v01 ACRSYS ACRPRDCT 00000003 1025 00040000)
<span style="color:#4E9A06">[    0.010262] </span><span style="color:#C4A000">ACPI: </span>APIC 0x00000000788E5000 000084 (v03 ACRSYS ACRPRDCT 00000003 1025 00040000)
<span style="color:#4E9A06">[    0.010270] </span><span style="color:#C4A000">ACPI: </span>MCFG 0x00000000788E4000 00003C (v01 ACRSYS ACRPRDCT 00000003 1025 00040000)
<span style="color:#4E9A06">[    0.010278] </span><span style="color:#C4A000">ACPI: </span>SSDT 0x00000000788E3000 000581 (v01 ACRSYS ACRPRDCT 00000003 1025 00040000)
<span style="color:#4E9A06">[    0.010286] </span><span style="color:#C4A000">ACPI: </span>SSDT 0x00000000788D8000 00138A (v01 ACRSYS ACRPRDCT 00000003 1025 00040000)
<span style="color:#4E9A06">[    0.010294] </span><span style="color:#C4A000">ACPI: </span>SSDT 0x00000000788D7000 000763 (v01 ACRSYS ACRPRDCT 00003000 1025 00040000)
<span style="color:#4E9A06">[    0.010302] </span><span style="color:#C4A000">ACPI: </span>SSDT 0x00000000788D6000 000290 (v01 ACRSYS ACRPRDCT 00003000 1025 00040000)
<span style="color:#4E9A06">[    0.010311] </span><span style="color:#C4A000">ACPI: </span>SSDT 0x00000000788D5000 00017A (v01 ACRSYS ACRPRDCT 00003000 1025 00040000)
<span style="color:#4E9A06">[    0.010319] </span><span style="color:#C4A000">ACPI: </span>UEFI 0x00000000788D4000 000042 (v01 ACRSYS ACRPRDCT 00000000 1025 00040000)
<span style="color:#4E9A06">[    0.010327] </span><span style="color:#C4A000">ACPI: </span>SSDT 0x00000000788D0000 003060 (v01 ACRSYS ACRPRDCT 00001000 1025 00040000)
<span style="color:#4E9A06">[    0.010335] </span><span style="color:#C4A000">ACPI: </span>CSRT 0x00000000788CF000 00014C (v00 ACRSYS ACRPRDCT 00000005 1025 00040000)
<span style="color:#4E9A06">[    0.010343] </span><span style="color:#C4A000">ACPI: </span>SSDT 0x00000000788CE000 0003E6 (v01 ACRSYS ACRPRDCT 00001000 1025 00040000)
<span style="color:#4E9A06">[    0.010351] </span><span style="color:#C4A000">ACPI: </span>FPDT 0x00000000788CD000 000044 (v01 ACRSYS ACRPRDCT 00000002 1025 00040000)
<span style="color:#4E9A06">[    0.010359] </span><span style="color:#C4A000">ACPI: </span>BGRT 0x00000000788CC000 000038 (v01 ACRSYS ACRPRDCT 00000001 1025 00040000)
<span style="color:#4E9A06">[    0.010366] </span><span style="color:#C4A000">ACPI: </span>Reserving FACP table memory at [mem 0x788e7000-0x788e710b]
<span style="color:#4E9A06">[    0.010370] </span><span style="color:#C4A000">ACPI: </span>Reserving DSDT table memory at [mem 0x788da000-0x788e2e75]
<span style="color:#4E9A06">[    0.010373] </span><span style="color:#C4A000">ACPI: </span>Reserving FACS table memory at [mem 0x78874000-0x7887403f]
<span style="color:#4E9A06">[    0.010375] </span><span style="color:#C4A000">ACPI: </span>Reserving UEFI table memory at [mem 0x788e9000-0x788e9235]
<span style="color:#4E9A06">[    0.010378] </span><span style="color:#C4A000">ACPI: </span>Reserving HPET table memory at [mem 0x788e6000-0x788e6037]
<span style="color:#4E9A06">[    0.010381] </span><span style="color:#C4A000">ACPI: </span>Reserving APIC table memory at [mem 0x788e5000-0x788e5083]
<span style="color:#4E9A06">[    0.010384] </span><span style="color:#C4A000">ACPI: </span>Reserving MCFG table memory at [mem 0x788e4000-0x788e403b]
<span style="color:#4E9A06">[    0.010386] </span><span style="color:#C4A000">ACPI: </span>Reserving SSDT table memory at [mem 0x788e3000-0x788e3580]
<span style="color:#4E9A06">[    0.010389] </span><span style="color:#C4A000">ACPI: </span>Reserving SSDT table memory at [mem 0x788d8000-0x788d9389]
<span style="color:#4E9A06">[    0.010392] </span><span style="color:#C4A000">ACPI: </span>Reserving SSDT table memory at [mem 0x788d7000-0x788d7762]
<span style="color:#4E9A06">[    0.010395] </span><span style="color:#C4A000">ACPI: </span>Reserving SSDT table memory at [mem 0x788d6000-0x788d628f]
<span style="color:#4E9A06">[    0.010397] </span><span style="color:#C4A000">ACPI: </span>Reserving SSDT table memory at [mem 0x788d5000-0x788d5179]
<span style="color:#4E9A06">[    0.010400] </span><span style="color:#C4A000">ACPI: </span>Reserving UEFI table memory at [mem 0x788d4000-0x788d4041]
<span style="color:#4E9A06">[    0.010403] </span><span style="color:#C4A000">ACPI: </span>Reserving SSDT table memory at [mem 0x788d0000-0x788d305f]
<span style="color:#4E9A06">[    0.010406] </span><span style="color:#C4A000">ACPI: </span>Reserving CSRT table memory at [mem 0x788cf000-0x788cf14b]
<span style="color:#4E9A06">[    0.010408] </span><span style="color:#C4A000">ACPI: </span>Reserving SSDT table memory at [mem 0x788ce000-0x788ce3e5]
<span style="color:#4E9A06">[    0.010411] </span><span style="color:#C4A000">ACPI: </span>Reserving FPDT table memory at [mem 0x788cd000-0x788cd043]
<span style="color:#4E9A06">[    0.010414] </span><span style="color:#C4A000">ACPI: </span>Reserving BGRT table memory at [mem 0x788cc000-0x788cc037]
<span style="color:#4E9A06">[    0.010508] </span>No NUMA configuration found
<span style="color:#4E9A06">[    0.010511] </span>Faking a node at [mem 0x0000000000000000-0x0000000079ffffff]
<span style="color:#4E9A06">[    0.010532] </span>NODE_DATA(0) allocated [mem 0x77a7a000-0x77aa4fff]
<span style="color:#4E9A06">[    0.011252] </span>Zone ranges:
<span style="color:#4E9A06">[    0.011255] </span>  DMA      [mem 0x0000000000001000-0x0000000000ffffff]
<span style="color:#4E9A06">[    0.011260] </span>  DMA32    [mem 0x0000000001000000-0x0000000079ffffff]
<span style="color:#4E9A06">[    0.011264] </span>  Normal   empty
<span style="color:#4E9A06">[    0.011267] </span>  Device   empty
<span style="color:#4E9A06">[    0.011269] </span>Movable zone start for each node
<span style="color:#4E9A06">[    0.011275] </span>Early memory node ranges
<span style="color:#4E9A06">[    0.011276] </span><span style="color:#C4A000">  node   0: </span>[mem 0x0000000000001000-0x000000000006efff]
<span style="color:#4E9A06">[    0.011280] </span><span style="color:#C4A000">  node   0: </span>[mem 0x0000000000070000-0x0000000000085fff]
<span style="color:#4E9A06">[    0.011282] </span><span style="color:#C4A000">  node   0: </span>[mem 0x0000000000100000-0x000000001effffff]
<span style="color:#4E9A06">[    0.011285] </span><span style="color:#C4A000">  node   0: </span>[mem 0x000000001f100000-0x000000001fffffff]
<span style="color:#4E9A06">[    0.011288] </span><span style="color:#C4A000">  node   0: </span>[mem 0x0000000020100000-0x0000000077e1afff]
<span style="color:#4E9A06">[    0.011291] </span><span style="color:#C4A000">  node   0: </span>[mem 0x00000000788eb000-0x00000000794c5fff]
<span style="color:#4E9A06">[    0.011294] </span><span style="color:#C4A000">  node   0: </span>[mem 0x0000000079dc6000-0x0000000079ffffff]
<span style="color:#4E9A06">[    0.011298] </span>Initmem setup node 0 [mem 0x0000000000001000-0x0000000079ffffff]
<span style="color:#4E9A06">[    0.011308] </span><span style="color:#C4A000">On node 0, zone DMA: </span>1 pages in unavailable ranges
<span style="color:#4E9A06">[    0.011312] </span><span style="color:#C4A000">On node 0, zone DMA: </span>1 pages in unavailable ranges
<span style="color:#4E9A06">[    0.011383] </span><span style="color:#C4A000">On node 0, zone DMA: </span>122 pages in unavailable ranges
<span style="color:#4E9A06">[    0.012736] </span><span style="color:#C4A000">On node 0, zone DMA32: </span>256 pages in unavailable ranges
<span style="color:#4E9A06">[    0.012748] </span><span style="color:#C4A000">On node 0, zone DMA32: </span>256 pages in unavailable ranges
<span style="color:#4E9A06">[    0.012823] </span><span style="color:#C4A000">On node 0, zone DMA32: </span>2768 pages in unavailable ranges
<span style="color:#4E9A06">[    0.012885] </span><span style="color:#C4A000">On node 0, zone DMA32: </span>2304 pages in unavailable ranges
<span style="color:#4E9A06">[    0.013516] </span><span style="color:#C4A000">On node 0, zone DMA32: </span>24576 pages in unavailable ranges
<span style="color:#4E9A06">[    0.013525] </span><span style="color:#C4A000">x86/hpet: </span>Will disable the HPET for this platform because it&apos;s not reliable
<span style="color:#4E9A06">[    0.013531] </span>Reserving Intel graphics memory at [mem 0x7b000000-0x7effffff]
<span style="color:#4E9A06">[    0.013674] </span><span style="color:#C4A000">ACPI: </span>PM-Timer IO Port: 0x408
<span style="color:#4E9A06">[    0.013690] </span><span style="color:#C4A000">ACPI: </span>LAPIC_NMI (acpi_id[0x01] high level lint[0x1])
<span style="color:#4E9A06">[    0.013695] </span><span style="color:#C4A000">ACPI: </span>LAPIC_NMI (acpi_id[0x02] high level lint[0x1])
<span style="color:#4E9A06">[    0.013698] </span><span style="color:#C4A000">ACPI: </span>LAPIC_NMI (acpi_id[0x03] high level lint[0x1])
<span style="color:#4E9A06">[    0.013700] </span><span style="color:#C4A000">ACPI: </span>LAPIC_NMI (acpi_id[0x04] high level lint[0x1])
<span style="color:#4E9A06">[    0.013715] </span><span style="color:#C4A000">IOAPIC[0]: </span>apic_id 2, version 32, address 0xfec00000, GSI 0-86
<span style="color:#4E9A06">[    0.013722] </span><span style="color:#C4A000">ACPI: </span>INT_SRC_OVR (bus 0 bus_irq 0 global_irq 2 dfl dfl)
<span style="color:#4E9A06">[    0.013727] </span><span style="color:#C4A000">ACPI: </span>INT_SRC_OVR (bus 0 bus_irq 9 global_irq 9 high level)
<span style="color:#4E9A06">[    0.013735] </span><span style="color:#C4A000">ACPI: </span>Using ACPI (MADT) for SMP configuration information
<span style="color:#4E9A06">[    0.013738] </span><span style="color:#C4A000">ACPI: </span>HPET id: 0x8086a201 base: 0xfed00000
<span style="color:#4E9A06">[    0.013758] </span><span style="color:#C4A000">e820: </span>update [mem 0x763cc000-0x76446fff] usable ==&gt; reserved
<span style="color:#4E9A06">[    0.013782] </span>TSC deadline timer available
<span style="color:#4E9A06">[    0.013785] </span><span style="color:#C4A000">smpboot: </span>Allowing 4 CPUs, 2 hotplug CPUs
<span style="color:#4E9A06">[    0.013837] </span><span style="color:#C4A000">PM: </span>hibernation: Registered nosave memory: [mem 0x00000000-0x00000fff]
<span style="color:#4E9A06">[    0.013843] </span><span style="color:#C4A000">PM: </span>hibernation: Registered nosave memory: [mem 0x0006f000-0x0006ffff]
<span style="color:#4E9A06">[    0.013848] </span><span style="color:#C4A000">PM: </span>hibernation: Registered nosave memory: [mem 0x00086000-0x0009ffff]
<span style="color:#4E9A06">[    0.013851] </span><span style="color:#C4A000">PM: </span>hibernation: Registered nosave memory: [mem 0x000a0000-0x000fffff]
<span style="color:#4E9A06">[    0.013855] </span><span style="color:#C4A000">PM: </span>hibernation: Registered nosave memory: [mem 0x1f000000-0x1f0fffff]
<span style="color:#4E9A06">[    0.013860] </span><span style="color:#C4A000">PM: </span>hibernation: Registered nosave memory: [mem 0x20000000-0x200fffff]
<span style="color:#4E9A06">[    0.013865] </span><span style="color:#C4A000">PM: </span>hibernation: Registered nosave memory: [mem 0x763cc000-0x76446fff]
<span style="color:#4E9A06">[    0.013871] </span><span style="color:#C4A000">PM: </span>hibernation: Registered nosave memory: [mem 0x77e1b000-0x77eaafff]
<span style="color:#4E9A06">[    0.013873] </span><span style="color:#C4A000">PM: </span>hibernation: Registered nosave memory: [mem 0x77eab000-0x787aafff]
<span style="color:#4E9A06">[    0.013875] </span><span style="color:#C4A000">PM: </span>hibernation: Registered nosave memory: [mem 0x787ab000-0x788aafff]
<span style="color:#4E9A06">[    0.013878] </span><span style="color:#C4A000">PM: </span>hibernation: Registered nosave memory: [mem 0x788ab000-0x788eafff]
<span style="color:#4E9A06">[    0.013883] </span><span style="color:#C4A000">PM: </span>hibernation: Registered nosave memory: [mem 0x794c6000-0x79dc5fff]
<span style="color:#4E9A06">[    0.013887] </span>[mem 0x7f000000-0xe00f7fff] available for PCI devices
<span style="color:#4E9A06">[    0.013890] </span>Booting paravirtualized kernel on bare hardware
<span style="color:#4E9A06">[    0.013895] </span><span style="color:#C4A000">clocksource: </span>refined-jiffies: mask: 0xffffffff max_cycles: 0xffffffff, max_idle_ns: 7645519600211568 ns
<span style="color:#4E9A06">[    0.022019] </span><span style="color:#C4A000">setup_percpu: </span>NR_CPUS:8192 nr_cpumask_bits:4 nr_cpu_ids:4 nr_node_ids:1
<span style="color:#4E9A06">[    0.022917] </span><span style="color:#C4A000">percpu: </span>Embedded 61 pages/cpu s212992 r8192 d28672 u524288
<span style="color:#4E9A06">[    0.022938] </span><span style="color:#C4A000">pcpu-alloc: </span>s212992 r8192 d28672 u524288 alloc=1*2097152
<span style="color:#4E9A06">[    0.022945] </span><span style="color:#C4A000">pcpu-alloc: </span>[0] 0 1 2 3 
<span style="color:#4E9A06">[    0.023025] </span><span style="color:#C4A000">Fallback order for Node 0: </span>0 
<span style="color:#4E9A06">[    0.023033] </span><span style="color:#C4A000">Built 1 zonelists, mobility grouping on.  Total pages: </span>486064
<span style="color:#4E9A06">[    0.023036] </span><span style="color:#C4A000">Policy zone: </span>DMA32
<span style="color:#4E9A06">[    0.023039] </span><span style="color:#C4A000">Kernel command line: </span>BOOT_IMAGE=/casper/vmlinuz boot=live live-config live-media-path=/casper quiet splash nomodeset --
<span style="color:#4E9A06">[    0.023213] </span><b>Booted with the nomodeset parameter. Only the system framebuffer will be available</b>
<span style="color:#4E9A06">[    0.023222] </span>Unknown kernel command line parameters &quot;live-config splash BOOT_IMAGE=/casper/vmlinuz boot=live live-media-path=/casper&quot;, will be passed to user space.
<span style="color:#4E9A06">[    0.023269] </span><span style="color:#C4A000">random: </span>crng init done
<span style="color:#4E9A06">[    0.023878] </span><span style="color:#C4A000">Dentry cache hash table entries: </span>262144 (order: 9, 2097152 bytes, linear)
<span style="color:#4E9A06">[    0.024239] </span><span style="color:#C4A000">Inode-cache hash table entries: </span>131072 (order: 8, 1048576 bytes, linear)
<span style="color:#4E9A06">[    0.024314] </span><span style="color:#C4A000">mem auto-init: </span>stack:all(zero), heap alloc:on, heap free:off
<span style="color:#4E9A06">[    0.034313] </span><span style="color:#C4A000">Memory: </span>260860K/1976016K available (14342K kernel code, 2329K rwdata, 9128K rodata, 2776K init, 17416K bss, 217188K reserved, 0K cma-reserved)
<span style="color:#4E9A06">[    0.034732] </span><span style="color:#C4A000">SLUB: </span>HWalign=64, Order=0-3, MinObjects=0, CPUs=4, Nodes=1
<span style="color:#4E9A06">[    0.034768] </span><span style="color:#C4A000">Kernel/User page tables isolation: </span>enabled
<span style="color:#4E9A06">[    0.034846] </span><span style="color:#C4A000">ftrace: </span>allocating 40111 entries in 157 pages
<span style="color:#4E9A06">[    0.044036] </span><span style="color:#C4A000">ftrace: </span>allocated 157 pages with 5 groups
<span style="color:#4E9A06">[    0.045072] </span><span style="color:#C4A000">Dynamic Preempt: </span>voluntary
<span style="color:#4E9A06">[    0.045144] </span><span style="color:#C4A000">rcu: </span>Preemptible hierarchical RCU implementation.
<span style="color:#4E9A06">[    0.045146] </span><span style="color:#C4A000">rcu: </span>	RCU restricting CPUs from NR_CPUS=8192 to nr_cpu_ids=4.
<span style="color:#4E9A06">[    0.045150] </span>	Trampoline variant of Tasks RCU enabled.
<span style="color:#4E9A06">[    0.045152] </span>	Rude variant of Tasks RCU enabled.
<span style="color:#4E9A06">[    0.045153] </span>	Tracing variant of Tasks RCU enabled.
<span style="color:#4E9A06">[    0.045155] </span><span style="color:#C4A000">rcu: </span>RCU calculated value of scheduler-enlistment delay is 25 jiffies.
<span style="color:#4E9A06">[    0.045157] </span><span style="color:#C4A000">rcu: </span>Adjusting geometry for rcu_fanout_leaf=16, nr_cpu_ids=4
<span style="color:#4E9A06">[    0.056562] </span><span style="color:#C4A000">NR_IRQS: </span>524544, nr_irqs: 1024, preallocated irqs: 16
<span style="color:#4E9A06">[    0.056817] </span><span style="color:#C4A000">rcu: </span>srcu_init: Setting srcu_struct sizes based on contention.
<span style="color:#4E9A06">[    0.056926] </span><span style="color:#C4A000">Console: </span>colour dummy device 80x25
<span style="color:#4E9A06">[    0.056968] </span><span style="color:#C4A000">printk: </span>console [tty0] enabled
<span style="color:#4E9A06">[    0.057009] </span><span style="color:#C4A000">ACPI: </span>Core revision 20220331
<span style="color:#4E9A06">[    0.057218] </span><span style="color:#C4A000">APIC: </span>Switch to symmetric I/O mode setup
<span style="color:#4E9A06">[    0.058022] </span><span style="color:#C4A000">clocksource: </span>tsc-early: mask: 0xffffffffffffffff max_cycles: 0x1f3b3266cb4, max_idle_ns: 440795224023 ns
<span style="color:#4E9A06">[    0.058039] </span>Calibrating delay loop (skipped), value calculated using timer frequency.. 4333.33 BogoMIPS (lpj=8666668)
<span style="color:#4E9A06">[    0.058089] </span><span style="color:#C4A000">process: </span>using mwait in idle threads
<span style="color:#4E9A06">[    0.058096] </span><span style="color:#C4A000">Last level iTLB entries: </span>4KB 48, 2MB 0, 4MB 0
<span style="color:#4E9A06">[    0.058099] </span><span style="color:#C4A000">Last level dTLB entries: </span>4KB 128, 2MB 16, 4MB 16, 1GB 0
<span style="color:#4E9A06">[    0.058108] </span><span style="color:#C4A000">Spectre V1 : </span>Mitigation: usercopy/swapgs barriers and __user pointer sanitization
<span style="color:#4E9A06">[    0.058113] </span><span style="color:#C4A000">Spectre V2 : </span>Mitigation: Retpolines
<span style="color:#4E9A06">[    0.058115] </span><span style="color:#C4A000">Spectre V2 : </span>Spectre v2 / SpectreRSB mitigation: Filling RSB on context switch
<span style="color:#4E9A06">[    0.058117] </span><span style="color:#C4A000">Spectre V2 : </span>Spectre v2 / SpectreRSB : Filling RSB on VMEXIT
<span style="color:#4E9A06">[    0.058124] </span><span style="color:#C4A000">MDS: </span>Vulnerable: Clear CPU buffers attempted, no microcode
<span style="color:#4E9A06">[    0.058126] </span><span style="color:#C4A000">MMIO Stale Data: </span>Unknown: No mitigations
<span style="color:#4E9A06">[    0.058132] </span><span style="color:#C4A000">x86/fpu: </span>x87 FPU will use FXSAVE
<span style="color:#4E9A06">[    0.062031] </span><span style="color:#C4A000">Freeing SMP alternatives memory: </span>36K
<span style="color:#4E9A06">[    0.062031] </span><span style="color:#C4A000">pid_max: </span>default: 32768 minimum: 301
<span style="color:#4E9A06">[    0.062031] </span><span style="color:#C4A000">LSM: </span>Security Framework initializing
<span style="color:#4E9A06">[    0.062031] </span><span style="color:#C4A000">landlock: </span>Up and running.
<span style="color:#4E9A06">[    0.062031] </span><span style="color:#C4A000">Yama: </span>disabled by default; enable with sysctl kernel.yama.*
<span style="color:#4E9A06">[    0.062031] </span><span style="color:#C4A000">AppArmor: </span>AppArmor initialized
<span style="color:#4E9A06">[    0.062031] </span>TOMOYO Linux initialized
<span style="color:#4E9A06">[    0.062031] </span>LSM support for eBPF active
<span style="color:#4E9A06">[    0.062031] </span><span style="color:#C4A000">Mount-cache hash table entries: </span>4096 (order: 3, 32768 bytes, linear)
<span style="color:#4E9A06">[    0.062031] </span><span style="color:#C4A000">Mountpoint-cache hash table entries: </span>4096 (order: 3, 32768 bytes, linear)
<span style="color:#4E9A06">[    0.062031] </span><span style="color:#C4A000">smpboot: </span>CPU0: Intel(R) Celeron(R) CPU  N2840  @ 2.16GHz (family: 0x6, model: 0x37, stepping: 0x8)
<span style="color:#4E9A06">[    0.062031] </span><span style="color:#C4A000">cblist_init_generic: </span>Setting adjustable number of callback queues.
<span style="color:#4E9A06">[    0.062031] </span><span style="color:#C4A000">cblist_init_generic: </span>Setting shift to 2 and lim to 1.
<span style="color:#4E9A06">[    0.062031] </span><span style="color:#C4A000">cblist_init_generic: </span>Setting adjustable number of callback queues.
<span style="color:#4E9A06">[    0.062031] </span><span style="color:#C4A000">cblist_init_generic: </span>Setting shift to 2 and lim to 1.
<span style="color:#4E9A06">[    0.062031] </span><span style="color:#C4A000">cblist_init_generic: </span>Setting adjustable number of callback queues.
<span style="color:#4E9A06">[    0.062031] </span><span style="color:#C4A000">cblist_init_generic: </span>Setting shift to 2 and lim to 1.
<span style="color:#4E9A06">[    0.062031] </span><span style="color:#C4A000">Performance Events: </span>PEBS fmt2+, 8-deep LBR, Silvermont events, 8-deep LBR, full-width counters, Intel PMU driver.
<span style="color:#4E9A06">[    0.062031] </span><span style="color:#C4A000">... version: </span>               3
<span style="color:#4E9A06">[    0.062031] </span><span style="color:#C4A000">... bit width: </span>             40
<span style="color:#4E9A06">[    0.062031] </span><span style="color:#C4A000">... generic registers: </span>     2
<span style="color:#4E9A06">[    0.062031] </span><span style="color:#C4A000">... value mask: </span>            000000ffffffffff
<span style="color:#4E9A06">[    0.062031] </span><span style="color:#C4A000">... max period: </span>            0000007fffffffff
<span style="color:#4E9A06">[    0.062031] </span><span style="color:#C4A000">... fixed-purpose events: </span>  3
<span style="color:#4E9A06">[    0.062031] </span><span style="color:#C4A000">... event mask: </span>            0000000700000003
<span style="color:#4E9A06">[    0.062031] </span><span style="color:#C4A000">signal: </span>max sigframe size: 1440
<span style="color:#4E9A06">[    0.062031] </span><span style="color:#C4A000">Estimated ratio of average max frequency by base frequency (times 1024): </span>1220
<span style="color:#4E9A06">[    0.062031] </span><span style="color:#C4A000">rcu: </span>Hierarchical SRCU implementation.
<span style="color:#4E9A06">[    0.062031] </span><span style="color:#C4A000">rcu: </span>	Max phase no-delay instances is 1000.
<span style="color:#4E9A06">[    0.062031] </span><span style="color:#C4A000">NMI watchdog: </span>Enabled. Permanently consumes one hw-PMU counter.
<span style="color:#4E9A06">[    0.062031] </span><span style="color:#C4A000">smp: </span>Bringing up secondary CPUs ...
<span style="color:#4E9A06">[    0.062031] </span><span style="color:#C4A000">x86: </span>Booting SMP configuration:
<span style="color:#4E9A06">[    0.062031] </span><span style="color:#C4A000">.... node  #0, CPUs: </span>     #1
<span style="color:#4E9A06">[    0.062031] </span><span style="color:#C4A000">smp: </span>Brought up 1 node, 2 CPUs
<span style="color:#4E9A06">[    0.062031] </span><span style="color:#C4A000">smpboot: </span>Max logical packages: 2
<span style="color:#4E9A06">[    0.062031] </span><span style="color:#C4A000">smpboot: </span>Total of 2 processors activated (8666.66 BogoMIPS)
<span style="color:#4E9A06">[    0.070997] </span>node 0 deferred pages initialised in 12ms
<span style="color:#4E9A06">[    0.071070] </span><span style="color:#C4A000">devtmpfs: </span>initialized
<span style="color:#4E9A06">[    0.071070] </span><span style="color:#C4A000">x86/mm: </span>Memory block size: 128MB
<span style="color:#4E9A06">[    0.071070] </span><span style="color:#C4A000">ACPI: </span>PM: Registering ACPI NVS region [mem 0x0006f000-0x0006ffff] (4096 bytes)
<span style="color:#4E9A06">[    0.071070] </span><span style="color:#C4A000">ACPI: </span>PM: Registering ACPI NVS region [mem 0x787ab000-0x788aafff] (1048576 bytes)
<span style="color:#4E9A06">[    0.071070] </span><span style="color:#C4A000">ACPI: </span>PM: Registering ACPI NVS region [mem 0x794c6000-0x79dc5fff] (9437184 bytes)
<span style="color:#4E9A06">[    0.074189] </span><span style="color:#C4A000">clocksource: </span>jiffies: mask: 0xffffffff max_cycles: 0xffffffff, max_idle_ns: 7645041785100000 ns
<span style="color:#4E9A06">[    0.074218] </span><span style="color:#C4A000">futex hash table entries: </span>1024 (order: 4, 65536 bytes, linear)
<span style="color:#4E9A06">[    0.074329] </span><span style="color:#C4A000">pinctrl core: </span>initialized pinctrl subsystem
<span style="color:#4E9A06">[    0.076549] </span><span style="color:#C4A000">NET: </span>Registered PF_NETLINK/PF_ROUTE protocol family
<span style="color:#4E9A06">[    0.076920] </span><span style="color:#C4A000">DMA: </span>preallocated 256 KiB GFP_KERNEL pool for atomic allocations
<span style="color:#4E9A06">[    0.077006] </span><span style="color:#C4A000">DMA: </span>preallocated 256 KiB GFP_KERNEL|GFP_DMA pool for atomic allocations
<span style="color:#4E9A06">[    0.077086] </span><span style="color:#C4A000">DMA: </span>preallocated 256 KiB GFP_KERNEL|GFP_DMA32 pool for atomic allocations
<span style="color:#4E9A06">[    0.077125] </span><span style="color:#C4A000">audit: </span>initializing netlink subsys (disabled)
<span style="color:#4E9A06">[    0.077304] </span><span style="color:#C4A000">audit: </span>type=2000 audit(1771072657.016:1): state=initialized audit_enabled=0 res=1
<span style="color:#4E9A06">[    0.077585] </span><span style="color:#C4A000">thermal_sys: </span>Registered thermal governor &apos;fair_share&apos;
<span style="color:#4E9A06">[    0.077590] </span><span style="color:#C4A000">thermal_sys: </span>Registered thermal governor &apos;bang_bang&apos;
<span style="color:#4E9A06">[    0.077593] </span><span style="color:#C4A000">thermal_sys: </span>Registered thermal governor &apos;step_wise&apos;
<span style="color:#4E9A06">[    0.077595] </span><span style="color:#C4A000">thermal_sys: </span>Registered thermal governor &apos;user_space&apos;
<span style="color:#4E9A06">[    0.077597] </span><span style="color:#C4A000">thermal_sys: </span>Registered thermal governor &apos;power_allocator&apos;
<span style="color:#4E9A06">[    0.077631] </span><span style="color:#C4A000">cpuidle: </span>using governor ladder
<span style="color:#4E9A06">[    0.077647] </span><span style="color:#C4A000">cpuidle: </span>using governor menu
<span style="color:#4E9A06">[    0.077761] </span><span style="color:#C4A000">acpiphp: </span>ACPI Hot Plug PCI Controller Driver version: 0.5
<span style="color:#4E9A06">[    0.077933] </span><span style="color:#C4A000">PCI: </span>MMCONFIG for domain 0000 [bus 00-3f] at [mem 0xe0000000-0xe3ffffff] (base 0xe0000000)
<span style="color:#4E9A06">[    0.077946] </span><span style="color:#C4A000">PCI: </span>not using MMCONFIG
<span style="color:#4E9A06">[    0.077955] </span><span style="color:#C4A000">PCI: </span>Using configuration type 1 for base access
<span style="color:#4E9A06">[    0.078195] </span><span style="color:#C4A000">ENERGY_PERF_BIAS: </span><b>Set to &apos;normal&apos;, was &apos;performance&apos;</b>
<span style="color:#4E9A06">[    0.080760] </span><span style="color:#C4A000">kprobes: </span>kprobe jump-optimization is enabled. All kprobes are optimized if possible.
<span style="color:#4E9A06">[    0.098078] </span><span style="color:#C4A000">HugeTLB: </span>registered 2.00 MiB page size, pre-allocated 0 pages
<span style="color:#4E9A06">[    0.098086] </span><span style="color:#C4A000">HugeTLB: </span>28 KiB vmemmap can be freed for a 2.00 MiB page
<span style="color:#4E9A06">[    0.102972] </span><span style="color:#C4A000">ACPI: </span>Added _OSI(Module Device)
<span style="color:#4E9A06">[    0.102978] </span><span style="color:#C4A000">ACPI: </span>Added _OSI(Processor Device)
<span style="color:#4E9A06">[    0.102980] </span><span style="color:#C4A000">ACPI: </span>Added _OSI(3.0 _SCP Extensions)
<span style="color:#4E9A06">[    0.102983] </span><span style="color:#C4A000">ACPI: </span>Added _OSI(Processor Aggregator Device)
<span style="color:#4E9A06">[    0.112859] </span><span style="color:#C4A000">ACPI: </span>8 ACPI AML tables successfully acquired and loaded
<span style="color:#4E9A06">[    0.118050] </span><span style="color:#C4A000">ACPI BIOS Error (bug): </span><span style="color:#CC0000">Could not resolve symbol [\_SB._OSC.CDW1], AE_NOT_FOUND (20220331/psargs-330)</span>
<span style="color:#4E9A06">[    0.118050] </span><span style="color:#C4A000">ACPI Error: </span><span style="color:#CC0000">Aborting method \_SB._OSC due to previous error (AE_NOT_FOUND) (20220331/psparse-529)</span>
<span style="color:#4E9A06">[    0.118050] </span><span style="color:#C4A000">ACPI: </span>Dynamic OEM Table Load:
<span style="color:#4E9A06">[    0.118050] </span><span style="color:#C4A000">ACPI: </span>SSDT 0xFFFF99145F177800 000440 (v01 PmRef  Cpu0Ist  00003000 INTL 20130117)
<span style="color:#4E9A06">[    0.119045] </span><span style="color:#C4A000">ACPI: </span>Dynamic OEM Table Load:
<span style="color:#4E9A06">[    0.119058] </span><span style="color:#C4A000">ACPI: </span>SSDT 0xFFFF99145F176000 000433 (v01 PmRef  Cpu0Cst  00003001 INTL 20130117)
<span style="color:#4E9A06">[    0.120725] </span><span style="color:#C4A000">ACPI: </span>Dynamic OEM Table Load:
<span style="color:#4E9A06">[    0.120737] </span><span style="color:#C4A000">ACPI: </span>SSDT 0xFFFF9914B00C3000 00015F (v01 PmRef  ApIst    00003000 INTL 20130117)
<span style="color:#4E9A06">[    0.121904] </span><span style="color:#C4A000">ACPI: </span>Dynamic OEM Table Load:
<span style="color:#4E9A06">[    0.121916] </span><span style="color:#C4A000">ACPI: </span>SSDT 0xFFFF99145F138180 00008D (v01 PmRef  ApCst    00003000 INTL 20130117)
<span style="color:#4E9A06">[    0.123517] </span><span style="color:#C4A000">ACPI: </span>EC: EC started
<span style="color:#4E9A06">[    0.123521] </span><span style="color:#C4A000">ACPI: </span>EC: interrupt blocked
<span style="color:#4E9A06">[    0.123879] </span><span style="color:#C4A000">ACPI: </span>EC: EC_CMD/EC_SC=0x66, EC_DATA=0x62
<span style="color:#4E9A06">[    0.123885] </span><span style="color:#C4A000">ACPI: </span>\_SB_.PCI0.LPCB.EC0_: Boot DSDT EC used to handle transactions
<span style="color:#4E9A06">[    0.123890] </span><span style="color:#C4A000">ACPI: </span>Interpreter enabled
<span style="color:#4E9A06">[    0.123931] </span><span style="color:#C4A000">ACPI: </span>PM: (supports S0 S3 S4 S5)
<span style="color:#4E9A06">[    0.123935] </span><span style="color:#C4A000">ACPI: </span>Using IOAPIC for interrupt routing
<span style="color:#4E9A06">[    0.123998] </span><span style="color:#C4A000">PCI: </span>MMCONFIG for domain 0000 [bus 00-3f] at [mem 0xe0000000-0xe3ffffff] (base 0xe0000000)
<span style="color:#4E9A06">[    0.124777] </span><span style="color:#C4A000">PCI: </span>MMCONFIG at [mem 0xe0000000-0xe3ffffff] reserved in ACPI motherboard resources
<span style="color:#4E9A06">[    0.124803] </span><span style="color:#C4A000">PCI: </span>Using host bridge windows from ACPI; if necessary, use &quot;pci=nocrs&quot; and report a bug
<span style="color:#4E9A06">[    0.124807] </span><span style="color:#C4A000">PCI: </span>Using E820 reservations for host bridge windows
<span style="color:#4E9A06">[    0.125413] </span><span style="color:#C4A000">ACPI: </span>Enabled 6 GPEs in block 00 to 3F
<span style="color:#4E9A06">[    0.130440] </span><span style="color:#C4A000">ACPI: </span>PM: Power Resource [USBC]
<span style="color:#4E9A06">[    0.143456] </span><span style="color:#C4A000">ACPI: </span>PCI Root Bridge [PCI0] (domain 0000 [bus 00-ff])
<span style="color:#4E9A06">[    0.143474] </span><span style="color:#C4A000">acpi PNP0A08:00: </span>_OSC: OS supports [ExtendedConfig ASPM ClockPM Segments MSI HPX-Type3]
<span style="color:#4E9A06">[    0.143705] </span><span style="color:#C4A000">acpi PNP0A08:00: </span>_OSC: OS requested [PCIeHotplug SHPCHotplug PME AER PCIeCapability LTR]
<span style="color:#4E9A06">[    0.143711] </span><span style="color:#C4A000">acpi PNP0A08:00: </span>_OSC: platform willing to grant [PCIeHotplug SHPCHotplug PME AER PCIeCapability LTR]
<span style="color:#4E9A06">[    0.143715] </span><span style="color:#C4A000">acpi PNP0A08:00: </span>_OSC: platform retains control of PCIe features (AE_ERROR)
<span style="color:#4E9A06">[    0.143737] </span><span style="color:#C4A000">acpi PNP0A08:00: </span>[Firmware Info]: MMCONFIG for domain 0000 [bus 00-3f] only partially covers this bridge
<span style="color:#4E9A06">[    0.144513] </span>PCI host bridge to bus 0000:00
<span style="color:#4E9A06">[    0.144519] </span><span style="color:#C4A000">pci_bus 0000:00: </span>root bus resource [io  0x0070-0x0077]
<span style="color:#4E9A06">[    0.144525] </span><span style="color:#C4A000">pci_bus 0000:00: </span>root bus resource [io  0x0000-0x006f window]
<span style="color:#4E9A06">[    0.144530] </span><span style="color:#C4A000">pci_bus 0000:00: </span>root bus resource [io  0x0078-0x0cf7 window]
<span style="color:#4E9A06">[    0.144535] </span><span style="color:#C4A000">pci_bus 0000:00: </span>root bus resource [io  0x0d00-0xffff window]
<span style="color:#4E9A06">[    0.144540] </span><span style="color:#C4A000">pci_bus 0000:00: </span>root bus resource [mem 0x000a0000-0x000fffff window]
<span style="color:#4E9A06">[    0.144544] </span><span style="color:#C4A000">pci_bus 0000:00: </span>root bus resource [mem 0x80000000-0x909ffffe window]
<span style="color:#4E9A06">[    0.144549] </span><span style="color:#C4A000">pci_bus 0000:00: </span>root bus resource [bus 00-ff]
<span style="color:#4E9A06">[    0.144582] </span><span style="color:#C4A000">pci 0000:00:00.0: </span>[8086:0f00] type 00 class 0x060000
<span style="color:#4E9A06">[    0.144782] </span><span style="color:#C4A000">pci 0000:00:02.0: </span>[8086:0f31] type 00 class 0x030000
<span style="color:#4E9A06">[    0.144797] </span><span style="color:#C4A000">pci 0000:00:02.0: </span>reg 0x10: [mem 0x90000000-0x903fffff]
<span style="color:#4E9A06">[    0.144809] </span><span style="color:#C4A000">pci 0000:00:02.0: </span>reg 0x18: [mem 0x80000000-0x8fffffff pref]
<span style="color:#4E9A06">[    0.144822] </span><span style="color:#C4A000">pci 0000:00:02.0: </span>reg 0x20: [io  0x2050-0x2057]
<span style="color:#4E9A06">[    0.144844] </span><span style="color:#C4A000">pci 0000:00:02.0: </span>BAR 2: assigned to efifb
<span style="color:#4E9A06">[    0.144851] </span><span style="color:#C4A000">pci 0000:00:02.0: </span>Video device with shadowed ROM at [mem 0x000c0000-0x000dffff]
<span style="color:#4E9A06">[    0.145056] </span><span style="color:#C4A000">pci 0000:00:14.0: </span>[8086:0f35] type 00 class 0x0c0330
<span style="color:#4E9A06">[    0.145076] </span><span style="color:#C4A000">pci 0000:00:14.0: </span>reg 0x10: [mem 0x90900000-0x9090ffff 64bit]
<span style="color:#4E9A06">[    0.145140] </span><span style="color:#C4A000">pci 0000:00:14.0: </span>PME# supported from D3hot D3cold
<span style="color:#4E9A06">[    0.145346] </span><span style="color:#C4A000">pci 0000:00:1a.0: </span>[8086:0f18] type 00 class 0x108000
<span style="color:#4E9A06">[    0.145373] </span><span style="color:#C4A000">pci 0000:00:1a.0: </span>reg 0x10: [mem 0x90800000-0x908fffff]
<span style="color:#4E9A06">[    0.145389] </span><span style="color:#C4A000">pci 0000:00:1a.0: </span>reg 0x14: [mem 0x90700000-0x907fffff]
<span style="color:#4E9A06">[    0.145498] </span><span style="color:#C4A000">pci 0000:00:1a.0: </span>PME# supported from D0 D3hot
<span style="color:#4E9A06">[    0.145670] </span><span style="color:#C4A000">pci 0000:00:1b.0: </span>[8086:0f04] type 00 class 0x040300
<span style="color:#4E9A06">[    0.145694] </span><span style="color:#C4A000">pci 0000:00:1b.0: </span>reg 0x10: [mem 0x90910000-0x90913fff 64bit]
<span style="color:#4E9A06">[    0.145769] </span><span style="color:#C4A000">pci 0000:00:1b.0: </span>PME# supported from D0 D3hot D3cold
<span style="color:#4E9A06">[    0.145931] </span><span style="color:#C4A000">pci 0000:00:1c.0: </span>[8086:0f48] type 01 class 0x060400
<span style="color:#4E9A06">[    0.146006] </span><span style="color:#C4A000">pci 0000:00:1c.0: </span>PME# supported from D0 D3hot D3cold
<span style="color:#4E9A06">[    0.146196] </span><span style="color:#C4A000">pci 0000:00:1c.1: </span>[8086:0f4a] type 01 class 0x060400
<span style="color:#4E9A06">[    0.146272] </span><span style="color:#C4A000">pci 0000:00:1c.1: </span>PME# supported from D0 D3hot D3cold
<span style="color:#4E9A06">[    0.146441] </span><span style="color:#C4A000">pci 0000:00:1c.2: </span>[8086:0f4c] type 01 class 0x060400
<span style="color:#4E9A06">[    0.146516] </span><span style="color:#C4A000">pci 0000:00:1c.2: </span>PME# supported from D0 D3hot D3cold
<span style="color:#4E9A06">[    0.146691] </span><span style="color:#C4A000">pci 0000:00:1f.0: </span>[8086:0f1c] type 00 class 0x060100
<span style="color:#4E9A06">[    0.146936] </span><span style="color:#C4A000">pci 0000:00:1f.3: </span>[8086:0f12] type 00 class 0x0c0500
<span style="color:#4E9A06">[    0.146974] </span><span style="color:#C4A000">pci 0000:00:1f.3: </span>reg 0x10: [mem 0x90918000-0x9091801f]
<span style="color:#4E9A06">[    0.147046] </span><span style="color:#C4A000">pci 0000:00:1f.3: </span>reg 0x20: [io  0x2000-0x201f]
<span style="color:#4E9A06">[    0.147372] </span><span style="color:#C4A000">pci 0000:00:1c.0: </span>PCI bridge to [bus 01]
<span style="color:#4E9A06">[    0.147530] </span><span style="color:#C4A000">pci 0000:02:00.0: </span>[8086:08b2] type 00 class 0x028000
<span style="color:#4E9A06">[    0.147584] </span><span style="color:#C4A000">pci 0000:02:00.0: </span>reg 0x10: [mem 0x90600000-0x90601fff 64bit]
<span style="color:#4E9A06">[    0.147822] </span><span style="color:#C4A000">pci 0000:02:00.0: </span>PME# supported from D0 D3hot D3cold
<span style="color:#4E9A06">[    0.148196] </span><span style="color:#C4A000">pci 0000:00:1c.1: </span>PCI bridge to [bus 02]
<span style="color:#4E9A06">[    0.148205] </span><span style="color:#C4A000">pci 0000:00:1c.1: </span>  bridge window [mem 0x90600000-0x906fffff]
<span style="color:#4E9A06">[    0.148307] </span><span style="color:#C4A000">pci 0000:03:00.0: </span>[10ec:8168] type 00 class 0x020000
<span style="color:#4E9A06">[    0.148332] </span><span style="color:#C4A000">pci 0000:03:00.0: </span>reg 0x10: [io  0x1000-0x10ff]
<span style="color:#4E9A06">[    0.148362] </span><span style="color:#C4A000">pci 0000:03:00.0: </span>reg 0x18: [mem 0x90500000-0x90500fff 64bit]
<span style="color:#4E9A06">[    0.148381] </span><span style="color:#C4A000">pci 0000:03:00.0: </span>reg 0x20: [mem 0x90400000-0x90403fff 64bit pref]
<span style="color:#4E9A06">[    0.148491] </span><span style="color:#C4A000">pci 0000:03:00.0: </span>supports D1 D2
<span style="color:#4E9A06">[    0.148496] </span><span style="color:#C4A000">pci 0000:03:00.0: </span>PME# supported from D0 D1 D2 D3hot D3cold
<span style="color:#4E9A06">[    0.148746] </span><span style="color:#C4A000">pci 0000:00:1c.2: </span>PCI bridge to [bus 03]
<span style="color:#4E9A06">[    0.148754] </span><span style="color:#C4A000">pci 0000:00:1c.2: </span>  bridge window [io  0x1000-0x1fff]
<span style="color:#4E9A06">[    0.148760] </span><span style="color:#C4A000">pci 0000:00:1c.2: </span>  bridge window [mem 0x90500000-0x905fffff]
<span style="color:#4E9A06">[    0.148766] </span><span style="color:#C4A000">pci 0000:00:1c.2: </span>  bridge window [mem 0x90400000-0x904fffff 64bit pref]
<span style="color:#4E9A06">[    0.149892] </span><span style="color:#C4A000">ACPI: </span>PCI: Interrupt link LNKA configured for IRQ 0
<span style="color:#4E9A06">[    0.149898] </span><span style="color:#C4A000">ACPI: </span>PCI: Interrupt link LNKA disabled
<span style="color:#4E9A06">[    0.150027] </span><span style="color:#C4A000">ACPI: </span>PCI: Interrupt link LNKB configured for IRQ 0
<span style="color:#4E9A06">[    0.150031] </span><span style="color:#C4A000">ACPI: </span>PCI: Interrupt link LNKB disabled
<span style="color:#4E9A06">[    0.150162] </span><span style="color:#C4A000">ACPI: </span>PCI: Interrupt link LNKC configured for IRQ 0
<span style="color:#4E9A06">[    0.150167] </span><span style="color:#C4A000">ACPI: </span>PCI: Interrupt link LNKC disabled
<span style="color:#4E9A06">[    0.150295] </span><span style="color:#C4A000">ACPI: </span>PCI: Interrupt link LNKD configured for IRQ 0
<span style="color:#4E9A06">[    0.150299] </span><span style="color:#C4A000">ACPI: </span>PCI: Interrupt link LNKD disabled
<span style="color:#4E9A06">[    0.150427] </span><span style="color:#C4A000">ACPI: </span>PCI: Interrupt link LNKE configured for IRQ 0
<span style="color:#4E9A06">[    0.150432] </span><span style="color:#C4A000">ACPI: </span>PCI: Interrupt link LNKE disabled
<span style="color:#4E9A06">[    0.150560] </span><span style="color:#C4A000">ACPI: </span>PCI: Interrupt link LNKF configured for IRQ 0
<span style="color:#4E9A06">[    0.150564] </span><span style="color:#C4A000">ACPI: </span>PCI: Interrupt link LNKF disabled
<span style="color:#4E9A06">[    0.150692] </span><span style="color:#C4A000">ACPI: </span>PCI: Interrupt link LNKG configured for IRQ 0
<span style="color:#4E9A06">[    0.150697] </span><span style="color:#C4A000">ACPI: </span>PCI: Interrupt link LNKG disabled
<span style="color:#4E9A06">[    0.150829] </span><span style="color:#C4A000">ACPI: </span>PCI: Interrupt link LNKH configured for IRQ 0
<span style="color:#4E9A06">[    0.150834] </span><span style="color:#C4A000">ACPI: </span>PCI: Interrupt link LNKH disabled
<span style="color:#4E9A06">[    0.151957] </span><span style="color:#C4A000">byt_gpio INT33FC:00: </span><b>[Firmware Bug]: pin 94: direct_irq_en set without trigger (conf0: 2803cc00h), clearing</b>
<span style="color:#4E9A06">[    0.154687] </span><span style="color:#C4A000">byt_gpio INT33FC:02: </span><b>[Firmware Bug]: pin 1: direct_irq_en set without trigger (conf0: 2803cc00h), clearing</b>
<span style="color:#4E9A06">[    0.154687] </span><span style="color:#C4A000">byt_gpio INT33FC:02: </span><b>[Firmware Bug]: pin 3: direct_irq_en set without trigger (conf0: 2803cc00h), clearing</b>
<span style="color:#4E9A06">[    0.154711] </span><span style="color:#C4A000">byt_gpio INT33FC:02: </span><b>[Firmware Bug]: pin 6: direct_irq_en set without trigger (conf0: 2803cc00h), clearing</b>
<span style="color:#4E9A06">[    0.154772] </span><span style="color:#C4A000">byt_gpio INT33FC:02: </span><b>[Firmware Bug]: pin 17: direct_irq_en set without trigger (conf0: 2803cc01h), clearing</b>
<span style="color:#4E9A06">[    0.154825] </span><span style="color:#C4A000">byt_gpio INT33FC:02: </span><b>[Firmware Bug]: pin 27: direct_irq_en set without trigger (conf0: 2803cc00h), clearing</b>
<span style="color:#4E9A06">[    0.156751] </span><span style="color:#C4A000">ACPI: </span>EC: interrupt unblocked
<span style="color:#4E9A06">[    0.156757] </span><span style="color:#C4A000">ACPI: </span>EC: event unblocked
<span style="color:#4E9A06">[    0.156763] </span><span style="color:#C4A000">ACPI: </span>EC: EC_CMD/EC_SC=0x66, EC_DATA=0x62
<span style="color:#4E9A06">[    0.156767] </span><span style="color:#C4A000">ACPI: </span>EC: GPE=0x18
<span style="color:#4E9A06">[    0.156771] </span><span style="color:#C4A000">ACPI: </span>\_SB_.PCI0.LPCB.EC0_: Boot DSDT EC initialization complete
<span style="color:#4E9A06">[    0.156776] </span><span style="color:#C4A000">ACPI: </span>\_SB_.PCI0.LPCB.EC0_: EC: Used to handle transactions and events
<span style="color:#4E9A06">[    0.158048] </span><span style="color:#C4A000">iommu: </span>Default domain type: Translated 
<span style="color:#4E9A06">[    0.158048] </span><span style="color:#C4A000">iommu: </span>DMA domain TLB invalidation policy: lazy mode 
<span style="color:#4E9A06">[    0.183235] </span><span style="color:#C4A000">pps_core: </span>LinuxPPS API ver. 1 registered
<span style="color:#4E9A06">[    0.183242] </span><span style="color:#C4A000">pps_core: </span>Software ver. 5.3.6 - Copyright 2005-2007 Rodolfo Giometti &lt;giometti@linux.it&gt;
<span style="color:#4E9A06">[    0.183251] </span>PTP clock support registered
<span style="color:#4E9A06">[    0.183279] </span><span style="color:#C4A000">EDAC MC: </span>Ver: 3.0.0
<span style="color:#4E9A06">[    0.186046] </span>Registered efivars operations
<span style="color:#4E9A06">[    0.186046] </span><span style="color:#C4A000">NetLabel: </span>Initializing
<span style="color:#4E9A06">[    0.186046] </span><span style="color:#C4A000">NetLabel: </span> domain hash size = 128
<span style="color:#4E9A06">[    0.186046] </span><span style="color:#C4A000">NetLabel: </span> protocols = UNLABELED CIPSOv4 CALIPSO
<span style="color:#4E9A06">[    0.186046] </span><span style="color:#C4A000">NetLabel: </span> unlabeled traffic allowed by default
<span style="color:#4E9A06">[    0.186046] </span><span style="color:#C4A000">PCI: </span>Using ACPI for IRQ routing
<span style="color:#4E9A06">[    0.186046] </span><span style="color:#C4A000">PCI: </span>pci_cache_line_size set to 64 bytes
<span style="color:#4E9A06">[    0.186046] </span><span style="color:#C4A000">e820: </span>reserve RAM buffer [mem 0x0006f000-0x0006ffff]
<span style="color:#4E9A06">[    0.186046] </span><span style="color:#C4A000">e820: </span>reserve RAM buffer [mem 0x00086000-0x0008ffff]
<span style="color:#4E9A06">[    0.186046] </span><span style="color:#C4A000">e820: </span>reserve RAM buffer [mem 0x1f000000-0x1fffffff]
<span style="color:#4E9A06">[    0.186046] </span><span style="color:#C4A000">e820: </span>reserve RAM buffer [mem 0x763cc000-0x77ffffff]
<span style="color:#4E9A06">[    0.186046] </span><span style="color:#C4A000">e820: </span>reserve RAM buffer [mem 0x77e1b000-0x77ffffff]
<span style="color:#4E9A06">[    0.186046] </span><span style="color:#C4A000">e820: </span>reserve RAM buffer [mem 0x794c6000-0x7bffffff]
<span style="color:#4E9A06">[    0.186046] </span><span style="color:#C4A000">e820: </span>reserve RAM buffer [mem 0x7a000000-0x7bffffff]
<span style="color:#4E9A06">[    0.186060] </span><span style="color:#C4A000">pci 0000:00:02.0: </span>vgaarb: setting as boot VGA device
<span style="color:#4E9A06">[    0.186060] </span><span style="color:#C4A000">pci 0000:00:02.0: </span>vgaarb: bridge control possible
<span style="color:#4E9A06">[    0.186060] </span><span style="color:#C4A000">pci 0000:00:02.0: </span>vgaarb: VGA device added: decodes=io+mem,owns=io+mem,locks=none
<span style="color:#4E9A06">[    0.186066] </span><span style="color:#C4A000">vgaarb: </span>loaded
<span style="color:#4E9A06">[    0.186226] </span><span style="color:#C4A000">clocksource: </span>Switched to clocksource tsc-early
<span style="color:#4E9A06">[    0.214773] </span><span style="color:#C4A000">VFS: </span>Disk quotas dquot_6.6.0
<span style="color:#4E9A06">[    0.214813] </span><span style="color:#C4A000">VFS: </span>Dquot-cache hash table entries: 512 (order 0, 4096 bytes)
<span style="color:#4E9A06">[    0.215173] </span><span style="color:#C4A000">AppArmor: </span>AppArmor Filesystem Enabled
<span style="color:#4E9A06">[    0.215232] </span><span style="color:#C4A000">pnp: </span>PnP ACPI init
<span style="color:#4E9A06">[    0.215509] </span><span style="color:#C4A000">system 00:01: </span>[io  0x0680-0x069f] has been reserved
<span style="color:#4E9A06">[    0.215517] </span><span style="color:#C4A000">system 00:01: </span>[io  0x0400-0x047f] has been reserved
<span style="color:#4E9A06">[    0.215522] </span><span style="color:#C4A000">system 00:01: </span>[io  0x0500-0x05fe] has been reserved
<span style="color:#4E9A06">[    0.215527] </span><span style="color:#C4A000">system 00:01: </span>[io  0x0600-0x061f] has been reserved
<span style="color:#4E9A06">[    0.215536] </span><span style="color:#C4A000">system 00:01: </span>[mem 0xfed40000-0xfed44fff] has been reserved
<span style="color:#4E9A06">[    0.216324] </span><span style="color:#C4A000">system 00:04: </span>[mem 0xe0000000-0xefffffff] could not be reserved
<span style="color:#4E9A06">[    0.216334] </span><span style="color:#C4A000">system 00:04: </span>[mem 0xfed01000-0xfed01fff] has been reserved
<span style="color:#4E9A06">[    0.216340] </span><span style="color:#C4A000">system 00:04: </span>[mem 0xfed03000-0xfed03fff] has been reserved
<span style="color:#4E9A06">[    0.216345] </span><span style="color:#C4A000">system 00:04: </span>[mem 0xfed04000-0xfed04fff] has been reserved
<span style="color:#4E9A06">[    0.216351] </span><span style="color:#C4A000">system 00:04: </span>[mem 0xfed0c000-0xfed0ffff] could not be reserved
<span style="color:#4E9A06">[    0.216356] </span><span style="color:#C4A000">system 00:04: </span>[mem 0xfed08000-0xfed08fff] has been reserved
<span style="color:#4E9A06">[    0.216362] </span><span style="color:#C4A000">system 00:04: </span>[mem 0xfed1c000-0xfed1cfff] has been reserved
<span style="color:#4E9A06">[    0.216367] </span><span style="color:#C4A000">system 00:04: </span>[mem 0xfee00000-0xfeefffff] has been reserved
<span style="color:#4E9A06">[    0.216372] </span><span style="color:#C4A000">system 00:04: </span>[mem 0xfef00000-0xfeffffff] has been reserved
<span style="color:#4E9A06">[    0.218185] </span><span style="color:#C4A000">pnp: </span>PnP ACPI: found 5 devices
<span style="color:#4E9A06">[    0.227498] </span><span style="color:#C4A000">clocksource: </span>acpi_pm: mask: 0xffffff max_cycles: 0xffffff, max_idle_ns: 2085701024 ns
<span style="color:#4E9A06">[    0.227665] </span><span style="color:#C4A000">NET: </span>Registered PF_INET protocol family
<span style="color:#4E9A06">[    0.227802] </span><span style="color:#C4A000">IP idents hash table entries: </span>32768 (order: 6, 262144 bytes, linear)
<span style="color:#4E9A06">[    0.229616] </span><span style="color:#C4A000">tcp_listen_portaddr_hash hash table entries: </span>1024 (order: 2, 16384 bytes, linear)
<span style="color:#4E9A06">[    0.229703] </span><span style="color:#C4A000">Table-perturb hash table entries: </span>65536 (order: 6, 262144 bytes, linear)
<span style="color:#4E9A06">[    0.229745] </span><span style="color:#C4A000">TCP established hash table entries: </span>16384 (order: 5, 131072 bytes, linear)
<span style="color:#4E9A06">[    0.229925] </span><span style="color:#C4A000">TCP bind hash table entries: </span>16384 (order: 7, 524288 bytes, linear)
<span style="color:#4E9A06">[    0.230064] </span><span style="color:#C4A000">TCP: </span>Hash tables configured (established 16384 bind 16384)
<span style="color:#4E9A06">[    0.230255] </span><span style="color:#C4A000">MPTCP token hash table entries: </span>2048 (order: 3, 49152 bytes, linear)
<span style="color:#4E9A06">[    0.230313] </span><span style="color:#C4A000">UDP hash table entries: </span>1024 (order: 3, 32768 bytes, linear)
<span style="color:#4E9A06">[    0.230344] </span><span style="color:#C4A000">UDP-Lite hash table entries: </span>1024 (order: 3, 32768 bytes, linear)
<span style="color:#4E9A06">[    0.230452] </span><span style="color:#C4A000">NET: </span>Registered PF_UNIX/PF_LOCAL protocol family
<span style="color:#4E9A06">[    0.230471] </span><span style="color:#C4A000">NET: </span>Registered PF_XDP protocol family
<span style="color:#4E9A06">[    0.230489] </span><span style="color:#C4A000">pci 0000:00:1c.0: </span>bridge window [io  0x1000-0x0fff] to [bus 01] add_size 1000
<span style="color:#4E9A06">[    0.230499] </span><span style="color:#C4A000">pci 0000:00:1c.0: </span>bridge window [mem 0x00100000-0x000fffff 64bit pref] to [bus 01] add_size 200000 add_align 100000
<span style="color:#4E9A06">[    0.230506] </span><span style="color:#C4A000">pci 0000:00:1c.0: </span>bridge window [mem 0x00100000-0x000fffff] to [bus 01] add_size 200000 add_align 100000
<span style="color:#4E9A06">[    0.230513] </span><span style="color:#C4A000">pci 0000:00:1c.1: </span>bridge window [io  0x1000-0x0fff] to [bus 02] add_size 1000
<span style="color:#4E9A06">[    0.230519] </span><span style="color:#C4A000">pci 0000:00:1c.1: </span>bridge window [mem 0x00100000-0x000fffff 64bit pref] to [bus 02] add_size 200000 add_align 100000
<span style="color:#4E9A06">[    0.230539] </span><span style="color:#C4A000">pci 0000:00:1c.0: </span>BAR 14: no space for [mem size 0x00200000]
<span style="color:#4E9A06">[    0.230545] </span><span style="color:#C4A000">pci 0000:00:1c.0: </span>BAR 14: failed to assign [mem size 0x00200000]
<span style="color:#4E9A06">[    0.230554] </span><span style="color:#C4A000">pci 0000:00:1c.0: </span>BAR 15: no space for [mem size 0x00200000 64bit pref]
<span style="color:#4E9A06">[    0.230560] </span><span style="color:#C4A000">pci 0000:00:1c.0: </span>BAR 15: failed to assign [mem size 0x00200000 64bit pref]
<span style="color:#4E9A06">[    0.230568] </span><span style="color:#C4A000">pci 0000:00:1c.1: </span>BAR 15: no space for [mem size 0x00200000 64bit pref]
<span style="color:#4E9A06">[    0.230573] </span><span style="color:#C4A000">pci 0000:00:1c.1: </span>BAR 15: failed to assign [mem size 0x00200000 64bit pref]
<span style="color:#4E9A06">[    0.230582] </span><span style="color:#C4A000">pci 0000:00:1c.0: </span>BAR 13: assigned [io  0x3000-0x3fff]
<span style="color:#4E9A06">[    0.230588] </span><span style="color:#C4A000">pci 0000:00:1c.1: </span>BAR 13: assigned [io  0x4000-0x4fff]
<span style="color:#4E9A06">[    0.230599] </span><span style="color:#C4A000">pci 0000:00:1c.1: </span>BAR 15: no space for [mem size 0x00200000 64bit pref]
<span style="color:#4E9A06">[    0.230604] </span><span style="color:#C4A000">pci 0000:00:1c.1: </span>BAR 15: failed to assign [mem size 0x00200000 64bit pref]
<span style="color:#4E9A06">[    0.230610] </span><span style="color:#C4A000">pci 0000:00:1c.0: </span>BAR 14: no space for [mem size 0x00200000]
<span style="color:#4E9A06">[    0.230615] </span><span style="color:#C4A000">pci 0000:00:1c.0: </span>BAR 14: failed to assign [mem size 0x00200000]
<span style="color:#4E9A06">[    0.230623] </span><span style="color:#C4A000">pci 0000:00:1c.0: </span>BAR 15: no space for [mem size 0x00200000 64bit pref]
<span style="color:#4E9A06">[    0.230627] </span><span style="color:#C4A000">pci 0000:00:1c.0: </span>BAR 15: failed to assign [mem size 0x00200000 64bit pref]
<span style="color:#4E9A06">[    0.230634] </span><span style="color:#C4A000">pci 0000:00:1c.0: </span>PCI bridge to [bus 01]
<span style="color:#4E9A06">[    0.230640] </span><span style="color:#C4A000">pci 0000:00:1c.0: </span>  bridge window [io  0x3000-0x3fff]
<span style="color:#4E9A06">[    0.230652] </span><span style="color:#C4A000">pci 0000:00:1c.1: </span>PCI bridge to [bus 02]
<span style="color:#4E9A06">[    0.230656] </span><span style="color:#C4A000">pci 0000:00:1c.1: </span>  bridge window [io  0x4000-0x4fff]
<span style="color:#4E9A06">[    0.230663] </span><span style="color:#C4A000">pci 0000:00:1c.1: </span>  bridge window [mem 0x90600000-0x906fffff]
<span style="color:#4E9A06">[    0.230672] </span><span style="color:#C4A000">pci 0000:00:1c.2: </span>PCI bridge to [bus 03]
<span style="color:#4E9A06">[    0.230676] </span><span style="color:#C4A000">pci 0000:00:1c.2: </span>  bridge window [io  0x1000-0x1fff]
<span style="color:#4E9A06">[    0.230682] </span><span style="color:#C4A000">pci 0000:00:1c.2: </span>  bridge window [mem 0x90500000-0x905fffff]
<span style="color:#4E9A06">[    0.230687] </span><span style="color:#C4A000">pci 0000:00:1c.2: </span>  bridge window [mem 0x90400000-0x904fffff 64bit pref]
<span style="color:#4E9A06">[    0.230695] </span><span style="color:#C4A000">pci_bus 0000:00: </span>resource 4 [io  0x0070-0x0077]
<span style="color:#4E9A06">[    0.230700] </span><span style="color:#C4A000">pci_bus 0000:00: </span>resource 5 [io  0x0000-0x006f window]
<span style="color:#4E9A06">[    0.230704] </span><span style="color:#C4A000">pci_bus 0000:00: </span>resource 6 [io  0x0078-0x0cf7 window]
<span style="color:#4E9A06">[    0.230708] </span><span style="color:#C4A000">pci_bus 0000:00: </span>resource 7 [io  0x0d00-0xffff window]
<span style="color:#4E9A06">[    0.230712] </span><span style="color:#C4A000">pci_bus 0000:00: </span>resource 8 [mem 0x000a0000-0x000fffff window]
<span style="color:#4E9A06">[    0.230717] </span><span style="color:#C4A000">pci_bus 0000:00: </span>resource 9 [mem 0x80000000-0x909ffffe window]
<span style="color:#4E9A06">[    0.230721] </span><span style="color:#C4A000">pci_bus 0000:01: </span>resource 0 [io  0x3000-0x3fff]
<span style="color:#4E9A06">[    0.230726] </span><span style="color:#C4A000">pci_bus 0000:02: </span>resource 0 [io  0x4000-0x4fff]
<span style="color:#4E9A06">[    0.230729] </span><span style="color:#C4A000">pci_bus 0000:02: </span>resource 1 [mem 0x90600000-0x906fffff]
<span style="color:#4E9A06">[    0.230734] </span><span style="color:#C4A000">pci_bus 0000:03: </span>resource 0 [io  0x1000-0x1fff]
<span style="color:#4E9A06">[    0.230738] </span><span style="color:#C4A000">pci_bus 0000:03: </span>resource 1 [mem 0x90500000-0x905fffff]
<span style="color:#4E9A06">[    0.230742] </span><span style="color:#C4A000">pci_bus 0000:03: </span>resource 2 [mem 0x90400000-0x904fffff 64bit pref]
<span style="color:#4E9A06">[    0.231281] </span><span style="color:#C4A000">PCI: </span>CLS 64 bytes, default 64
<span style="color:#4E9A06">[    0.231388] </span><span style="color:#C4A000">clocksource: </span>tsc: mask: 0xffffffffffffffff max_cycles: 0x1f3b3266cb4, max_idle_ns: 440795224023 ns
<span style="color:#4E9A06">[    0.231427] </span><span style="color:#C4A000">clocksource: </span>Switched to clocksource tsc
<span style="color:#4E9A06">[    0.231477] </span>Trying to unpack rootfs image as initramfs...
<span style="color:#4E9A06">[    0.232308] </span>Initialise system trusted keyrings
<span style="color:#4E9A06">[    0.232344] </span>Key type blacklist registered
<span style="color:#4E9A06">[    0.232512] </span><span style="color:#C4A000">workingset: </span>timestamp_bits=36 max_order=19 bucket_order=0
<span style="color:#4E9A06">[    0.236250] </span><span style="color:#C4A000">zbud: </span>loaded
<span style="color:#4E9A06">[    0.236878] </span><span style="color:#C4A000">integrity: </span>Platform Keyring initialized
<span style="color:#4E9A06">[    0.236895] </span><span style="color:#C4A000">integrity: </span>Machine keyring initialized
<span style="color:#4E9A06">[    0.236900] </span>Key type asymmetric registered
<span style="color:#4E9A06">[    0.236904] </span>Asymmetric key parser &apos;x509&apos; registered
<span style="color:#4E9A06">[    0.365316] </span><span style="color:#C4A000">Freeing initrd memory: </span>81956K
<span style="color:#4E9A06">[    0.367943] </span><span style="color:#C4A000">alg: </span>self-tests for CTR-KDF (hmac(sha256)) passed
<span style="color:#4E9A06">[    0.368006] </span>Block layer SCSI generic (bsg) driver version 0.4 loaded (major 248)
<span style="color:#4E9A06">[    0.368108] </span>io scheduler mq-deadline registered
<span style="color:#4E9A06">[    0.371307] </span><span style="color:#C4A000">shpchp: </span>Standard Hot Plug PCI Controller Driver version: 0.4
<span style="color:#4E9A06">[    0.374458] </span><span style="color:#C4A000">thermal LNXTHERM:00: </span>registered as thermal_zone0
<span style="color:#4E9A06">[    0.374466] </span><span style="color:#C4A000">ACPI: </span>thermal: Thermal Zone [TZ01] (29 C)
<span style="color:#4E9A06">[    0.374869] </span><span style="color:#C4A000">Serial: </span>8250/16550 driver, 4 ports, IRQ sharing enabled
<span style="color:#4E9A06">[    0.375081] </span><span style="color:#C4A000">serial8250: </span>ttyS0 at I/O 0x3f8 (irq = 4, base_baud = 115200) is a 16550A
<span style="color:#4E9A06">[    0.376486] </span><span style="color:#C4A000">hpet: </span><b>number irqs doesn&apos;t agree with number of timers</b>
<span style="color:#4E9A06">[    0.376539] </span>Linux agpgart interface v0.103
<span style="color:#4E9A06">[    0.376689] </span><span style="color:#C4A000">AMD-Vi: </span>AMD IOMMUv2 functionality not available on this system - This is not a bug.
<span style="color:#4E9A06">[    0.377274] </span><span style="color:#C4A000">i8042: </span>PNP: PS/2 Controller [PNP0303:PS2K,PNP0f13:PS2M] at 0x60,0x64 irq 1,12
<span style="color:#4E9A06">[    0.378392] </span><span style="color:#C4A000">i8042: </span>Detected active multiplexing controller, rev 1.1
<span style="color:#4E9A06">[    0.379051] </span><span style="color:#C4A000">serio: </span>i8042 KBD port at 0x60,0x64 irq 1
<span style="color:#4E9A06">[    0.379066] </span><span style="color:#C4A000">serio: </span>i8042 AUX0 port at 0x60,0x64 irq 12
<span style="color:#4E9A06">[    0.379146] </span><span style="color:#C4A000">serio: </span>i8042 AUX1 port at 0x60,0x64 irq 12
<span style="color:#4E9A06">[    0.379207] </span><span style="color:#C4A000">serio: </span>i8042 AUX2 port at 0x60,0x64 irq 12
<span style="color:#4E9A06">[    0.379267] </span><span style="color:#C4A000">serio: </span>i8042 AUX3 port at 0x60,0x64 irq 12
<span style="color:#4E9A06">[    0.379847] </span><span style="color:#C4A000">mousedev: </span>PS/2 mouse device common for all mice
<span style="color:#4E9A06">[    0.379923] </span><span style="color:#C4A000">rtc_cmos 00:00: </span>RTC can wake from S4
<span style="color:#4E9A06">[    0.380406] </span><span style="color:#C4A000">rtc_cmos 00:00: </span>registered as rtc0
<span style="color:#4E9A06">[    0.380440] </span><span style="color:#C4A000">rtc_cmos 00:00: </span>setting system clock to 2026-02-14T12:37:38 UTC (1771072658)
<span style="color:#4E9A06">[    0.380524] </span><span style="color:#C4A000">rtc_cmos 00:00: </span>alarms up to one month, y3k, 242 bytes nvram
<span style="color:#4E9A06">[    0.380558] </span><span style="color:#C4A000">intel_pstate: </span>Intel P-state driver initializing
<span style="color:#4E9A06">[    0.381083] </span><span style="color:#C4A000">ledtrig-cpu: </span>registered to indicate activity on CPUs
<span style="color:#4E9A06">[    0.381728] </span><span style="color:#C4A000">efifb: </span>probing for efifb
<span style="color:#4E9A06">[    0.381758] </span><span style="color:#C4A000">efifb: </span>framebuffer at 0x80000000, using 4160k, total 4160k
<span style="color:#4E9A06">[    0.381767] </span><span style="color:#C4A000">efifb: </span>mode is 1366x768x32, linelength=5504, pages=1
<span style="color:#4E9A06">[    0.381773] </span><span style="color:#C4A000">efifb: </span>scrolling: redraw
<span style="color:#4E9A06">[    0.381775] </span><span style="color:#C4A000">efifb: </span>Truecolor: size=8:8:8:8, shift=24:16:8:0
<span style="color:#4E9A06">[    0.382127] </span><span style="color:#C4A000">Console: </span>switching to colour frame buffer device 170x48
<span style="color:#4E9A06">[    0.386000] </span><span style="color:#C4A000">fb0: </span>EFI VGA frame buffer device
<span style="color:#4E9A06">[    0.403351] </span><span style="color:#C4A000">input: </span>AT Translated Set 2 keyboard as /devices/platform/i8042/serio0/input/input0
<span style="color:#4E9A06">[    0.415953] </span><span style="color:#C4A000">NET: </span>Registered PF_INET6 protocol family
<span style="color:#4E9A06">[    0.419456] </span>Segment Routing with IPv6
<span style="color:#4E9A06">[    0.419480] </span>In-situ OAM (IOAM) with IPv6
<span style="color:#4E9A06">[    0.419528] </span><span style="color:#C4A000">mip6: </span>Mobile IPv6
<span style="color:#4E9A06">[    0.419538] </span><span style="color:#C4A000">NET: </span>Registered PF_PACKET protocol family
<span style="color:#4E9A06">[    0.419601] </span><span style="color:#C4A000">mpls_gso: </span>MPLS GSO support
<span style="color:#4E9A06">[    0.419923] </span><span style="color:#C4A000">microcode: </span>sig=0x30678, pf=0x8, revision=0x829
<span style="color:#4E9A06">[    0.419938] </span><span style="color:#C4A000">microcode: </span>Microcode Update Driver: v2.2.
<span style="color:#4E9A06">[    0.419949] </span><span style="color:#C4A000">IPI shorthand broadcast: </span>enabled
<span style="color:#4E9A06">[    0.419996] </span><span style="color:#C4A000">sched_clock: </span>Marking stable (418547942, 1184388)-&gt;(454673666, -34941336)
<span style="color:#4E9A06">[    0.420357] </span>registered taskstats version 1
<span style="color:#4E9A06">[    0.420375] </span>Loading compiled-in X.509 certificates
<span style="color:#4E9A06">[    0.471857] </span><span style="color:#C4A000">Loaded X.509 cert &apos;Debian Secure Boot CA: </span>6ccece7e4c6c0d1f6149f3dd27dfcc5cbb419ea1&apos;
<span style="color:#4E9A06">[    0.471900] </span><span style="color:#C4A000">Loaded X.509 cert &apos;Debian Secure Boot Signer 2022 - linux: </span>14011249c2675ea8e5148542202005810584b25f&apos;
<span style="color:#4E9A06">[    0.473099] </span><span style="color:#C4A000">zswap: </span>loaded using pool lzo/zbud
<span style="color:#4E9A06">[    0.474059] </span>Key type .fscrypt registered
<span style="color:#4E9A06">[    0.474065] </span>Key type fscrypt-provisioning registered
<span style="color:#4E9A06">[    0.476066] </span>Key type encrypted registered
<span style="color:#4E9A06">[    0.476076] </span><span style="color:#C4A000">AppArmor: </span>AppArmor sha1 policy hashing enabled
<span style="color:#4E9A06">[    0.478818] </span><span style="color:#C4A000">integrity: </span>Loading X.509 certificate: UEFI:db
<span style="color:#4E9A06">[    0.478899] </span><span style="color:#C4A000">integrity: </span>Loaded X.509 cert &apos;Microsoft Windows Production PCA 2011: a92902398e16c49778cd90f99e4f9ae17c55af53&apos;
<span style="color:#4E9A06">[    0.478903] </span><span style="color:#C4A000">integrity: </span>Loading X.509 certificate: UEFI:db
<span style="color:#4E9A06">[    0.478956] </span><span style="color:#C4A000">integrity: </span>Loaded X.509 cert &apos;Microsoft Corporation UEFI CA 2011: 13adbf4309bd82709c8cd54f316ed522988a1bd4&apos;
<span style="color:#4E9A06">[    0.478960] </span><span style="color:#C4A000">integrity: </span>Loading X.509 certificate: UEFI:db
<span style="color:#4E9A06">[    0.478996] </span><span style="color:#C4A000">integrity: </span>Loaded X.509 cert &apos;Acer: c4f0474ae6b5e67a509d99132f49a4ec13f7ac68&apos;
<span style="color:#4E9A06">[    0.478999] </span><span style="color:#C4A000">integrity: </span>Loading X.509 certificate: UEFI:db
<span style="color:#4E9A06">[    0.479179] </span><span style="color:#C4A000">alg: </span>No test for pkcs1pad(rsa,sha1) (pkcs1pad(rsa-generic,sha1))
<span style="color:#4E9A06">[    0.479624] </span><span style="color:#C4A000">integrity: </span>Loaded X.509 cert &apos;LINPUS: 967f81f2f4f5ac0f24fca5e42982e4ad1e56ddff&apos;
<span style="color:#4E9A06">[    0.479629] </span><span style="color:#C4A000">integrity: </span>Loading X.509 certificate: UEFI:db
<span style="color:#4E9A06">[    0.479662] </span><span style="color:#C4A000">integrity: </span>Loaded X.509 cert &apos;Acer Database: 84f00f5841571abd2cc11a8c26d5c9c8d2b6b0b5&apos;
<span style="color:#4E9A06">[    0.479666] </span><span style="color:#C4A000">integrity: </span>Loading X.509 certificate: UEFI:db
<span style="color:#4E9A06">[    0.480108] </span><span style="color:#C4A000">integrity: </span>Loaded X.509 cert &apos;Quanta NB4: 073d6a4c306ea5b9499e861c7ba55cde&apos;
<span style="color:#4E9A06">[    0.485533] </span><span style="color:#C4A000">ima: </span>No TPM chip found, activating TPM-bypass!
<span style="color:#4E9A06">[    0.485552] </span><span style="color:#C4A000">ima: </span>Allocated hash algorithm: sha256
<span style="color:#4E9A06">[    0.485573] </span><span style="color:#C4A000">ima: </span>No architecture policies found
<span style="color:#4E9A06">[    0.485612] </span><span style="color:#C4A000">evm: </span>Initialising EVM extended attributes:
<span style="color:#4E9A06">[    0.485615] </span><span style="color:#C4A000">evm: </span>security.selinux
<span style="color:#4E9A06">[    0.485617] </span><span style="color:#C4A000">evm: </span>security.SMACK64 (disabled)
<span style="color:#4E9A06">[    0.485619] </span><span style="color:#C4A000">evm: </span>security.SMACK64EXEC (disabled)
<span style="color:#4E9A06">[    0.485621] </span><span style="color:#C4A000">evm: </span>security.SMACK64TRANSMUTE (disabled)
<span style="color:#4E9A06">[    0.485622] </span><span style="color:#C4A000">evm: </span>security.SMACK64MMAP (disabled)
<span style="color:#4E9A06">[    0.485624] </span><span style="color:#C4A000">evm: </span>security.apparmor
<span style="color:#4E9A06">[    0.485625] </span><span style="color:#C4A000">evm: </span>security.ima
<span style="color:#4E9A06">[    0.485627] </span><span style="color:#C4A000">evm: </span>security.capability
<span style="color:#4E9A06">[    0.485629] </span><span style="color:#C4A000">evm: </span>HMAC attrs: 0x1
<span style="color:#4E9A06">[    0.762141] </span><span style="color:#C4A000">Freeing unused decrypted memory: </span>2036K
<span style="color:#4E9A06">[    0.764980] </span><span style="color:#C4A000">Freeing unused kernel image (initmem) memory: </span>2776K
<span style="color:#4E9A06">[    0.765329] </span><span style="color:#C4A000">Write protecting the kernel read-only data: </span>26624k
<span style="color:#4E9A06">[    0.768663] </span><span style="color:#C4A000">Freeing unused kernel image (text/rodata gap) memory: </span>2040K
<span style="color:#4E9A06">[    0.769930] </span><span style="color:#C4A000">Freeing unused kernel image (rodata/data gap) memory: </span>1112K
<span style="color:#4E9A06">[    0.862343] </span><span style="color:#C4A000">x86/mm: </span>Checked W+X mappings: passed, no W+X pages found.
<span style="color:#4E9A06">[    0.862485] </span><span style="color:#C4A000">x86/mm: </span>Checking user space page tables
<span style="color:#4E9A06">[    0.920019] </span><span style="color:#C4A000">x86/mm: </span>Checked W+X mappings: passed, no W+X pages found.
<span style="color:#4E9A06">[    0.920061] </span>Run /init as init process
<span style="color:#4E9A06">[    0.920066] </span>  with arguments:
<span style="color:#4E9A06">[    0.920069] </span>    /init
<span style="color:#4E9A06">[    0.920070] </span>    live-config
<span style="color:#4E9A06">[    0.920072] </span>    splash
<span style="color:#4E9A06">[    0.920074] </span>  with environment:
<span style="color:#4E9A06">[    0.920076] </span>    HOME=/
<span style="color:#4E9A06">[    0.920078] </span>    TERM=linux
<span style="color:#4E9A06">[    0.920079] </span>    BOOT_IMAGE=/casper/vmlinuz
<span style="color:#4E9A06">[    0.920081] </span>    boot=live
<span style="color:#4E9A06">[    0.920083] </span>    live-media-path=/casper
<span style="color:#4E9A06">[    5.735377] </span><span style="color:#C4A000">input: </span>Power Button as /devices/LNXSYSTM:00/LNXSYBUS:00/PNP0C0C:00/input/input6
<span style="color:#4E9A06">[    5.735441] </span><span style="color:#C4A000">ACPI: </span>button: Power Button [PWRB]
<span style="color:#4E9A06">[    5.735537] </span><span style="color:#C4A000">input: </span>Sleep Button as /devices/LNXSYSTM:00/LNXSYBUS:00/PNP0C0E:00/input/input7
<span style="color:#4E9A06">[    5.735589] </span><span style="color:#C4A000">ACPI: </span>button: Sleep Button [SLPB]
<span style="color:#4E9A06">[    5.735696] </span><span style="color:#C4A000">input: </span>Lid Switch as /devices/LNXSYSTM:00/LNXSYBUS:00/PNP0C0D:00/input/input8
<span style="color:#4E9A06">[    5.735752] </span><span style="color:#C4A000">ACPI: </span>button: Lid Switch [LID]
<span style="color:#4E9A06">[    5.735872] </span><span style="color:#C4A000">input: </span>Power Button as /devices/LNXSYSTM:00/LNXPWRBN:00/input/input9
<span style="color:#4E9A06">[    5.750058] </span><span style="color:#C4A000">ACPI: </span>button: Power Button [PWRF]
<span style="color:#4E9A06">[    5.792586] </span><span style="color:#C4A000">ACPI: </span>battery: Slot [BAT1] (battery absent)
<span style="color:#4E9A06">[    5.797622] </span><span style="color:#C4A000">dw_dmac INTL9C60:01: </span>DesignWare DMA Controller, 8 channels
<span style="color:#4E9A06">[    5.816036] </span><span style="color:#C4A000">sdhci: </span>Secure Digital Host Controller Interface driver
<span style="color:#4E9A06">[    5.816043] </span><span style="color:#C4A000">sdhci: </span>Copyright(c) Pierre Ossman
<span style="color:#4E9A06">[    5.838952] </span><span style="color:#C4A000">mmc0: </span>SDHCI controller on ACPI [80860F16:00] using ADMA
<span style="color:#4E9A06">[    5.839358] </span><span style="color:#C4A000">mmc1: </span>SDHCI controller on ACPI [80860F14:00] using ADMA
<span style="color:#4E9A06">[    5.844673] </span><span style="color:#C4A000">i801_smbus 0000:00:1f.3: </span>SMBus using PCI interrupt
<span style="color:#4E9A06">[    5.845688] </span><span style="color:#C4A000">i2c i2c-1: </span>1/1 memory slots populated (from DMI)
<span style="color:#4E9A06">[    5.848378] </span><span style="color:#C4A000">i2c i2c-1: </span>Successfully instantiated SPD at 0x50
<span style="color:#4E9A06">[    5.913576] </span><span style="color:#C4A000">ACPI: </span>bus type drm_connector registered
<span style="color:#4E9A06">[    5.951929] </span><span style="color:#C4A000">ACPI: </span>bus type USB registered
<span style="color:#4E9A06">[    5.952005] </span><span style="color:#C4A000">usbcore: </span>registered new interface driver usbfs
<span style="color:#4E9A06">[    5.952035] </span><span style="color:#C4A000">usbcore: </span>registered new interface driver hub
<span style="color:#4E9A06">[    5.952073] </span><span style="color:#C4A000">usbcore: </span>registered new device driver usb
<span style="color:#4E9A06">[    5.980463] </span><span style="color:#C4A000">cryptd: </span>max_cpu_qlen set to 1000
<span style="color:#4E9A06">[    5.982543] </span><span style="color:#C4A000">xhci_hcd 0000:00:14.0: </span>xHCI Host Controller
<span style="color:#4E9A06">[    5.982561] </span><span style="color:#C4A000">xhci_hcd 0000:00:14.0: </span>new USB bus registered, assigned bus number 1
<span style="color:#4E9A06">[    5.983657] </span><span style="color:#C4A000">xhci_hcd 0000:00:14.0: </span>hcc params 0x200077c1 hci version 0x100 quirks 0x0000000000009810
<span style="color:#4E9A06">[    5.983962] </span><span style="color:#C4A000">xhci_hcd 0000:00:14.0: </span>xHCI Host Controller
<span style="color:#4E9A06">[    5.983973] </span><span style="color:#C4A000">xhci_hcd 0000:00:14.0: </span>new USB bus registered, assigned bus number 2
<span style="color:#4E9A06">[    5.983982] </span><span style="color:#C4A000">xhci_hcd 0000:00:14.0: </span>Host supports USB 3.0 SuperSpeed
<span style="color:#4E9A06">[    5.984089] </span><span style="color:#C4A000">usb usb1: </span>New USB device found, idVendor=1d6b, idProduct=0002, bcdDevice= 6.01
<span style="color:#4E9A06">[    5.984095] </span><span style="color:#C4A000">usb usb1: </span>New USB device strings: Mfr=3, Product=2, SerialNumber=1
<span style="color:#4E9A06">[    5.984099] </span><span style="color:#C4A000">usb usb1: </span>Product: xHCI Host Controller
<span style="color:#4E9A06">[    5.984101] </span><span style="color:#C4A000">usb usb1: </span>Manufacturer: Linux 6.1.0-12-amd64 xhci-hcd
<span style="color:#4E9A06">[    5.984104] </span><span style="color:#C4A000">usb usb1: </span>SerialNumber: 0000:00:14.0
<span style="color:#4E9A06">[    5.984410] </span><span style="color:#C4A000">hub 1-0:1.0: </span>USB hub found
<span style="color:#4E9A06">[    5.984444] </span><span style="color:#C4A000">hub 1-0:1.0: </span>6 ports detected
<span style="color:#4E9A06">[    5.985582] </span><span style="color:#C4A000">usb usb2: </span>New USB device found, idVendor=1d6b, idProduct=0003, bcdDevice= 6.01
<span style="color:#4E9A06">[    5.985592] </span><span style="color:#C4A000">usb usb2: </span>New USB device strings: Mfr=3, Product=2, SerialNumber=1
<span style="color:#4E9A06">[    5.985596] </span><span style="color:#C4A000">usb usb2: </span>Product: xHCI Host Controller
<span style="color:#4E9A06">[    5.985599] </span><span style="color:#C4A000">usb usb2: </span>Manufacturer: Linux 6.1.0-12-amd64 xhci-hcd
<span style="color:#4E9A06">[    5.985601] </span><span style="color:#C4A000">usb usb2: </span>SerialNumber: 0000:00:14.0
<span style="color:#4E9A06">[    5.985856] </span><span style="color:#C4A000">hub 2-0:1.0: </span>USB hub found
<span style="color:#4E9A06">[    5.985876] </span><span style="color:#C4A000">hub 2-0:1.0: </span>1 port detected
<span style="color:#4E9A06">[    5.987899] </span><span style="color:#C4A000">r8169 0000:03:00.0: </span><b>can&apos;t disable ASPM; OS doesn&apos;t have ASPM control</b>
<span style="color:#4E9A06">[    6.018493] </span><span style="color:#C4A000">r8169 0000:03:00.0 eth0: </span>RTL8168g/8111g, 2c:60:0c:0a:fc:46, XID 4c0, IRQ 92
<span style="color:#4E9A06">[    6.018512] </span><span style="color:#C4A000">r8169 0000:03:00.0 eth0: </span>jumbo features [frames: 9194 bytes, tx checksumming: ko]
<span style="color:#4E9A06">[    6.076239] </span><span style="color:#C4A000">r8169 0000:03:00.0 enp3s0: </span>renamed from eth0
<span style="color:#4E9A06">[    6.253580] </span><span style="color:#C4A000">usb 1-1: </span>new high-speed USB device number 2 using xhci_hcd
<span style="color:#4E9A06">[    6.668139] </span><span style="color:#C4A000">device-mapper: </span><b>core: CONFIG_IMA_DISABLE_HTABLE is disabled. Duplicate IMA measurements will not be recorded in the IMA log.</b>
<span style="color:#4E9A06">[    6.668199] </span><span style="color:#C4A000">device-mapper: </span>uevent: version 1.0.3
<span style="color:#4E9A06">[    6.668449] </span><span style="color:#C4A000">device-mapper: </span>ioctl: 4.47.0-ioctl (2022-07-28) initialised: dm-devel@redhat.com
<span style="color:#4E9A06">[    6.697300] </span><span style="color:#C4A000">usb 1-1: </span>New USB device found, idVendor=13fe, idProduct=4300, bcdDevice= 1.00
<span style="color:#4E9A06">[    6.697310] </span><span style="color:#C4A000">usb 1-1: </span>New USB device strings: Mfr=1, Product=2, SerialNumber=3
<span style="color:#4E9A06">[    6.697314] </span><span style="color:#C4A000">usb 1-1: </span>Product: USB DISK 2.0
<span style="color:#4E9A06">[    6.697317] </span><span style="color:#C4A000">usb 1-1: </span>Manufacturer:         
<span style="color:#4E9A06">[    6.697320] </span><span style="color:#C4A000">usb 1-1: </span>SerialNumber: 90001A14EC63FA17
<span style="color:#4E9A06">[    6.728272] </span>SCSI subsystem initialized
<span style="color:#4E9A06">[    6.736605] </span><span style="color:#C4A000">usb-storage 1-1:1.0: </span>USB Mass Storage device detected
<span style="color:#4E9A06">[    6.736952] </span><span style="color:#C4A000">scsi host0: </span>usb-storage 1-1:1.0
<span style="color:#4E9A06">[    6.737526] </span><span style="color:#C4A000">usbcore: </span>registered new interface driver usb-storage
<span style="color:#4E9A06">[    6.741574] </span><span style="color:#C4A000">usbcore: </span>registered new interface driver uas
<span style="color:#4E9A06">[    6.825438] </span><span style="color:#C4A000">usb 1-2: </span>new high-speed USB device number 3 using xhci_hcd
<span style="color:#4E9A06">[    6.909676] </span><span style="color:#C4A000">psmouse serio2: </span>synaptics: queried max coordinates: x [..5662], y [..4728]
<span style="color:#4E9A06">[    6.946041] </span><span style="color:#C4A000">psmouse serio2: </span>synaptics: queried min coordinates: x [1322..], y [1190..]
<span style="color:#4E9A06">[    6.946096] </span><span style="color:#C4A000">psmouse serio2: </span>synaptics: Your touchpad (PNP: SYN1b7d PNP0f13) says it can support a different bus. If i2c-hid and hid-rmi are not used, you might want to try setting psmouse.synaptics_intertouch to 1 and report this to linux-input@vger.kernel.org.
<span style="color:#4E9A06">[    6.976645] </span><span style="color:#C4A000">usb 1-2: </span>New USB device found, idVendor=05e3, idProduct=0608, bcdDevice=85.37
<span style="color:#4E9A06">[    6.976707] </span><span style="color:#C4A000">usb 1-2: </span>New USB device strings: Mfr=0, Product=1, SerialNumber=0
<span style="color:#4E9A06">[    6.976728] </span><span style="color:#C4A000">usb 1-2: </span>Product: USB2.0 Hub
<span style="color:#4E9A06">[    6.979166] </span><span style="color:#C4A000">hub 1-2:1.0: </span>USB hub found
<span style="color:#4E9A06">[    6.979535] </span><span style="color:#C4A000">hub 1-2:1.0: </span>4 ports detected
<span style="color:#4E9A06">[    6.980768] </span><span style="color:#C4A000">usb: </span><b>port power management may be unreliable</b>
<span style="color:#4E9A06">[    7.005832] </span><span style="color:#C4A000">psmouse serio2: </span>synaptics: Touchpad model: 1, fw: 8.1, id: 0x1e2b1, caps: 0xd40123/0x840300/0x126800/0x0, board id: 2991, fw id: 1626681
<span style="color:#4E9A06">[    7.046077] </span><span style="color:#C4A000">input: </span>SynPS/2 Synaptics TouchPad as /devices/platform/i8042/serio2/input/input11
<span style="color:#4E9A06">[    7.117715] </span><span style="color:#C4A000">usb 1-4: </span>new high-speed USB device number 4 using xhci_hcd
<span style="color:#4E9A06">[    7.276963] </span><span style="color:#C4A000">usb 1-4: </span>New USB device found, idVendor=04f2, idProduct=b469, bcdDevice=28.57
<span style="color:#4E9A06">[    7.276998] </span><span style="color:#C4A000">usb 1-4: </span>New USB device strings: Mfr=1, Product=2, SerialNumber=0
<span style="color:#4E9A06">[    7.277017] </span><span style="color:#C4A000">usb 1-4: </span>Product: HD WebCam
<span style="color:#4E9A06">[    7.277031] </span><span style="color:#C4A000">usb 1-4: </span>Manufacturer: Chicony Electronics Co.,Ltd.
<span style="color:#4E9A06">[    7.345682] </span><span style="color:#C4A000">usb 1-2.1: </span>new full-speed USB device number 5 using xhci_hcd
<span style="color:#4E9A06">[    7.448941] </span><span style="color:#C4A000">usb 1-2.1: </span>New USB device found, idVendor=8087, idProduct=07dc, bcdDevice= 0.01
<span style="color:#4E9A06">[    7.448977] </span><span style="color:#C4A000">usb 1-2.1: </span>New USB device strings: Mfr=0, Product=0, SerialNumber=0
<span style="color:#4E9A06">[    7.741359] </span><span style="color:#C4A000">scsi 0:0:0:0: </span>Direct-Access              USB DISK 2.0     PMAP PQ: 0 ANSI: 4
<span style="color:#4E9A06">[    7.796359] </span><span style="color:#C4A000">sd 0:0:0:0: </span>[sda] 30720000 512-byte logical blocks: (15.7 GB/14.6 GiB)
<span style="color:#4E9A06">[    7.797091] </span><span style="color:#C4A000">sd 0:0:0:0: </span>[sda] Write Protect is off
<span style="color:#4E9A06">[    7.797096] </span><span style="color:#C4A000">sd 0:0:0:0: </span>[sda] Mode Sense: 23 00 00 00
<span style="color:#4E9A06">[    7.797826] </span><span style="color:#C4A000">sd 0:0:0:0: </span><b>[sda] No Caching mode page found</b>
<span style="color:#4E9A06">[    7.797833] </span><span style="color:#C4A000">sd 0:0:0:0: </span><b>[sda] Assuming drive cache: write through</b>
<span style="color:#4E9A06">[    7.801591] </span><span style="color:#C4A000"> sda: </span>sda1 sda2
<span style="color:#4E9A06">[    7.801907] </span><span style="color:#C4A000">sd 0:0:0:0: </span>[sda] Attached SCSI removable disk
<span style="color:#4E9A06">[    8.251550] </span><span style="color:#C4A000">ISO 9660 Extensions: </span>Microsoft Joliet Level 3
<span style="color:#4E9A06">[    8.256201] </span><span style="color:#C4A000">ISO 9660 Extensions: </span>RRIP_1991A
<span style="color:#4E9A06">[    8.315194] </span><span style="color:#C4A000">loop: </span>module loaded
<span style="color:#4E9A06">[    8.356776] </span><span style="color:#C4A000">loop0: </span>detected capacity change from 0 to 4319208
<span style="color:#4E9A06">[    8.791524] </span><span style="color:#C4A000">squashfs: </span>version 4.0 (2009/01/31) Phillip Lougher
<span style="color:#4E9A06">[    9.894082] </span>Not activating Mandatory Access Control as /sbin/tomoyo-init does not exist.
<span style="color:#4E9A06">[   12.888897] </span><span style="color:#C4A000">systemd[1]: </span>Inserted module &apos;autofs4&apos;
<span style="color:#4E9A06">[   13.244763] </span><span style="color:#C4A000">systemd[1]: </span>systemd 252.12-1~deb12u1 running in system mode (+PAM +AUDIT +SELINUX +APPARMOR +IMA +SMACK +SECCOMP +GCRYPT -GNUTLS +OPENSSL +ACL +BLKID +CURL +ELFUTILS +FIDO2 +IDN2 -IDN +IPTC +KMOD +LIBCRYPTSETUP +LIBFDISK +PCRE2 -PWQUALITY +P11KIT +QRENCODE +TPM2 +BZIP2 +LZ4 +XZ +ZLIB +ZSTD -BPF_FRAMEWORK -XKBCOMMON +UTMP +SYSVINIT default-hierarchy=unified)
<span style="color:#4E9A06">[   13.244781] </span><span style="color:#C4A000">systemd[1]: </span>Detected architecture x86-64.
<span style="color:#4E9A06">[   13.254709] </span><span style="color:#C4A000">systemd[1]: </span>Hostname set to &lt;localhost.localdomain&gt;.
<span style="color:#4E9A06">[   13.255853] </span><span style="color:#C4A000">systemd[1]: </span>Initializing machine ID from random generator.
<span style="color:#4E9A06">[   18.152781] </span><span style="color:#C4A000">systemd-gpt-auto-generator[514]: </span>EFI loader partition unknown, exiting.
<span style="color:#4E9A06">[   18.152794] </span><span style="color:#C4A000">systemd-gpt-auto-generator[514]: </span>(The boot loader did not set EFI variable LoaderDevicePartUUID.)
<span style="color:#4E9A06">[   18.691482] </span><span style="color:#C4A000">systemd[1]: </span><b>/lib/systemd/system/install-live-drivers.service:10: Unknown key name &apos;Before&apos; in section &apos;Service&apos;, ignoring.</b>
<span style="color:#4E9A06">[   18.865101] </span><span style="color:#C4A000">systemd[1]: </span>Queued start job for default target graphical.target.
<span style="color:#4E9A06">[   18.892698] </span><span style="color:#C4A000">systemd[1]: </span>Created slice system-getty.slice - Slice /system/getty.
<span style="color:#4E9A06">[   18.893959] </span><span style="color:#C4A000">systemd[1]: </span>Created slice system-modprobe.slice - Slice /system/modprobe.
<span style="color:#4E9A06">[   18.894688] </span><span style="color:#C4A000">systemd[1]: </span>Created slice user.slice - User and Session Slice.
<span style="color:#4E9A06">[   18.894926] </span><span style="color:#C4A000">systemd[1]: </span>Started systemd-ask-password-wall.path - Forward Password Requests to Wall Directory Watch.
<span style="color:#4E9A06">[   18.895418] </span><span style="color:#C4A000">systemd[1]: </span>Set up automount proc-sys-fs-binfmt_misc.automount - Arbitrary Executable File Formats File System Automount Point.
<span style="color:#4E9A06">[   18.895520] </span><span style="color:#C4A000">systemd[1]: </span>Reached target integritysetup.target - Local Integrity Protected Volumes.
<span style="color:#4E9A06">[   18.895600] </span><span style="color:#C4A000">systemd[1]: </span>Reached target nss-user-lookup.target - User and Group Name Lookups.
<span style="color:#4E9A06">[   18.895650] </span><span style="color:#C4A000">systemd[1]: </span>Reached target remote-fs.target - Remote File Systems.
<span style="color:#4E9A06">[   18.895692] </span><span style="color:#C4A000">systemd[1]: </span>Reached target slices.target - Slice Units.
<span style="color:#4E9A06">[   18.895749] </span><span style="color:#C4A000">systemd[1]: </span>Reached target swap.target - Swaps.
<span style="color:#4E9A06">[   18.895807] </span><span style="color:#C4A000">systemd[1]: </span>Reached target veritysetup.target - Local Verity Protected Volumes.
<span style="color:#4E9A06">[   18.896058] </span><span style="color:#C4A000">systemd[1]: </span>Listening on dm-event.socket - Device-mapper event daemon FIFOs.
<span style="color:#4E9A06">[   18.896381] </span><span style="color:#C4A000">systemd[1]: </span>Listening on lvm2-lvmpolld.socket - LVM2 poll daemon socket.
<span style="color:#4E9A06">[   18.896660] </span><span style="color:#C4A000">systemd[1]: </span>Listening on syslog.socket - Syslog Socket.
<span style="color:#4E9A06">[   18.900830] </span><span style="color:#C4A000">systemd[1]: </span>Listening on systemd-coredump.socket - Process Core Dump Socket.
<span style="color:#4E9A06">[   18.901066] </span><span style="color:#C4A000">systemd[1]: </span>Listening on systemd-initctl.socket - initctl Compatibility Named Pipe.
<span style="color:#4E9A06">[   18.903003] </span><span style="color:#C4A000">systemd[1]: </span>Listening on systemd-journald-audit.socket - Journal Audit Socket.
<span style="color:#4E9A06">[   18.903394] </span><span style="color:#C4A000">systemd[1]: </span>Listening on systemd-journald-dev-log.socket - Journal Socket (/dev/log).
<span style="color:#4E9A06">[   18.903797] </span><span style="color:#C4A000">systemd[1]: </span>Listening on systemd-journald.socket - Journal Socket.
<span style="color:#4E9A06">[   18.904291] </span><span style="color:#C4A000">systemd[1]: </span>Listening on systemd-udevd-control.socket - udev Control Socket.
<span style="color:#4E9A06">[   18.904656] </span><span style="color:#C4A000">systemd[1]: </span>Listening on systemd-udevd-kernel.socket - udev Kernel Socket.
<span style="color:#4E9A06">[   18.907505] </span><span style="color:#C4A000">systemd[1]: </span>Mounting dev-hugepages.mount - Huge Pages File System...
<span style="color:#4E9A06">[   18.910319] </span><span style="color:#C4A000">systemd[1]: </span>Mounting dev-mqueue.mount - POSIX Message Queue File System...
<span style="color:#4E9A06">[   18.913173] </span><span style="color:#C4A000">systemd[1]: </span>Mounting sys-kernel-debug.mount - Kernel Debug File System...
<span style="color:#4E9A06">[   18.916024] </span><span style="color:#C4A000">systemd[1]: </span>Mounting sys-kernel-tracing.mount - Kernel Trace File System...
<span style="color:#4E9A06">[   18.916585] </span><span style="color:#C4A000">systemd[1]: </span>Finished blk-availability.service - Availability of block devices.
<span style="color:#4E9A06">[   18.920226] </span><span style="color:#C4A000">systemd[1]: </span>Starting keyboard-setup.service - Set the console keyboard layout...
<span style="color:#4E9A06">[   18.976377] </span><span style="color:#C4A000">systemd[1]: </span>Starting kmod-static-nodes.service - Create List of Static Device Nodes...
<span style="color:#4E9A06">[   18.979350] </span><span style="color:#C4A000">systemd[1]: </span>Starting lvm2-monitor.service - Monitoring of LVM2 mirrors, snapshots etc. using dmeventd or progress polling...
<span style="color:#4E9A06">[   18.982845] </span><span style="color:#C4A000">systemd[1]: </span>Starting modprobe@configfs.service - Load Kernel Module configfs...
<span style="color:#4E9A06">[   18.986342] </span><span style="color:#C4A000">systemd[1]: </span>Starting modprobe@dm_mod.service - Load Kernel Module dm_mod...
<span style="color:#4E9A06">[   18.991188] </span><span style="color:#C4A000">systemd[1]: </span>Starting modprobe@drm.service - Load Kernel Module drm...
<span style="color:#4E9A06">[   18.999862] </span><span style="color:#C4A000">systemd[1]: </span>Starting modprobe@efi_pstore.service - Load Kernel Module efi_pstore...
<span style="color:#4E9A06">[   19.003163] </span><span style="color:#C4A000">systemd[1]: </span>Starting modprobe@fuse.service - Load Kernel Module fuse...
<span style="color:#4E9A06">[   19.011822] </span><span style="color:#C4A000">systemd[1]: </span>Starting modprobe@loop.service - Load Kernel Module loop...
<span style="color:#4E9A06">[   19.016432] </span><span style="color:#C4A000">systemd[1]: </span>Starting systemd-journald.service - Journal Service...
<span style="color:#4E9A06">[   19.078908] </span><span style="color:#C4A000">systemd[1]: </span>Starting systemd-modules-load.service - Load Kernel Modules...
<span style="color:#4E9A06">[   19.084694] </span><span style="color:#C4A000">systemd[1]: </span>Starting systemd-remount-fs.service - Remount Root and Kernel File Systems...
<span style="color:#4E9A06">[   19.087767] </span><span style="color:#C4A000">systemd[1]: </span>Starting systemd-udev-trigger.service - Coldplug All udev Devices...
<span style="color:#4E9A06">[   19.094799] </span><span style="color:#C4A000">systemd[1]: </span>Mounted dev-hugepages.mount - Huge Pages File System.
<span style="color:#4E9A06">[   19.095521] </span><span style="color:#C4A000">systemd[1]: </span>Mounted dev-mqueue.mount - POSIX Message Queue File System.
<span style="color:#4E9A06">[   19.096126] </span><span style="color:#C4A000">systemd[1]: </span>Mounted sys-kernel-debug.mount - Kernel Debug File System.
<span style="color:#4E9A06">[   19.096682] </span><span style="color:#C4A000">systemd[1]: </span>Mounted sys-kernel-tracing.mount - Kernel Trace File System.
<span style="color:#4E9A06">[   19.097695] </span><span style="color:#C4A000">systemd[1]: </span>Finished keyboard-setup.service - Set the console keyboard layout.
<span style="color:#4E9A06">[   19.098809] </span><span style="color:#C4A000">systemd[1]: </span>Finished kmod-static-nodes.service - Create List of Static Device Nodes.
<span style="color:#4E9A06">[   19.099960] </span><span style="color:#C4A000">systemd[1]: </span>modprobe@dm_mod.service: Deactivated successfully.
<span style="color:#4E9A06">[   19.100412] </span><span style="color:#C4A000">systemd[1]: </span>Finished modprobe@dm_mod.service - Load Kernel Module dm_mod.
<span style="color:#4E9A06">[   19.101318] </span><span style="color:#C4A000">systemd[1]: </span>modprobe@drm.service: Deactivated successfully.
