May 30 15:22:05 nixos-p4 kernel: Linux version 6.12.90 (nixbld@localhost) (gcc (GCC) 14.3.0, GNU ld (GNU Binutils) 2.44) #1-NixOS SMP PREEMPT_DYNAMIC Sun May 17 15:14:35 UTC 2026
May 30 15:22:05 nixos-p4 kernel: Command line: BOOT_IMAGE=(hd0,msdos2)/nix/store/jb4hy7pal9zx0r417y8bkb5lhhj8fml0-linux-6.12.90/bzImage init=/nix/store/y1r8ka0ypplwrss8wpap0xd5bvgh05rl-nixos-system-nixos-p4-25.11.11278.b77b3de87756/init loglevel=4 lsm=landlock,yama,bpf
May 30 15:22:05 nixos-p4 kernel: BIOS-provided physical RAM map:
May 30 15:22:05 nixos-p4 kernel: BIOS-e820: [mem 0x0000000000000000-0x000000000009efff] usable
May 30 15:22:05 nixos-p4 kernel: BIOS-e820: [mem 0x000000000009f000-0x000000000009ffff] reserved
May 30 15:22:05 nixos-p4 kernel: BIOS-e820: [mem 0x00000000000f0000-0x00000000000fffff] reserved
May 30 15:22:05 nixos-p4 kernel: BIOS-e820: [mem 0x0000000000100000-0x000000007feeffff] usable
May 30 15:22:05 nixos-p4 kernel: BIOS-e820: [mem 0x000000007fef0000-0x000000007fef2fff] ACPI NVS
May 30 15:22:05 nixos-p4 kernel: BIOS-e820: [mem 0x000000007fef3000-0x000000007fefffff] ACPI data
May 30 15:22:05 nixos-p4 kernel: BIOS-e820: [mem 0x00000000fec00000-0x00000000ffffffff] reserved
May 30 15:22:05 nixos-p4 kernel: NX (Execute Disable) protection: active
May 30 15:22:05 nixos-p4 kernel: APIC: Static calls initialized
May 30 15:22:05 nixos-p4 kernel: SMBIOS 2.2 present.
May 30 15:22:05 nixos-p4 kernel: DMI:  /8657MF-series, BIOS 6.00 PG 04/03/2007
May 30 15:22:05 nixos-p4 kernel: DMI: Memory slots populated: 2/4
May 30 15:22:05 nixos-p4 kernel: tsc: Fast TSC calibration using PIT
May 30 15:22:05 nixos-p4 kernel: tsc: Detected 3393.907 MHz processor
May 30 15:22:05 nixos-p4 kernel: e820: update [mem 0x00000000-0x00000fff] usable ==> reserved
May 30 15:22:05 nixos-p4 kernel: e820: remove [mem 0x000a0000-0x000fffff] usable
May 30 15:22:05 nixos-p4 kernel: last_pfn = 0x7ff00 max_arch_pfn = 0x400000000
May 30 15:22:05 nixos-p4 kernel: MTRR map: 7 entries (5 fixed + 2 variable; max 21), built from 8 variable MTRRs
May 30 15:22:05 nixos-p4 kernel: x86/PAT: Configuration [0-7]: WB  WC  UC- UC  WB  WC  UC- UC  
May 30 15:22:05 nixos-p4 kernel: found SMP MP-table at [mem 0x000f3830-0x000f383f]
May 30 15:22:05 nixos-p4 kernel: RAMDISK: [mem 0x34c03000-0x365f8fff]
May 30 15:22:05 nixos-p4 kernel: ACPI: Early table checksum verification disabled
May 30 15:22:05 nixos-p4 kernel: ACPI: RSDP 0x00000000000F7920 000014 (v00 IntelR)
May 30 15:22:05 nixos-p4 kernel: ACPI: RSDT 0x000000007FEF3040 000034 (v01 IntelR AWRDACPI 42302E31 AWRD 00000000)
May 30 15:22:05 nixos-p4 kernel: ACPI: FACP 0x000000007FEF30C0 000074 (v01 IntelR AWRDACPI 42302E31 AWRD 00000000)
May 30 15:22:05 nixos-p4 kernel: ACPI: DSDT 0x000000007FEF3180 003E5F (v01 INTELR AWRDACPI 00001000 MSFT 0100000E)
May 30 15:22:05 nixos-p4 kernel: ACPI: FACS 0x000000007FEF0000 000040
May 30 15:22:05 nixos-p4 kernel: ACPI: APIC 0x000000007FEF7040 000084 (v01 IntelR AWRDACPI 42302E31 AWRD 00000000)
May 30 15:22:05 nixos-p4 kernel: ACPI: SSDT 0x000000007FEF7110 00019E (v01 PmRef  Cpu0Ist  00003000 INTL 20041203)
May 30 15:22:05 nixos-p4 kernel: ACPI: SSDT 0x000000007FEF75A0 000275 (v01 PmRef  CpuPm    00003000 INTL 20041203)
May 30 15:22:05 nixos-p4 kernel: ACPI: Reserving FACP table memory at [mem 0x7fef30c0-0x7fef3133]
May 30 15:22:05 nixos-p4 kernel: ACPI: Reserving DSDT table memory at [mem 0x7fef3180-0x7fef6fde]
May 30 15:22:05 nixos-p4 kernel: ACPI: Reserving FACS table memory at [mem 0x7fef0000-0x7fef003f]
May 30 15:22:05 nixos-p4 kernel: ACPI: Reserving APIC table memory at [mem 0x7fef7040-0x7fef70c3]
May 30 15:22:05 nixos-p4 kernel: ACPI: Reserving SSDT table memory at [mem 0x7fef7110-0x7fef72ad]
May 30 15:22:05 nixos-p4 kernel: ACPI: Reserving SSDT table memory at [mem 0x7fef75a0-0x7fef7814]
May 30 15:22:05 nixos-p4 kernel: No NUMA configuration found
May 30 15:22:05 nixos-p4 kernel: Faking a node at [mem 0x0000000000000000-0x000000007fefffff]
May 30 15:22:05 nixos-p4 kernel: NODE_DATA(0) allocated [mem 0x7feea8c0-0x7feefdff]
May 30 15:22:05 nixos-p4 kernel: Zone ranges:
May 30 15:22:05 nixos-p4 kernel:   DMA      [mem 0x0000000000001000-0x0000000000ffffff]
May 30 15:22:05 nixos-p4 kernel:   DMA32    [mem 0x0000000001000000-0x000000007fefffff]
May 30 15:22:05 nixos-p4 kernel:   Normal   empty
May 30 15:22:05 nixos-p4 kernel:   Device   empty
May 30 15:22:05 nixos-p4 kernel: Movable zone start for each node
May 30 15:22:05 nixos-p4 kernel: Early memory node ranges
May 30 15:22:05 nixos-p4 kernel:   node   0: [mem 0x0000000000001000-0x000000000009efff]
May 30 15:22:05 nixos-p4 kernel:   node   0: [mem 0x0000000000100000-0x000000007feeffff]
May 30 15:22:05 nixos-p4 kernel: Initmem setup node 0 [mem 0x0000000000001000-0x000000007feeffff]
May 30 15:22:05 nixos-p4 kernel: On node 0, zone DMA: 1 pages in unavailable ranges
May 30 15:22:05 nixos-p4 kernel: On node 0, zone DMA: 97 pages in unavailable ranges
May 30 15:22:05 nixos-p4 kernel: On node 0, zone DMA32: 272 pages in unavailable ranges
May 30 15:22:05 nixos-p4 kernel: ACPI: PM-Timer IO Port: 0x408
May 30 15:22:05 nixos-p4 kernel: ACPI: LAPIC_NMI (acpi_id[0x00] high edge lint[0x1])
May 30 15:22:05 nixos-p4 kernel: ACPI: LAPIC_NMI (acpi_id[0x01] high edge lint[0x1])
May 30 15:22:05 nixos-p4 kernel: ACPI: LAPIC_NMI (acpi_id[0x02] high edge lint[0x1])
May 30 15:22:05 nixos-p4 kernel: ACPI: LAPIC_NMI (acpi_id[0x03] high edge lint[0x1])
May 30 15:22:05 nixos-p4 kernel: IOAPIC[0]: apic_id 4, version 32, address 0xfec00000, GSI 0-23
May 30 15:22:05 nixos-p4 kernel: ACPI: INT_SRC_OVR (bus 0 bus_irq 0 global_irq 2 dfl dfl)
May 30 15:22:05 nixos-p4 kernel: ACPI: INT_SRC_OVR (bus 0 bus_irq 9 global_irq 9 high level)
May 30 15:22:05 nixos-p4 kernel: ACPI: Using ACPI (MADT) for SMP configuration information
May 30 15:22:05 nixos-p4 kernel: CPU topo: Max. logical packages:   1
May 30 15:22:05 nixos-p4 kernel: CPU topo: Max. logical dies:       1
May 30 15:22:05 nixos-p4 kernel: CPU topo: Max. dies per package:   1
May 30 15:22:05 nixos-p4 kernel: CPU topo: Max. threads per core:   1
May 30 15:22:05 nixos-p4 kernel: CPU topo: Num. cores per package:     2
May 30 15:22:05 nixos-p4 kernel: CPU topo: Num. threads per package:   2
May 30 15:22:05 nixos-p4 kernel: CPU topo: Allowing 2 present CPUs plus 0 hotplug CPUs
May 30 15:22:05 nixos-p4 kernel: PM: hibernation: Registered nosave memory: [mem 0x00000000-0x00000fff]
May 30 15:22:05 nixos-p4 kernel: PM: hibernation: Registered nosave memory: [mem 0x0009f000-0x000fffff]
May 30 15:22:05 nixos-p4 kernel: PM: hibernation: Registered nosave memory: [mem 0x7fef0000-0x7fefffff]
May 30 15:22:05 nixos-p4 kernel: [mem 0x7ff00000-0xfebfffff] available for PCI devices
May 30 15:22:05 nixos-p4 kernel: Booting paravirtualized kernel on bare hardware
May 30 15:22:05 nixos-p4 kernel: clocksource: refined-jiffies: mask: 0xffffffff max_cycles: 0xffffffff, max_idle_ns: 1910969940391419 ns
May 30 15:22:05 nixos-p4 kernel: setup_percpu: NR_CPUS:384 nr_cpumask_bits:2 nr_cpu_ids:2 nr_node_ids:1
May 30 15:22:05 nixos-p4 kernel: percpu: Embedded 116 pages/cpu s294912 r65536 d114688 u1048576
May 30 15:22:05 nixos-p4 kernel: pcpu-alloc: s294912 r65536 d114688 u1048576 alloc=1*2097152
May 30 15:22:05 nixos-p4 kernel: pcpu-alloc: [0] 0 1 
May 30 15:22:05 nixos-p4 kernel: Kernel command line: BOOT_IMAGE=(hd0,msdos2)/nix/store/jb4hy7pal9zx0r417y8bkb5lhhj8fml0-linux-6.12.90/bzImage init=/nix/store/y1r8ka0ypplwrss8wpap0xd5bvgh05rl-nixos-system-nixos-p4-25.11.11278.b77b3de87756/init loglevel=4 lsm=landlock,yama,bpf
May 30 15:22:05 nixos-p4 kernel: Dentry cache hash table entries: 262144 (order: 9, 2097152 bytes, linear)
May 30 15:22:05 nixos-p4 kernel: Inode-cache hash table entries: 131072 (order: 8, 1048576 bytes, linear)
May 30 15:22:05 nixos-p4 kernel: Fallback order for Node 0: 0 
May 30 15:22:05 nixos-p4 kernel: Built 1 zonelists, mobility grouping on.  Total pages: 523918
May 30 15:22:05 nixos-p4 kernel: Policy zone: DMA32
May 30 15:22:05 nixos-p4 kernel: mem auto-init: stack:all(zero), heap alloc:on, heap free:off
May 30 15:22:05 nixos-p4 kernel: SLUB: HWalign=64, Order=0-3, MinObjects=0, CPUs=2, Nodes=1
May 30 15:22:05 nixos-p4 kernel: allocated 4194304 bytes of page_ext
May 30 15:22:05 nixos-p4 kernel: Kernel/User page tables isolation: enabled
May 30 15:22:05 nixos-p4 kernel: ftrace: allocating 46249 entries in 181 pages
May 30 15:22:05 nixos-p4 kernel: ftrace: allocated 181 pages with 5 groups
May 30 15:22:05 nixos-p4 kernel: Dynamic Preempt: voluntary
May 30 15:22:05 nixos-p4 kernel: rcu: Preemptible hierarchical RCU implementation.
May 30 15:22:05 nixos-p4 kernel: rcu:         RCU event tracing is enabled.
May 30 15:22:05 nixos-p4 kernel: rcu:         RCU restricting CPUs from NR_CPUS=384 to nr_cpu_ids=2.
May 30 15:22:05 nixos-p4 kernel:         Trampoline variant of Tasks RCU enabled.
May 30 15:22:05 nixos-p4 kernel:         Rude variant of Tasks RCU enabled.
May 30 15:22:05 nixos-p4 kernel:         Tracing variant of Tasks RCU enabled.
May 30 15:22:05 nixos-p4 kernel: rcu: RCU calculated value of scheduler-enlistment delay is 100 jiffies.
May 30 15:22:05 nixos-p4 kernel: rcu: Adjusting geometry for rcu_fanout_leaf=16, nr_cpu_ids=2
May 30 15:22:05 nixos-p4 kernel: RCU Tasks: Setting shift to 1 and lim to 1 rcu_task_cb_adjust=1 rcu_task_cpu_ids=2.
May 30 15:22:05 nixos-p4 kernel: RCU Tasks Rude: Setting shift to 1 and lim to 1 rcu_task_cb_adjust=1 rcu_task_cpu_ids=2.
May 30 15:22:05 nixos-p4 kernel: RCU Tasks Trace: Setting shift to 1 and lim to 1 rcu_task_cb_adjust=1 rcu_task_cpu_ids=2.
May 30 15:22:05 nixos-p4 kernel: NR_IRQS: 24832, nr_irqs: 440, preallocated irqs: 16
May 30 15:22:05 nixos-p4 kernel: rcu: srcu_init: Setting srcu_struct sizes based on contention.
May 30 15:22:05 nixos-p4 kernel: kfence: initialized - using 2097152 bytes for 255 objects at 0x(____ptrval____)-0x(____ptrval____)
May 30 15:22:05 nixos-p4 kernel: Console: colour VGA+ 80x25
May 30 15:22:05 nixos-p4 kernel: printk: legacy console [tty0] enabled
May 30 15:22:05 nixos-p4 kernel: ACPI: Core revision 20240827
May 30 15:22:05 nixos-p4 kernel: APIC: Switch to symmetric I/O mode setup
May 30 15:22:05 nixos-p4 kernel: ..TIMER: vector=0x30 apic1=0 pin1=2 apic2=-1 pin2=-1
May 30 15:22:05 nixos-p4 kernel: clocksource: tsc-early: mask: 0xffffffffffffffff max_cycles: 0x30ebd30a55b, max_idle_ns: 440795335713 ns
May 30 15:22:05 nixos-p4 kernel: Calibrating delay loop (skipped), value calculated using timer frequency.. 6787.81 BogoMIPS (lpj=3393907)
May 30 15:22:05 nixos-p4 kernel: CPU0: Thermal monitoring enabled (TM1)
May 30 15:22:05 nixos-p4 kernel: Last level iTLB entries: 4KB 128, 2MB 128, 4MB 128
May 30 15:22:05 nixos-p4 kernel: Last level dTLB entries: 4KB 64, 2MB 0, 4MB 64, 1GB 0
May 30 15:22:05 nixos-p4 kernel: process: using mwait in idle threads
May 30 15:22:05 nixos-p4 kernel: Spectre V1 : Mitigation: usercopy/swapgs barriers and __user pointer sanitization
May 30 15:22:05 nixos-p4 kernel: Spectre V2 : Mitigation: Retpolines
May 30 15:22:05 nixos-p4 kernel: Spectre V2 : Spectre v2 / SpectreRSB: Filling RSB on context switch and VMEXIT
May 30 15:22:05 nixos-p4 kernel: Speculative Store Bypass: Vulnerable
May 30 15:22:05 nixos-p4 kernel: MDS: Vulnerable: Clear CPU buffers attempted, no microcode
May 30 15:22:05 nixos-p4 kernel: MMIO Stale Data: Unknown: No mitigations
May 30 15:22:05 nixos-p4 kernel: x86/fpu: x87 FPU will use FXSAVE
May 30 15:22:05 nixos-p4 kernel: Freeing SMP alternatives memory: 40K
May 30 15:22:05 nixos-p4 kernel: pid_max: default: 32768 minimum: 301
May 30 15:22:05 nixos-p4 kernel: LSM: initializing lsm=capability,landlock,yama,bpf
May 30 15:22:05 nixos-p4 kernel: landlock: Up and running.
May 30 15:22:05 nixos-p4 kernel: Yama: becoming mindful.
May 30 15:22:05 nixos-p4 kernel: LSM support for eBPF active
May 30 15:22:05 nixos-p4 kernel: Mount-cache hash table entries: 4096 (order: 3, 32768 bytes, linear)
May 30 15:22:05 nixos-p4 kernel: Mountpoint-cache hash table entries: 4096 (order: 3, 32768 bytes, linear)
May 30 15:22:05 nixos-p4 kernel: smpboot: CPU0: Intel(R) Pentium(R) D CPU 3.40GHz (family: 0xf, model: 0x6, stepping: 0x5)
May 30 15:22:05 nixos-p4 kernel: Performance Events: Netburst events, Netburst P4/Xeon PMU driver.
May 30 15:22:05 nixos-p4 kernel: ... version:                0
May 30 15:22:05 nixos-p4 kernel: ... bit width:              40
May 30 15:22:05 nixos-p4 kernel: ... generic registers:      18
May 30 15:22:05 nixos-p4 kernel: ... value mask:             000000ffffffffff
May 30 15:22:05 nixos-p4 kernel: ... max period:             0000007fffffffff
May 30 15:22:05 nixos-p4 kernel: ... fixed-purpose events:   0
May 30 15:22:05 nixos-p4 kernel: ... event mask:             000000000003ffff
May 30 15:22:05 nixos-p4 kernel: signal: max sigframe size: 1440
May 30 15:22:05 nixos-p4 kernel: rcu: Hierarchical SRCU implementation.
May 30 15:22:05 nixos-p4 kernel: rcu:         Max phase no-delay instances is 400.
May 30 15:22:05 nixos-p4 kernel: Timer migration: 1 hierarchy levels; 8 children per group; 1 crossnode level
May 30 15:22:05 nixos-p4 kernel: NMI watchdog: Enabled. Permanently consumes one hw-PMU counter.
May 30 15:22:05 nixos-p4 kernel: smp: Bringing up secondary CPUs ...
May 30 15:22:05 nixos-p4 kernel: smpboot: x86: Booting SMP configuration:
May 30 15:22:05 nixos-p4 kernel: .... node  #0, CPUs:      #1
May 30 15:22:05 nixos-p4 kernel: smp: Brought up 1 node, 2 CPUs
May 30 15:22:05 nixos-p4 kernel: smpboot: Total of 2 processors activated (13575.62 BogoMIPS)
May 30 15:22:05 nixos-p4 kernel: Memory: 1972736K/2095672K available (16384K kernel code, 2646K rwdata, 12592K rodata, 3416K init, 3348K bss, 111512K reserved, 0K cma-reserved)
May 30 15:22:05 nixos-p4 kernel: devtmpfs: initialized
May 30 15:22:05 nixos-p4 kernel: x86/mm: Memory block size: 128MB
May 30 15:22:05 nixos-p4 kernel: ACPI: PM: Registering ACPI NVS region [mem 0x7fef0000-0x7fef2fff] (12288 bytes)
May 30 15:22:05 nixos-p4 kernel: clocksource: jiffies: mask: 0xffffffff max_cycles: 0xffffffff, max_idle_ns: 1911260446275000 ns
May 30 15:22:05 nixos-p4 kernel: futex hash table entries: 512 (order: 3, 32768 bytes, linear)
May 30 15:22:05 nixos-p4 kernel: pinctrl core: initialized pinctrl subsystem
May 30 15:22:05 nixos-p4 kernel: PM: RTC time: 12:21:41, date: 2026-05-30
May 30 15:22:05 nixos-p4 kernel: NET: Registered PF_NETLINK/PF_ROUTE protocol family
May 30 15:22:05 nixos-p4 kernel: DMA: preallocated 256 KiB GFP_KERNEL pool for atomic allocations
May 30 15:22:05 nixos-p4 kernel: DMA: preallocated 256 KiB GFP_KERNEL|GFP_DMA pool for atomic allocations
May 30 15:22:05 nixos-p4 kernel: DMA: preallocated 256 KiB GFP_KERNEL|GFP_DMA32 pool for atomic allocations
May 30 15:22:05 nixos-p4 kernel: audit: initializing netlink subsys (disabled)
May 30 15:22:05 nixos-p4 kernel: audit: type=2000 audit(1780143701.160:1): state=initialized audit_enabled=0 res=1
May 30 15:22:05 nixos-p4 kernel: thermal_sys: Registered thermal governor 'bang_bang'
May 30 15:22:05 nixos-p4 kernel: thermal_sys: Registered thermal governor 'step_wise'
May 30 15:22:05 nixos-p4 kernel: thermal_sys: Registered thermal governor 'user_space'
May 30 15:22:05 nixos-p4 kernel: cpuidle: using governor menu
May 30 15:22:05 nixos-p4 kernel: acpiphp: ACPI Hot Plug PCI Controller Driver version: 0.5
May 30 15:22:05 nixos-p4 kernel: PCI: Using configuration type 1 for base access
May 30 15:22:05 nixos-p4 kernel: mtrr: your CPUs had inconsistent variable MTRR settings
May 30 15:22:05 nixos-p4 kernel: mtrr: probably your BIOS does not setup all CPUs.
May 30 15:22:05 nixos-p4 kernel: mtrr: corrected configuration.
May 30 15:22:05 nixos-p4 kernel: kprobes: kprobe jump-optimization is enabled. All kprobes are optimized if possible.
May 30 15:22:05 nixos-p4 kernel: HugeTLB: registered 2.00 MiB page size, pre-allocated 0 pages
May 30 15:22:05 nixos-p4 kernel: HugeTLB: 28 KiB vmemmap can be freed for a 2.00 MiB page
May 30 15:22:05 nixos-p4 kernel: ACPI: Added _OSI(Module Device)
May 30 15:22:05 nixos-p4 kernel: ACPI: Added _OSI(Processor Device)
May 30 15:22:05 nixos-p4 kernel: ACPI: Added _OSI(Processor Aggregator Device)
May 30 15:22:05 nixos-p4 kernel: ACPI: 3 ACPI AML tables successfully acquired and loaded
May 30 15:22:05 nixos-p4 kernel: ACPI: Dynamic OEM Table Load:
May 30 15:22:05 nixos-p4 kernel: ACPI: SSDT 0xFFFF8D36820C2240 000087 (v01 PmRef  Cpu1Ist  00003000 INTL 20041203)
May 30 15:22:05 nixos-p4 kernel: ACPI: Interpreter enabled
May 30 15:22:05 nixos-p4 kernel: ACPI: PM: (supports S0 S3 S4 S5)
May 30 15:22:05 nixos-p4 kernel: ACPI: Using IOAPIC for interrupt routing
May 30 15:22:05 nixos-p4 kernel: PCI: Using host bridge windows from ACPI; if necessary, use "pci=nocrs" and report a bug
May 30 15:22:05 nixos-p4 kernel: PCI: Using E820 reservations for host bridge windows
May 30 15:22:05 nixos-p4 kernel: ACPI: Enabled 9 GPEs in block 00 to 1F
May 30 15:22:05 nixos-p4 kernel: ACPI: PCI Root Bridge [PCI0] (domain 0000 [bus 00-ff])
May 30 15:22:05 nixos-p4 kernel: acpi PNP0A03:00: _OSC: OS supports [ASPM ClockPM Segments MSI HPX-Type3]
May 30 15:22:05 nixos-p4 kernel: acpi PNP0A03:00: _OSC: not requesting OS control; OS requires [ExtendedConfig ASPM ClockPM MSI]
May 30 15:22:05 nixos-p4 kernel: acpi PNP0A03:00: fail to add MMCONFIG information, can't access extended configuration space under this bridge
May 30 15:22:05 nixos-p4 kernel: PCI host bridge to bus 0000:00
May 30 15:22:05 nixos-p4 kernel: pci_bus 0000:00: root bus resource [io  0x0000-0x0cf7 window]
May 30 15:22:05 nixos-p4 kernel: pci_bus 0000:00: root bus resource [io  0x0d00-0xffff window]
May 30 15:22:05 nixos-p4 kernel: pci_bus 0000:00: root bus resource [mem 0x000a0000-0x000dffff window]
May 30 15:22:05 nixos-p4 kernel: pci_bus 0000:00: root bus resource [mem 0x7ff00000-0xfebfffff window]
May 30 15:22:05 nixos-p4 kernel: pci_bus 0000:00: root bus resource [bus 00-ff]
May 30 15:22:05 nixos-p4 kernel: pci 0000:00:00.0: Enabling MCH 'Overflow' Device
May 30 15:22:05 nixos-p4 kernel: pci 0000:00:00.0: [8086:2570] type 00 class 0x060000 conventional PCI endpoint
May 30 15:22:05 nixos-p4 kernel: pci 0000:00:00.0: BAR 0 [mem 0xf0000000-0xf7ffffff pref]
May 30 15:22:05 nixos-p4 kernel: pci 0000:00:01.0: [8086:2571] type 01 class 0x060400 conventional PCI bridge
May 30 15:22:05 nixos-p4 kernel: pci 0000:00:01.0: PCI bridge to [bus 01]
May 30 15:22:05 nixos-p4 kernel: pci 0000:00:01.0:   bridge window [io  0xc000-0xcfff]
May 30 15:22:05 nixos-p4 kernel: pci 0000:00:01.0:   bridge window [mem 0xf8000000-0xf80fffff]
May 30 15:22:05 nixos-p4 kernel: pci 0000:00:01.0:   bridge window [mem 0xd0000000-0xefffffff pref]
May 30 15:22:05 nixos-p4 kernel: pci 0000:00:06.0: [8086:2576] type 00 class 0x088000 conventional PCI endpoint
May 30 15:22:05 nixos-p4 kernel: pci 0000:00:06.0: BAR 0 [mem 0xfecf0000-0xfecf0fff]
May 30 15:22:05 nixos-p4 kernel: pci 0000:00:1d.0: [8086:24d2] type 00 class 0x0c0300 conventional PCI endpoint
May 30 15:22:05 nixos-p4 kernel: pci 0000:00:1d.0: BAR 4 [io  0xe300-0xe31f]
May 30 15:22:05 nixos-p4 kernel: pci 0000:00:1d.1: [8086:24d4] type 00 class 0x0c0300 conventional PCI endpoint
May 30 15:22:05 nixos-p4 kernel: pci 0000:00:1d.1: BAR 4 [io  0xe000-0xe01f]
May 30 15:22:05 nixos-p4 kernel: pci 0000:00:1d.2: [8086:24d7] type 00 class 0x0c0300 conventional PCI endpoint
May 30 15:22:05 nixos-p4 kernel: pci 0000:00:1d.2: BAR 4 [io  0xe100-0xe11f]
May 30 15:22:05 nixos-p4 kernel: pci 0000:00:1d.3: [8086:24de] type 00 class 0x0c0300 conventional PCI endpoint
May 30 15:22:05 nixos-p4 kernel: pci 0000:00:1d.3: BAR 4 [io  0xe200-0xe21f]
May 30 15:22:05 nixos-p4 kernel: pci 0000:00:1d.7: [8086:24dd] type 00 class 0x0c0320 conventional PCI endpoint
May 30 15:22:05 nixos-p4 kernel: pci 0000:00:1d.7: BAR 0 [mem 0xf8200000-0xf82003ff]
May 30 15:22:05 nixos-p4 kernel: pci 0000:00:1d.7: PME# supported from D0 D3hot D3cold
May 30 15:22:05 nixos-p4 kernel: pci 0000:00:1e.0: [8086:244e] type 01 class 0x060400 conventional PCI bridge
May 30 15:22:05 nixos-p4 kernel: pci 0000:00:1e.0: PCI bridge to [bus 02]
May 30 15:22:05 nixos-p4 kernel: pci 0000:00:1e.0:   bridge window [io  0xd000-0xdfff]
May 30 15:22:05 nixos-p4 kernel: pci 0000:00:1e.0:   bridge window [mem 0xf8100000-0xf81fffff]
May 30 15:22:05 nixos-p4 kernel: pci 0000:00:1f.0: [8086:24d0] type 00 class 0x060100 conventional PCI endpoint
May 30 15:22:05 nixos-p4 kernel: pci 0000:00:1f.0: Force enabled HPET at 0xfed00000
May 30 15:22:05 nixos-p4 kernel: pci 0000:00:1f.0: quirk: [io  0x0400-0x047f] claimed by ICH4 ACPI/GPIO/TCO
May 30 15:22:05 nixos-p4 kernel: pci 0000:00:1f.0: quirk: [io  0x0480-0x04bf] claimed by ICH4 GPIO
May 30 15:22:05 nixos-p4 kernel: pci 0000:00:1f.1: [8086:24db] type 00 class 0x01018a conventional PCI endpoint
May 30 15:22:05 nixos-p4 kernel: pci 0000:00:1f.1: BAR 0 [io  0x0000-0x0007]
May 30 15:22:05 nixos-p4 kernel: pci 0000:00:1f.1: BAR 1 [io  0x0000-0x0003]
May 30 15:22:05 nixos-p4 kernel: pci 0000:00:1f.1: BAR 2 [io  0x0000-0x0007]
May 30 15:22:05 nixos-p4 kernel: pci 0000:00:1f.1: BAR 3 [io  0x0000-0x0003]
May 30 15:22:05 nixos-p4 kernel: pci 0000:00:1f.1: BAR 4 [io  0xf000-0xf00f]
May 30 15:22:05 nixos-p4 kernel: pci 0000:00:1f.1: BAR 5 [mem 0x00000000-0x000003ff]
May 30 15:22:05 nixos-p4 kernel: pci 0000:00:1f.1: BAR 0 [io  0x01f0-0x01f7]: legacy IDE quirk
May 30 15:22:05 nixos-p4 kernel: pci 0000:00:1f.1: BAR 1 [io  0x03f6]: legacy IDE quirk
May 30 15:22:05 nixos-p4 kernel: pci 0000:00:1f.1: BAR 2 [io  0x0170-0x0177]: legacy IDE quirk
May 30 15:22:05 nixos-p4 kernel: pci 0000:00:1f.1: BAR 3 [io  0x0376]: legacy IDE quirk
May 30 15:22:05 nixos-p4 kernel: pci 0000:00:1f.2: [8086:24d1] type 00 class 0x01018f conventional PCI endpoint
May 30 15:22:05 nixos-p4 kernel: pci 0000:00:1f.2: BAR 0 [io  0xe400-0xe407]
May 30 15:22:05 nixos-p4 kernel: pci 0000:00:1f.2: BAR 1 [io  0xe500-0xe503]
May 30 15:22:05 nixos-p4 kernel: pci 0000:00:1f.2: BAR 2 [io  0xe600-0xe607]
May 30 15:22:05 nixos-p4 kernel: pci 0000:00:1f.2: BAR 3 [io  0xe700-0xe703]
May 30 15:22:05 nixos-p4 kernel: pci 0000:00:1f.2: BAR 4 [io  0xe800-0xe80f]
May 30 15:22:05 nixos-p4 kernel: pci 0000:00:1f.3: [8086:24d3] type 00 class 0x0c0500 conventional PCI endpoint
May 30 15:22:05 nixos-p4 kernel: pci 0000:00:1f.3: BAR 4 [io  0x0500-0x051f]
May 30 15:22:05 nixos-p4 kernel: pci 0000:00:1f.5: [8086:24d5] type 00 class 0x040100 conventional PCI endpoint
May 30 15:22:05 nixos-p4 kernel: pci 0000:00:1f.5: BAR 0 [io  0xea00-0xeaff]
May 30 15:22:05 nixos-p4 kernel: pci 0000:00:1f.5: BAR 1 [io  0xeb00-0xeb3f]
May 30 15:22:05 nixos-p4 kernel: pci 0000:00:1f.5: BAR 2 [mem 0xf8201000-0xf82011ff]
May 30 15:22:05 nixos-p4 kernel: pci 0000:00:1f.5: BAR 3 [mem 0xf8202000-0xf82020ff]
May 30 15:22:05 nixos-p4 kernel: pci 0000:00:1f.5: PME# supported from D0 D3hot D3cold
May 30 15:22:05 nixos-p4 kernel: pci_bus 0000:01: extended config space not accessible
May 30 15:22:05 nixos-p4 kernel: pci 0000:01:00.0: [1002:4150] type 00 class 0x030000 conventional PCI endpoint
May 30 15:22:05 nixos-p4 kernel: pci 0000:01:00.0: BAR 0 [mem 0xd0000000-0xdfffffff pref]
May 30 15:22:05 nixos-p4 kernel: pci 0000:01:00.0: BAR 1 [io  0xc000-0xc0ff]
May 30 15:22:05 nixos-p4 kernel: pci 0000:01:00.0: BAR 2 [mem 0xf8030000-0xf803ffff]
May 30 15:22:05 nixos-p4 kernel: pci 0000:01:00.0: ROM [mem 0x00000000-0x0001ffff pref]
May 30 15:22:05 nixos-p4 kernel: pci 0000:01:00.0: Video device with shadowed ROM at [mem 0x000c0000-0x000dffff]
May 30 15:22:05 nixos-p4 kernel: pci 0000:01:00.0: supports D1 D2
May 30 15:22:05 nixos-p4 kernel: pci 0000:01:00.1: [1002:4170] type 00 class 0x038000 conventional PCI endpoint
May 30 15:22:05 nixos-p4 kernel: pci 0000:01:00.1: BAR 0 [mem 0xe0000000-0xefffffff pref]
May 30 15:22:05 nixos-p4 kernel: pci 0000:01:00.1: BAR 1 [mem 0xf8020000-0xf802ffff]
May 30 15:22:05 nixos-p4 kernel: pci 0000:01:00.1: supports D1 D2
May 30 15:22:05 nixos-p4 kernel: pci 0000:00:01.0: PCI bridge to [bus 01]
May 30 15:22:05 nixos-p4 kernel: pci_bus 0000:02: extended config space not accessible
May 30 15:22:05 nixos-p4 kernel: pci 0000:02:03.0: [10ec:8139] type 00 class 0x020000 conventional PCI endpoint
May 30 15:22:05 nixos-p4 kernel: pci 0000:02:03.0: BAR 0 [io  0xd000-0xd0ff]
May 30 15:22:05 nixos-p4 kernel: pci 0000:02:03.0: BAR 1 [mem 0xf8100000-0xf81000ff]
May 30 15:22:05 nixos-p4 kernel: pci 0000:02:03.0: supports D1 D2
May 30 15:22:05 nixos-p4 kernel: pci 0000:02:03.0: PME# supported from D1 D2 D3hot D3cold
May 30 15:22:05 nixos-p4 kernel: pci 0000:00:1e.0: PCI bridge to [bus 02] (subtractive decode)
May 30 15:22:05 nixos-p4 kernel: pci 0000:00:1e.0:   bridge window [io  0x0000-0x0cf7 window] (subtractive decode)
May 30 15:22:05 nixos-p4 kernel: pci 0000:00:1e.0:   bridge window [io  0x0d00-0xffff window] (subtractive decode)
May 30 15:22:05 nixos-p4 kernel: pci 0000:00:1e.0:   bridge window [mem 0x000a0000-0x000dffff window] (subtractive decode)
May 30 15:22:05 nixos-p4 kernel: pci 0000:00:1e.0:   bridge window [mem 0x7ff00000-0xfebfffff window] (subtractive decode)
May 30 15:22:05 nixos-p4 kernel: ACPI: PCI: Interrupt link LNKA configured for IRQ 5
May 30 15:22:05 nixos-p4 kernel: ACPI: PCI: Interrupt link LNKB configured for IRQ 9
May 30 15:22:05 nixos-p4 kernel: ACPI: PCI: Interrupt link LNKC configured for IRQ 11
May 30 15:22:05 nixos-p4 kernel: ACPI: PCI: Interrupt link LNKD configured for IRQ 11
May 30 15:22:05 nixos-p4 kernel: ACPI: PCI: Interrupt link LNKE configured for IRQ 0
May 30 15:22:05 nixos-p4 kernel: ACPI: PCI: Interrupt link LNKE disabled
May 30 15:22:05 nixos-p4 kernel: ACPI: PCI: Interrupt link LNKF configured for IRQ 0
May 30 15:22:05 nixos-p4 kernel: ACPI: PCI: Interrupt link LNKF disabled
May 30 15:22:05 nixos-p4 kernel: ACPI: PCI: Interrupt link LNK0 configured for IRQ 0
May 30 15:22:05 nixos-p4 kernel: ACPI: PCI: Interrupt link LNK0 disabled
May 30 15:22:05 nixos-p4 kernel: ACPI: PCI: Interrupt link LNK1 configured for IRQ 10
May 30 15:22:05 nixos-p4 kernel: iommu: Default domain type: Translated
May 30 15:22:05 nixos-p4 kernel: iommu: DMA domain TLB invalidation policy: lazy mode
May 30 15:22:05 nixos-p4 kernel: ACPI: bus type USB registered
May 30 15:22:05 nixos-p4 kernel: usbcore: registered new interface driver usbfs
May 30 15:22:05 nixos-p4 kernel: usbcore: registered new interface driver hub
May 30 15:22:05 nixos-p4 kernel: usbcore: registered new device driver usb
May 30 15:22:05 nixos-p4 kernel: NetLabel: Initializing
May 30 15:22:05 nixos-p4 kernel: NetLabel:  domain hash size = 128
May 30 15:22:05 nixos-p4 kernel: NetLabel:  protocols = UNLABELED CIPSOv4 CALIPSO
May 30 15:22:05 nixos-p4 kernel: NetLabel:  unlabeled traffic allowed by default
May 30 15:22:05 nixos-p4 kernel: PCI: Using ACPI for IRQ routing
May 30 15:22:05 nixos-p4 kernel: PCI: pci_cache_line_size set to 64 bytes
May 30 15:22:05 nixos-p4 kernel: pci 0000:00:06.0: BAR 0 [mem 0xfecf0000-0xfecf0fff]: can't claim; no compatible bridge window
May 30 15:22:05 nixos-p4 kernel: e820: reserve RAM buffer [mem 0x0009f000-0x0009ffff]
May 30 15:22:05 nixos-p4 kernel: e820: reserve RAM buffer [mem 0x7fef0000-0x7fffffff]
May 30 15:22:05 nixos-p4 kernel: pci 0000:01:00.0: vgaarb: setting as boot VGA device
May 30 15:22:05 nixos-p4 kernel: pci 0000:01:00.0: vgaarb: bridge control possible
May 30 15:22:05 nixos-p4 kernel: pci 0000:01:00.0: vgaarb: VGA device added: decodes=io+mem,owns=io+mem,locks=none
May 30 15:22:05 nixos-p4 kernel: vgaarb: loaded
May 30 15:22:05 nixos-p4 kernel: clocksource: hpet: mask: 0xffffffff max_cycles: 0xffffffff, max_idle_ns: 133484882848 ns
May 30 15:22:05 nixos-p4 kernel: hpet: 3 channels of 0 reserved for per-cpu timers
May 30 15:22:05 nixos-p4 kernel: hpet0: at MMIO 0xfed00000, IRQs 2, 8, 0
May 30 15:22:05 nixos-p4 kernel: hpet0: 3 comparators, 64-bit 14.318180 MHz counter
May 30 15:22:05 nixos-p4 kernel: clocksource: Switched to clocksource tsc-early
May 30 15:22:05 nixos-p4 kernel: VFS: Disk quotas dquot_6.6.0
May 30 15:22:05 nixos-p4 kernel: VFS: Dquot-cache hash table entries: 512 (order 0, 4096 bytes)
May 30 15:22:05 nixos-p4 kernel: pnp: PnP ACPI init
May 30 15:22:05 nixos-p4 kernel: system 00:00: [io  0x0b78-0x0b7b] has been reserved
May 30 15:22:05 nixos-p4 kernel: system 00:00: [io  0x0f78-0x0f7b] has been reserved
May 30 15:22:05 nixos-p4 kernel: system 00:00: [io  0x0a78-0x0a7b] has been reserved
May 30 15:22:05 nixos-p4 kernel: system 00:00: [io  0x0e78-0x0e7b] has been reserved
May 30 15:22:05 nixos-p4 kernel: system 00:00: [io  0x0bbc-0x0bbf] has been reserved
May 30 15:22:05 nixos-p4 kernel: system 00:00: [io  0x0fbc-0x0fbf] has been reserved
May 30 15:22:05 nixos-p4 kernel: system 00:00: [io  0x04d0-0x04d1] has been reserved
May 30 15:22:05 nixos-p4 kernel: system 00:00: [io  0x0290-0x0297] has been reserved
May 30 15:22:05 nixos-p4 kernel: system 00:00: [io  0x0880-0x088f] has been reserved
May 30 15:22:05 nixos-p4 kernel: pnp 00:02: [dma 2]
May 30 15:22:05 nixos-p4 kernel: system 00:07: [io  0x0400-0x04bf] could not be reserved
May 30 15:22:05 nixos-p4 kernel: pnp 00:08: disabling [mem 0x000d0000-0x000d3fff] because it overlaps 0000:01:00.0 BAR 6 [mem 0x000c0000-0x000dffff]
May 30 15:22:05 nixos-p4 kernel: system 00:08: [mem 0x000f0000-0x000f7fff] could not be reserved
May 30 15:22:05 nixos-p4 kernel: system 00:08: [mem 0x000f8000-0x000fbfff] could not be reserved
May 30 15:22:05 nixos-p4 kernel: system 00:08: [mem 0x000fc000-0x000fffff] could not be reserved
May 30 15:22:05 nixos-p4 kernel: system 00:08: [mem 0x7fef0000-0x7fefffff] could not be reserved
May 30 15:22:05 nixos-p4 kernel: system 00:08: [mem 0x00000000-0x0009ffff] could not be reserved
May 30 15:22:05 nixos-p4 kernel: system 00:08: [mem 0x00100000-0x7feeffff] could not be reserved
May 30 15:22:05 nixos-p4 kernel: system 00:08: [mem 0xfec00000-0xfec00fff] could not be reserved
May 30 15:22:05 nixos-p4 kernel: system 00:08: [mem 0xfec01000-0xfed8ffff] has been reserved
May 30 15:22:05 nixos-p4 kernel: system 00:08: [mem 0xfee00000-0xfee00fff] has been reserved
May 30 15:22:05 nixos-p4 kernel: system 00:08: [mem 0xffb00000-0xffb7ffff] has been reserved
May 30 15:22:05 nixos-p4 kernel: system 00:08: [mem 0xfff00000-0xffffffff] has been reserved
May 30 15:22:05 nixos-p4 kernel: system 00:08: [mem 0x000e0000-0x000effff] has been reserved
May 30 15:22:05 nixos-p4 kernel: pnp: PnP ACPI: found 9 devices
May 30 15:22:05 nixos-p4 kernel: clocksource: acpi_pm: mask: 0xffffff max_cycles: 0xffffff, max_idle_ns: 2085701024 ns
May 30 15:22:05 nixos-p4 kernel: NET: Registered PF_INET protocol family
May 30 15:22:05 nixos-p4 kernel: IP idents hash table entries: 32768 (order: 6, 262144 bytes, linear)
May 30 15:22:05 nixos-p4 kernel: tcp_listen_portaddr_hash hash table entries: 1024 (order: 2, 16384 bytes, linear)
May 30 15:22:05 nixos-p4 kernel: Table-perturb hash table entries: 65536 (order: 6, 262144 bytes, linear)
May 30 15:22:05 nixos-p4 kernel: TCP established hash table entries: 16384 (order: 5, 131072 bytes, linear)
May 30 15:22:05 nixos-p4 kernel: TCP bind hash table entries: 16384 (order: 7, 524288 bytes, linear)
May 30 15:22:05 nixos-p4 kernel: TCP: Hash tables configured (established 16384 bind 16384)
May 30 15:22:05 nixos-p4 kernel: MPTCP token hash table entries: 2048 (order: 4, 49152 bytes, linear)
May 30 15:22:05 nixos-p4 kernel: UDP hash table entries: 1024 (order: 3, 32768 bytes, linear)
May 30 15:22:05 nixos-p4 kernel: UDP-Lite hash table entries: 1024 (order: 3, 32768 bytes, linear)
May 30 15:22:05 nixos-p4 kernel: NET: Registered PF_UNIX/PF_LOCAL protocol family
May 30 15:22:05 nixos-p4 kernel: NET: Registered PF_XDP protocol family
May 30 15:22:05 nixos-p4 kernel: pci 0000:00:06.0: BAR 0 [mem 0x7ff00000-0x7ff00fff]: assigned
May 30 15:22:05 nixos-p4 kernel: pci 0000:00:1f.1: BAR 5 [mem 0x7ff01000-0x7ff013ff]: assigned
May 30 15:22:05 nixos-p4 kernel: pci 0000:00:01.0: PCI bridge to [bus 01]
May 30 15:22:05 nixos-p4 kernel: pci 0000:00:01.0:   bridge window [io  0xc000-0xcfff]
May 30 15:22:05 nixos-p4 kernel: pci 0000:00:01.0:   bridge window [mem 0xf8000000-0xf80fffff]
May 30 15:22:05 nixos-p4 kernel: pci 0000:00:01.0:   bridge window [mem 0xd0000000-0xefffffff pref]
May 30 15:22:05 nixos-p4 kernel: pci 0000:00:1e.0: PCI bridge to [bus 02]
May 30 15:22:05 nixos-p4 kernel: pci 0000:00:1e.0:   bridge window [io  0xd000-0xdfff]
May 30 15:22:05 nixos-p4 kernel: pci 0000:00:1e.0:   bridge window [mem 0xf8100000-0xf81fffff]
May 30 15:22:05 nixos-p4 kernel: pci_bus 0000:00: resource 4 [io  0x0000-0x0cf7 window]
May 30 15:22:05 nixos-p4 kernel: pci_bus 0000:00: resource 5 [io  0x0d00-0xffff window]
May 30 15:22:05 nixos-p4 kernel: pci_bus 0000:00: resource 6 [mem 0x000a0000-0x000dffff window]
May 30 15:22:05 nixos-p4 kernel: pci_bus 0000:00: resource 7 [mem 0x7ff00000-0xfebfffff window]
May 30 15:22:05 nixos-p4 kernel: pci_bus 0000:01: resource 0 [io  0xc000-0xcfff]
May 30 15:22:05 nixos-p4 kernel: pci_bus 0000:01: resource 1 [mem 0xf8000000-0xf80fffff]
May 30 15:22:05 nixos-p4 kernel: pci_bus 0000:01: resource 2 [mem 0xd0000000-0xefffffff pref]
May 30 15:22:05 nixos-p4 kernel: pci_bus 0000:02: resource 0 [io  0xd000-0xdfff]
May 30 15:22:05 nixos-p4 kernel: pci_bus 0000:02: resource 1 [mem 0xf8100000-0xf81fffff]
May 30 15:22:05 nixos-p4 kernel: pci_bus 0000:02: resource 4 [io  0x0000-0x0cf7 window]
May 30 15:22:05 nixos-p4 kernel: pci_bus 0000:02: resource 5 [io  0x0d00-0xffff window]
May 30 15:22:05 nixos-p4 kernel: pci_bus 0000:02: resource 6 [mem 0x000a0000-0x000dffff window]
May 30 15:22:05 nixos-p4 kernel: pci_bus 0000:02: resource 7 [mem 0x7ff00000-0xfebfffff window]
May 30 15:22:05 nixos-p4 kernel: PCI: CLS 32 bytes, default 64
May 30 15:22:05 nixos-p4 kernel: Trying to unpack rootfs image as initramfs...
May 30 15:22:05 nixos-p4 kernel: Initialise system trusted keyrings
May 30 15:22:05 nixos-p4 kernel: workingset: timestamp_bits=40 max_order=19 bucket_order=0
May 30 15:22:05 nixos-p4 kernel: Key type asymmetric registered
May 30 15:22:05 nixos-p4 kernel: Asymmetric key parser 'x509' registered
May 30 15:22:05 nixos-p4 kernel: Block layer SCSI generic (bsg) driver version 0.4 loaded (major 251)
May 30 15:22:05 nixos-p4 kernel: io scheduler mq-deadline registered
May 30 15:22:05 nixos-p4 kernel: io scheduler kyber registered
May 30 15:22:05 nixos-p4 kernel: Serial: 8250/16550 driver, 4 ports, IRQ sharing enabled
May 30 15:22:05 nixos-p4 kernel: 00:03: ttyS0 at I/O 0x3f8 (irq = 4, base_baud = 115200) is a 16550A
May 30 15:22:05 nixos-p4 kernel: 00:04: ttyS1 at I/O 0x2f8 (irq = 3, base_baud = 115200) is a 16550A
May 30 15:22:05 nixos-p4 kernel: Linux agpgart interface v0.103
May 30 15:22:05 nixos-p4 kernel: ACPI: bus type drm_connector registered
May 30 15:22:05 nixos-p4 kernel: usbcore: registered new interface driver usbserial_generic
May 30 15:22:05 nixos-p4 kernel: usbserial: USB Serial support registered for generic
May 30 15:22:05 nixos-p4 kernel: intel_pstate: CPU model not supported
May 30 15:22:05 nixos-p4 kernel: drop_monitor: Initializing network drop monitor service
May 30 15:22:05 nixos-p4 kernel: NET: Registered PF_INET6 protocol family
May 30 15:22:05 nixos-p4 kernel: Freeing initrd memory: 26584K
May 30 15:22:05 nixos-p4 kernel: Segment Routing with IPv6
May 30 15:22:05 nixos-p4 kernel: In-situ OAM (IOAM) with IPv6
May 30 15:22:05 nixos-p4 kernel: microcode: Current revision: 0x00000007
May 30 15:22:05 nixos-p4 kernel: IPI shorthand broadcast: enabled
May 30 15:22:05 nixos-p4 kernel: sched_clock: Marking stable (678140128, 2017768)->(682703454, -2545558)
May 30 15:22:05 nixos-p4 kernel: registered taskstats version 1
May 30 15:22:05 nixos-p4 kernel: Loading compiled-in X.509 certificates
May 30 15:22:05 nixos-p4 kernel: Demotion targets for Node 0: null
May 30 15:22:05 nixos-p4 kernel: Key type .fscrypt registered
May 30 15:22:05 nixos-p4 kernel: Key type fscrypt-provisioning registered
May 30 15:22:05 nixos-p4 kernel: PM:   Magic number: 10:344:381
May 30 15:22:05 nixos-p4 kernel: RAS: Correctable Errors collector initialized.
May 30 15:22:05 nixos-p4 kernel: clk: Disabling unused clocks
May 30 15:22:05 nixos-p4 kernel: PM: genpd: Disabling unused power domains
May 30 15:22:05 nixos-p4 kernel: Freeing unused decrypted memory: 2028K
May 30 15:22:05 nixos-p4 kernel: Freeing unused kernel image (initmem) memory: 3416K
May 30 15:22:05 nixos-p4 kernel: Write protecting the kernel read-only data: 30720k
May 30 15:22:05 nixos-p4 kernel: Freeing unused kernel image (rodata/data gap) memory: 1744K
May 30 15:22:05 nixos-p4 kernel: x86/mm: Checked W+X mappings: passed, no W+X pages found.
May 30 15:22:05 nixos-p4 kernel: x86/mm: Checking user space page tables
May 30 15:22:05 nixos-p4 kernel: x86/mm: Checked W+X mappings: passed, no W+X pages found.
May 30 15:22:05 nixos-p4 kernel: Run /init as init process
May 30 15:22:05 nixos-p4 kernel:   with arguments:
May 30 15:22:05 nixos-p4 kernel:     /init
May 30 15:22:05 nixos-p4 kernel:   with environment:
May 30 15:22:05 nixos-p4 kernel:     HOME=/
May 30 15:22:05 nixos-p4 kernel:     TERM=linux
May 30 15:22:05 nixos-p4 stage-1-init: [Sat May 30 12:21:41 UTC 2026] loading module dm_mod...
May 30 15:22:05 nixos-p4 kernel: device-mapper: ioctl: 4.48.0-ioctl (2023-03-01) initialised: dm-devel@lists.linux.dev
May 30 15:22:05 nixos-p4 stage-1-init: [Sat May 30 12:21:41 UTC 2026] running udev...
May 30 15:22:05 nixos-p4 stage-1-init: [Sat May 30 12:21:41 UTC 2026] Starting systemd-udevd version 258.7
May 30 15:22:05 nixos-p4 kernel: uhci_hcd 0000:00:1d.0: UHCI Host Controller
May 30 15:22:05 nixos-p4 kernel: uhci_hcd 0000:00:1d.0: new USB bus registered, assigned bus number 1
May 30 15:22:05 nixos-p4 kernel: uhci_hcd 0000:00:1d.0: detected 2 ports
May 30 15:22:05 nixos-p4 kernel: uhci_hcd 0000:00:1d.0: irq 16, io port 0x0000e300
May 30 15:22:05 nixos-p4 kernel: usb usb1: New USB device found, idVendor=1d6b, idProduct=0001, bcdDevice= 6.12
May 30 15:22:05 nixos-p4 kernel: usb usb1: New USB device strings: Mfr=3, Product=2, SerialNumber=1
May 30 15:22:05 nixos-p4 kernel: usb usb1: Product: UHCI Host Controller
May 30 15:22:05 nixos-p4 kernel: usb usb1: Manufacturer: Linux 6.12.90 uhci_hcd
May 30 15:22:05 nixos-p4 kernel: usb usb1: SerialNumber: 0000:00:1d.0
May 30 15:22:05 nixos-p4 kernel: hub 1-0:1.0: USB hub found
May 30 15:22:05 nixos-p4 kernel: hub 1-0:1.0: 2 ports detected
May 30 15:22:05 nixos-p4 kernel: uhci_hcd 0000:00:1d.1: UHCI Host Controller
May 30 15:22:05 nixos-p4 kernel: uhci_hcd 0000:00:1d.1: new USB bus registered, assigned bus number 2
May 30 15:22:05 nixos-p4 kernel: uhci_hcd 0000:00:1d.1: detected 2 ports
May 30 15:22:05 nixos-p4 kernel: uhci_hcd 0000:00:1d.1: irq 19, io port 0x0000e000
May 30 15:22:05 nixos-p4 kernel: usb usb2: New USB device found, idVendor=1d6b, idProduct=0001, bcdDevice= 6.12
May 30 15:22:05 nixos-p4 kernel: usb usb2: New USB device strings: Mfr=3, Product=2, SerialNumber=1
May 30 15:22:05 nixos-p4 kernel: usb usb2: Product: UHCI Host Controller
May 30 15:22:05 nixos-p4 kernel: usb usb2: Manufacturer: Linux 6.12.90 uhci_hcd
May 30 15:22:05 nixos-p4 kernel: usb usb2: SerialNumber: 0000:00:1d.1
May 30 15:22:05 nixos-p4 kernel: hub 2-0:1.0: USB hub found
May 30 15:22:05 nixos-p4 kernel: hub 2-0:1.0: 2 ports detected
May 30 15:22:05 nixos-p4 kernel: uhci_hcd 0000:00:1d.2: UHCI Host Controller
May 30 15:22:05 nixos-p4 kernel: uhci_hcd 0000:00:1d.2: new USB bus registered, assigned bus number 3
May 30 15:22:05 nixos-p4 kernel: uhci_hcd 0000:00:1d.2: detected 2 ports
May 30 15:22:05 nixos-p4 kernel: uhci_hcd 0000:00:1d.2: irq 18, io port 0x0000e100
May 30 15:22:05 nixos-p4 kernel: usb usb3: New USB device found, idVendor=1d6b, idProduct=0001, bcdDevice= 6.12
May 30 15:22:05 nixos-p4 kernel: usb usb3: New USB device strings: Mfr=3, Product=2, SerialNumber=1
May 30 15:22:05 nixos-p4 kernel: usb usb3: Product: UHCI Host Controller
May 30 15:22:05 nixos-p4 kernel: usb usb3: Manufacturer: Linux 6.12.90 uhci_hcd
May 30 15:22:05 nixos-p4 kernel: usb usb3: SerialNumber: 0000:00:1d.2
May 30 15:22:05 nixos-p4 kernel: hub 3-0:1.0: USB hub found
May 30 15:22:05 nixos-p4 kernel: hub 3-0:1.0: 2 ports detected
May 30 15:22:05 nixos-p4 kernel: uhci_hcd 0000:00:1d.3: UHCI Host Controller
May 30 15:22:05 nixos-p4 kernel: uhci_hcd 0000:00:1d.3: new USB bus registered, assigned bus number 4
May 30 15:22:05 nixos-p4 kernel: uhci_hcd 0000:00:1d.3: detected 2 ports
May 30 15:22:05 nixos-p4 kernel: uhci_hcd 0000:00:1d.3: irq 16, io port 0x0000e200
May 30 15:22:05 nixos-p4 kernel: usb usb4: New USB device found, idVendor=1d6b, idProduct=0001, bcdDevice= 6.12
May 30 15:22:05 nixos-p4 kernel: usb usb4: New USB device strings: Mfr=3, Product=2, SerialNumber=1
May 30 15:22:05 nixos-p4 kernel: usb usb4: Product: UHCI Host Controller
May 30 15:22:05 nixos-p4 kernel: usb usb4: Manufacturer: Linux 6.12.90 uhci_hcd
May 30 15:22:05 nixos-p4 kernel: usb usb4: SerialNumber: 0000:00:1d.3
May 30 15:22:05 nixos-p4 kernel: hub 4-0:1.0: USB hub found
May 30 15:22:05 nixos-p4 kernel: hub 4-0:1.0: 2 ports detected
May 30 15:22:05 nixos-p4 kernel: SCSI subsystem initialized
May 30 15:22:05 nixos-p4 kernel: ehci-pci 0000:00:1d.7: EHCI Host Controller
May 30 15:22:05 nixos-p4 kernel: ehci-pci 0000:00:1d.7: new USB bus registered, assigned bus number 5
May 30 15:22:05 nixos-p4 kernel: ehci-pci 0000:00:1d.7: irq 23, io mem 0xf8200000
May 30 15:22:05 nixos-p4 kernel: ehci-pci 0000:00:1d.7: USB 2.0 started, EHCI 1.00
May 30 15:22:05 nixos-p4 kernel: usb usb5: New USB device found, idVendor=1d6b, idProduct=0002, bcdDevice= 6.12
May 30 15:22:05 nixos-p4 kernel: usb usb5: New USB device strings: Mfr=3, Product=2, SerialNumber=1
May 30 15:22:05 nixos-p4 kernel: usb usb5: Product: EHCI Host Controller
May 30 15:22:05 nixos-p4 kernel: usb usb5: Manufacturer: Linux 6.12.90 ehci_hcd
May 30 15:22:05 nixos-p4 kernel: usb usb5: SerialNumber: 0000:00:1d.7
May 30 15:22:05 nixos-p4 kernel: hub 5-0:1.0: USB hub found
May 30 15:22:05 nixos-p4 kernel: hub 5-0:1.0: 8 ports detected
May 30 15:22:05 nixos-p4 kernel: libata version 3.00 loaded.
May 30 15:22:05 nixos-p4 kernel: hub 1-0:1.0: USB hub found
May 30 15:22:05 nixos-p4 kernel: hub 1-0:1.0: 2 ports detected
May 30 15:22:05 nixos-p4 kernel: hub 2-0:1.0: USB hub found
May 30 15:22:05 nixos-p4 kernel: hub 2-0:1.0: 2 ports detected
May 30 15:22:05 nixos-p4 kernel: ata_piix 0000:00:1f.1: version 2.13
May 30 15:22:05 nixos-p4 kernel: scsi host0: ata_piix
May 30 15:22:05 nixos-p4 kernel: scsi host1: ata_piix
May 30 15:22:05 nixos-p4 kernel: ata1: PATA max UDMA/100 cmd 0x1f0 ctl 0x3f6 bmdma 0xf000 irq 14 lpm-pol 0
May 30 15:22:05 nixos-p4 kernel: ata2: PATA max UDMA/100 cmd 0x170 ctl 0x376 bmdma 0xf008 irq 15 lpm-pol 0
May 30 15:22:05 nixos-p4 kernel: ata_piix 0000:00:1f.2: MAP [ P0 -- P1 -- ]
May 30 15:22:05 nixos-p4 kernel: scsi host2: ata_piix
May 30 15:22:05 nixos-p4 kernel: scsi host3: ata_piix
May 30 15:22:05 nixos-p4 kernel: ata3: SATA max UDMA/133 cmd 0xe400 ctl 0xe500 bmdma 0xe800 irq 18 lpm-pol 0
May 30 15:22:05 nixos-p4 kernel: ata4: SATA max UDMA/133 cmd 0xe600 ctl 0xe700 bmdma 0xe808 irq 18 lpm-pol 0
May 30 15:22:05 nixos-p4 kernel: hub 3-0:1.0: USB hub found
May 30 15:22:05 nixos-p4 kernel: hub 3-0:1.0: 2 ports detected
May 30 15:22:05 nixos-p4 kernel: tsc: Refined TSC clocksource calibration: 3394.203 MHz
May 30 15:22:05 nixos-p4 kernel: clocksource: tsc: mask: 0xffffffffffffffff max_cycles: 0x30ecea5be2a, max_idle_ns: 440795261704 ns
May 30 15:22:05 nixos-p4 kernel: clocksource: Switched to clocksource tsc
May 30 15:22:05 nixos-p4 kernel: hub 4-0:1.0: USB hub found
May 30 15:22:05 nixos-p4 kernel: hub 4-0:1.0: 2 ports detected
May 30 15:22:05 nixos-p4 kernel: ata2.01: ATAPI: HL-DT-STDVD-RAM GH22NP21, 1.00, max UDMA/66
May 30 15:22:05 nixos-p4 kernel: ata1.00: ATA-6: WDC WD800JB-00FMA0, 13.03G13, max UDMA/100
May 30 15:22:05 nixos-p4 kernel: ata1.00: 156301488 sectors, multi 16: LBA 
May 30 15:22:05 nixos-p4 kernel: scsi 0:0:0:0: Direct-Access     ATA      WDC WD800JB-00FM 3G13 PQ: 0 ANSI: 5
May 30 15:22:05 nixos-p4 kernel: scsi 1:0:1:0: CD-ROM            HL-DT-ST DVD-RAM GH22NP21 1.00 PQ: 0 ANSI: 5
May 30 15:22:05 nixos-p4 kernel: i8042: PNP: PS/2 Controller [PNP0303:PS2K] at 0x60,0x64 irq 1
May 30 15:22:05 nixos-p4 kernel: i8042: PNP: PS/2 appears to have AUX port disabled, if this is incorrect please boot with i8042.nopnp
May 30 15:22:05 nixos-p4 kernel: serio: i8042 KBD port at 0x60,0x64 irq 1
May 30 15:22:05 nixos-p4 kernel: sd 0:0:0:0: [sda] 156301488 512-byte logical blocks: (80.0 GB/74.5 GiB)
May 30 15:22:05 nixos-p4 kernel: sd 0:0:0:0: [sda] Write Protect is off
May 30 15:22:05 nixos-p4 kernel: sd 0:0:0:0: [sda] Mode Sense: 00 3a 00 00
May 30 15:22:05 nixos-p4 kernel: sd 0:0:0:0: [sda] Write cache: enabled, read cache: enabled, doesn't support DPO or FUA
May 30 15:22:05 nixos-p4 kernel: sd 0:0:0:0: [sda] Preferred minimum I/O size 512 bytes
May 30 15:22:05 nixos-p4 kernel:  sda: sda1 sda2
May 30 15:22:05 nixos-p4 kernel: sd 0:0:0:0: [sda] Attached SCSI disk
May 30 15:22:05 nixos-p4 kernel: sr 1:0:1:0: [sr0] scsi3-mmc drive: 48x/48x writer dvd-ram cd/rw xa/form2 cdda tray
May 30 15:22:05 nixos-p4 kernel: cdrom: Uniform CD-ROM driver Revision: 3.20
May 30 15:22:05 nixos-p4 kernel: input: AT Translated Set 2 keyboard as /devices/platform/i8042/serio0/input/input0
May 30 15:22:05 nixos-p4 kernel: sr 1:0:1:0: Attached scsi CD-ROM sr0
May 30 15:22:05 nixos-p4 kernel: usb 2-1: new low-speed USB device number 2 using uhci_hcd
May 30 15:22:05 nixos-p4 kernel: usb 2-1: New USB device found, idVendor=89e5, idProduct=1001, bcdDevice= 1.00
May 30 15:22:05 nixos-p4 kernel: usb 2-1: New USB device strings: Mfr=0, Product=1, SerialNumber=0
May 30 15:22:06 nixos-p4 kernel: usb 2-1: Product:  USB OPTICAL MOUSE
May 30 15:22:06 nixos-p4 kernel: hid: raw HID events driver (C) Jiri Kosina
May 30 15:22:06 nixos-p4 kernel: usbcore: registered new interface driver usbhid
May 30 15:22:06 nixos-p4 kernel: usbhid: USB HID core driver
May 30 15:22:06 nixos-p4 kernel: input:  USB OPTICAL MOUSE as /devices/pci0000:00/0000:00:1d.1/usb2/2-1/2-1:1.0/0003:89E5:1001.0001/input/input1
May 30 15:22:06 nixos-p4 kernel: hid-generic 0003:89E5:1001.0001: input,hidraw0: USB HID v1.11 Mouse [ USB OPTICAL MOUSE] on usb-0000:00:1d.1-1/input0
May 30 15:22:06 nixos-p4 stage-1-init: [Sat May 30 12:21:42 UTC 2026] starting device mapper and LVM...
May 30 15:22:06 nixos-p4 kernel: random: crng init done
May 30 15:22:06 nixos-p4 kernel: usb 5-4: new high-speed USB device number 3 using ehci-pci
May 30 15:22:06 nixos-p4 stage-1-init: [Sat May 30 12:21:43 UTC 2026] checking /dev/disk/by-uuid/e7eba578-1334-4710-90fe-ce72bf9ee4d9...
May 30 15:22:06 nixos-p4 stage-1-init: [Sat May 30 12:21:43 UTC 2026] fsck (busybox 1.36.1)
May 30 15:22:06 nixos-p4 stage-1-init: [Sat May 30 12:21:43 UTC 2026] [fsck.ext4 (1) -- /mnt-root/] fsck.ext4 -a /dev/disk/by-uuid/e7eba578-1334-4710-90fe-ce72bf9ee4d9
May 30 15:22:06 nixos-p4 stage-1-init: [Sat May 30 12:21:43 UTC 2026] nixos: clean, 1818878/4505600 files, 14394056/18006119 blocks
May 30 15:22:06 nixos-p4 stage-1-init: [Sat May 30 12:21:43 UTC 2026] mounting /dev/disk/by-uuid/e7eba578-1334-4710-90fe-ce72bf9ee4d9 on /...
May 30 15:22:06 nixos-p4 kernel: usb 5-4: New USB device found, idVendor=148f, idProduct=3070, bcdDevice= 1.01
May 30 15:22:06 nixos-p4 kernel: usb 5-4: New USB device strings: Mfr=1, Product=2, SerialNumber=3
May 30 15:22:06 nixos-p4 kernel: usb 5-4: Product: 802.11 n WLAN
May 30 15:22:06 nixos-p4 kernel: usb 5-4: Manufacturer: Ralink
May 30 15:22:06 nixos-p4 kernel: usb 5-4: SerialNumber: 1.0
May 30 15:22:06 nixos-p4 kernel: EXT4-fs (sda2): mounted filesystem e7eba578-1334-4710-90fe-ce72bf9ee4d9 r/w with ordered data mode. Quota mode: none.
May 30 15:22:06 nixos-p4 kernel: EXT4-fs (sda2): re-mounted e7eba578-1334-4710-90fe-ce72bf9ee4d9.
May 30 15:22:06 nixos-p4 unknown: booting system configuration /nix/store/y1r8ka0ypplwrss8wpap0xd5bvgh05rl-nixos-system-nixos-p4-25.11.11278.b77b3de87756
May 30 15:22:06 nixos-p4 stage-2-init: running activation script...
May 30 15:22:06 nixos-p4 stage-2-init: setting up /etc...
May 30 15:22:06 nixos-p4 systemd[1]: Inserted module 'autofs4'
May 30 15:22:06 nixos-p4 systemd[1]: systemd 258.7 running in system mode (+PAM +AUDIT -SELINUX +APPARMOR +IMA +IPE +SMACK +SECCOMP +GCRYPT -GNUTLS +OPENSSL +ACL +BLKID +CURL +ELFUTILS +FIDO2 +IDN2 -IDN -IPTC +KMOD +LIBCRYPTSETUP +LIBCRYPTSETUP_PLUGINS +LIBFDISK +PCRE2 +PWQUALITY +P11KIT +QRENCODE +TPM2 +BZIP2 +LZ4 +XZ +ZLIB +ZSTD +BPF_FRAMEWORK -BTF -XKBCOMMON +UTMP -SYSVINIT +LIBARCHIVE)
May 30 15:22:06 nixos-p4 systemd[1]: Detected architecture x86-64.
May 30 15:22:06 nixos-p4 systemd[1]: Hostname set to <nixos-p4>.
May 30 15:22:06 nixos-p4 systemd[1]: bpf-restrict-fs: LSM BPF program attached
May 30 15:22:06 nixos-p4 kernel: zram: Added device: zram0
May 30 15:22:06 nixos-p4 systemd[1]: /etc/systemd/system/cups.socket:5: ListenStream= references a path below legacy directory /var/run/, updating /var/run/cups/cups.sock → /run/cups/cups.sock; please update the unit file accordingly.
May 30 15:22:06 nixos-p4 systemd[1]: Queued start job for default target Graphical Interface.
May 30 15:22:06 nixos-p4 systemd[1]: Created slice Slice /system/modprobe.
May 30 15:22:06 nixos-p4 systemd[1]: Created slice Samba (SMB Networking Protocol) Slice.
May 30 15:22:06 nixos-p4 systemd[1]: Created slice Slice /system/systemd-zram-setup.
May 30 15:22:06 nixos-p4 systemd[1]: Created slice User and Session Slice.
May 30 15:22:06 nixos-p4 systemd[1]: Started Dispatch Password Requests to Console Directory Watch.
May 30 15:22:06 nixos-p4 systemd[1]: Started Forward Password Requests to Wall Directory Watch.
May 30 15:22:06 nixos-p4 systemd[1]: Expecting device /dev/disk/by-uuid/9680981d-7781-4d5c-8415-a5e5683bec62...
May 30 15:22:06 nixos-p4 systemd[1]: Expecting device /dev/zram0...
May 30 15:22:06 nixos-p4 systemd[1]: Expecting device /sys/subsystem/net/devices/enp2s3...
May 30 15:22:06 nixos-p4 systemd[1]: Reached target Local Encrypted Volumes.
May 30 15:22:06 nixos-p4 systemd[1]: Reached target Login Prompts.
May 30 15:22:06 nixos-p4 systemd[1]: Reached target Virtual Machines and Containers.
May 30 15:22:06 nixos-p4 systemd[1]: Reached target Path Units.
May 30 15:22:06 nixos-p4 systemd[1]: Reached target Remote File Systems.
May 30 15:22:06 nixos-p4 systemd[1]: Reached target Slice Units.
May 30 15:22:06 nixos-p4 systemd[1]: Listening on Process Core Dump Socket.
May 30 15:22:06 nixos-p4 systemd[1]: Listening on Credential Encryption/Decryption.
May 30 15:22:06 nixos-p4 systemd[1]: Listening on Journal Audit Socket.
May 30 15:22:06 nixos-p4 systemd[1]: Listening on Journal Socket (/dev/log).
May 30 15:22:06 nixos-p4 systemd[1]: Listening on Journal Sockets.
May 30 15:22:06 nixos-p4 systemd[1]: Listening on Userspace Out-Of-Memory (OOM) Killer Socket.
May 30 15:22:06 nixos-p4 systemd[1]: Make TPM PCR Policy skipped, unmet condition check ConditionSecurity=measured-uki
May 30 15:22:06 nixos-p4 systemd[1]: Listening on udev Control Socket.
May 30 15:22:06 nixos-p4 systemd[1]: Listening on udev Kernel Socket.
May 30 15:22:06 nixos-p4 systemd[1]: Mounting Huge Pages File System...
May 30 15:22:06 nixos-p4 systemd[1]: Mounting POSIX Message Queue File System...
May 30 15:22:06 nixos-p4 systemd[1]: Mounting Kernel Debug File System...
May 30 15:22:06 nixos-p4 systemd[1]: Mounting Kernel Trace File System...
May 30 15:22:06 nixos-p4 systemd[1]: Starting Create List of Static Device Nodes...
May 30 15:22:06 nixos-p4 systemd[1]: Starting Load Kernel Module configfs...
May 30 15:22:06 nixos-p4 systemd[1]: Load Kernel Module drm skipped, unmet condition check ConditionKernelModuleLoaded=!drm
May 30 15:22:06 nixos-p4 systemd[1]: Starting Load Kernel Module efi_pstore...
May 30 15:22:06 nixos-p4 systemd[1]: Starting Load Kernel Module fuse...
May 30 15:22:06 nixos-p4 systemd[1]: File System Check on Root Device skipped, unmet condition check ConditionPathIsReadWrite=!/
May 30 15:22:06 nixos-p4 systemd[1]: Clear Stale Hibernate Storage Info skipped, unmet condition check ConditionPathExists=/sys/firmware/efi/efivars/HibernateLocation-8cf2644b-4b0b-428f-9387-6d876050dc67
May 30 15:22:06 nixos-p4 systemd[1]: Starting Journal Service...
May 30 15:22:06 nixos-p4 systemd[1]: Starting Load Kernel Modules...
May 30 15:22:06 nixos-p4 systemd[1]: Starting Remount Root and Kernel File Systems...
May 30 15:22:06 nixos-p4 systemd[1]: Early TPM SRK Setup skipped, unmet condition check ConditionSecurity=measured-uki
May 30 15:22:06 nixos-p4 systemd[1]: Starting Coldplug All udev Devices...
May 30 15:22:06 nixos-p4 systemd[1]: Finished Create List of Static Device Nodes.
May 30 15:22:06 nixos-p4 systemd[1]: Starting Create Static Device Nodes in /dev gracefully...
May 30 15:22:06 nixos-p4 systemd[1]: modprobe@efi_pstore.service: Deactivated successfully.
May 30 15:22:06 nixos-p4 systemd[1]: Finished Load Kernel Module efi_pstore.
May 30 15:22:06 nixos-p4 kernel: fuse: init (API version 7.41)
May 30 15:22:06 nixos-p4 systemd[1]: modprobe@configfs.service: Deactivated successfully.
May 30 15:22:06 nixos-p4 systemd[1]: Finished Load Kernel Module configfs.
May 30 15:22:06 nixos-p4 systemd[1]: modprobe@fuse.service: Deactivated successfully.
May 30 15:22:06 nixos-p4 systemd[1]: Finished Load Kernel Module fuse.
May 30 15:22:06 nixos-p4 systemd[1]: Mounting FUSE Control File System...
May 30 15:22:06 nixos-p4 systemd[1]: Mounting Kernel Configuration File System...
May 30 15:22:06 nixos-p4 systemd-journald[360]: Collecting audit messages is enabled.
May 30 15:22:06 nixos-p4 systemd[1]: Mounted FUSE Control File System.
May 30 15:22:06 nixos-p4 systemd[1]: Mounted Huge Pages File System.
May 30 15:22:06 nixos-p4 systemd[1]: Mounted POSIX Message Queue File System.
May 30 15:22:06 nixos-p4 systemd[1]: Mounted Kernel Debug File System.
May 30 15:22:06 nixos-p4 systemd[1]: Mounted Kernel Trace File System.
May 30 15:22:06 nixos-p4 systemd[1]: Mounted Kernel Configuration File System.
May 30 15:22:06 nixos-p4 kernel: EXT4-fs (sda2): re-mounted e7eba578-1334-4710-90fe-ce72bf9ee4d9.
May 30 15:22:06 nixos-p4 systemd[1]: Finished Remount Root and Kernel File Systems.
May 30 15:22:06 nixos-p4 systemd[1]: Platform Persistent Storage Archival skipped, unmet condition check ConditionDirectoryNotEmpty=/sys/fs/pstore
May 30 15:22:06 nixos-p4 systemd[1]: Starting Load/Save OS Random Seed...
May 30 15:22:06 nixos-p4 systemd[1]: Starting Network Time Synchronization...
May 30 15:22:06 nixos-p4 systemd[1]: TPM SRK Setup skipped, unmet condition check ConditionSecurity=measured-uki
May 30 15:22:06 nixos-p4 systemd[1]: Finished Create Static Device Nodes in /dev gracefully.
May 30 15:22:06 nixos-p4 systemd[1]: Starting Create Static Device Nodes in /dev...
May 30 15:22:06 nixos-p4 systemd-journald[360]: Journal started
░░ Subject: The journal has been started
░░ Defined-By: systemd
░░ Support: https://lists.freedesktop.org/mailman/listinfo/systemd-devel
░░ 
░░ The system journal process has started up, opened the journal
░░ files for writing and is now ready to process requests.
May 30 15:22:06 nixos-p4 systemd-journald[360]: Runtime Journal (/run/log/journal/e2cb391311e94ea3aa2ccc3750e104d4) is 6.1M, max 49.2M, 43.1M free.
░░ Subject: Disk space used by the journal
░░ Defined-By: systemd
░░ Support: https://lists.freedesktop.org/mailman/listinfo/systemd-devel
░░ 
░░ Runtime Journal (/run/log/journal/e2cb391311e94ea3aa2ccc3750e104d4) is currently using 6.1M.
░░ Maximum allowed usage is set to 49.2M.
░░ Leaving at least 24.6M free (of currently available 486.4M of disk space).
░░ Enforced usage limit is thus 49.2M, of which 43.1M are still available.
░░ 
░░ The limits controlling how much disk space is used by the journal may
░░ be configured with SystemMaxUse=, SystemKeepFree=, SystemMaxFileSize=,
░░ RuntimeMaxUse=, RuntimeKeepFree=, RuntimeMaxFileSize= settings in
░░ /etc/systemd/journald.conf. See journald.conf(5) for details.
May 30 15:22:05 nixos-p4 systemd-modules-load[361]: Module 'ctr' is built in
May 30 15:22:06 nixos-p4 systemd[1]: Started Journal Service.
May 30 15:22:06 nixos-p4 systemd[1]: Starting Flush Journal to Persistent Storage...
░░ Subject: A start job for unit systemd-journal-flush.service has begun execution
░░ Defined-By: systemd
░░ Support: https://lists.freedesktop.org/mailman/listinfo/systemd-devel
░░ 
░░ A start job for unit systemd-journal-flush.service has begun execution.
░░ 
░░ The job identifier is 59.
May 30 15:22:06 nixos-p4 systemd[1]: Finished Load/Save OS Random Seed.
░░ Subject: A start job for unit systemd-random-seed.service has finished successfully
░░ Defined-By: systemd
░░ Support: https://lists.freedesktop.org/mailman/listinfo/systemd-devel
░░ 
░░ A start job for unit systemd-random-seed.service has finished successfully.
░░ 
░░ The job identifier is 43.
May 30 15:22:06 nixos-p4 systemd[1]: First Boot Complete skipped, unmet condition check ConditionFirstBoot=yes
░░ Subject: A start job for unit first-boot-complete.target has finished successfully
░░ Defined-By: systemd
░░ Support: https://lists.freedesktop.org/mailman/listinfo/systemd-devel
░░ 
░░ A start job for unit first-boot-complete.target has finished successfully.
░░ 
░░ The job identifier is 44.
May 30 15:22:06 nixos-p4 systemd[1]: Finished Create Static Device Nodes in /dev.
░░ Subject: A start job for unit systemd-tmpfiles-setup-dev.service has finished successfully
░░ Defined-By: systemd
░░ Support: https://lists.freedesktop.org/mailman/listinfo/systemd-devel
░░ 
░░ A start job for unit systemd-tmpfiles-setup-dev.service has finished successfully.
░░ 
░░ The job identifier is 64.
May 30 15:22:06 nixos-p4 systemd[1]: Reached target Preparation for Local File Systems.
░░ Subject: A start job for unit local-fs-pre.target has finished successfully
░░ Defined-By: systemd
░░ Support: https://lists.freedesktop.org/mailman/listinfo/systemd-devel
░░ 
░░ A start job for unit local-fs-pre.target has finished successfully.
░░ 
░░ The job identifier is 13.
May 30 15:22:06 nixos-p4 systemd-journald[360]: Time spent on flushing to /var/log/journal/e2cb391311e94ea3aa2ccc3750e104d4 is 2.072523s for 635 entries.
May 30 15:22:06 nixos-p4 systemd-journald[360]: System Journal (/var/log/journal/e2cb391311e94ea3aa2ccc3750e104d4) is 563.4M, max 4G, 3.4G free.
░░ Subject: Disk space used by the journal
░░ Defined-By: systemd
░░ Support: https://lists.freedesktop.org/mailman/listinfo/systemd-devel
░░ 
░░ System Journal (/var/log/journal/e2cb391311e94ea3aa2ccc3750e104d4) is currently using 563.4M.
░░ Maximum allowed usage is set to 4G.
░░ Leaving at least 3.3G free (of currently available 10.3G of disk space).
░░ Enforced usage limit is thus 4G, of which 3.4G are still available.
░░ 
░░ The limits controlling how much disk space is used by the journal may
░░ be configured with SystemMaxUse=, SystemKeepFree=, SystemMaxFileSize=,
░░ RuntimeMaxUse=, RuntimeKeepFree=, RuntimeMaxFileSize= settings in
░░ /etc/systemd/journald.conf. See journald.conf(5) for details.
May 30 15:22:06 nixos-p4 systemd[1]: Starting Rule-based Manager for Device Events and Files...
░░ Subject: A start job for unit systemd-udevd.service has begun execution
░░ Defined-By: systemd
░░ Support: https://lists.freedesktop.org/mailman/listinfo/systemd-devel
░░ 
░░ A start job for unit systemd-udevd.service has begun execution.
░░ 
░░ The job identifier is 21.
May 30 15:22:14 nixos-p4 mtp-probe[543]: checking bus 2, device 2: "/sys/devices/pci0000:00/0000:00:1d.1/usb2/2-1"
May 30 15:22:19 nixos-p4 systemd-journald[360]: Received client request to flush runtime journal.
May 30 15:22:06 nixos-p4 systemd-udevd[393]: Using default interface naming scheme 'v258'.
May 30 15:22:14 nixos-p4 mtp-probe[543]: bus: 2, device: 2 was not an MTP device
May 30 15:22:19 nixos-p4 kernel: kvm_intel: VMX not supported by CPU 1
May 30 15:22:06 nixos-p4 systemd-timesyncd[373]: Disabling NSCD because DNSSEC validation is turned off
May 30 15:22:14 nixos-p4 mtp-probe[544]: checking bus 5, device 3: "/sys/devices/pci0000:00/0000:00:1d.7/usb5/5-4"
May 30 15:22:19 nixos-p4 kernel: loop: module loaded
May 30 15:22:06 nixos-p4 systemd[1]: Finished Coldplug All udev Devices.
░░ Subject: A start job for unit systemd-udev-trigger.service has finished successfully
░░ Defined-By: systemd
░░ Support: https://lists.freedesktop.org/mailman/listinfo/systemd-devel
░░ 
░░ A start job for unit systemd-udev-trigger.service has finished successfully.
░░ 
░░ The job identifier is 20.
May 30 15:22:14 nixos-p4 mtp-probe[544]: bus: 5, device: 3 was not an MTP device
May 30 15:22:19 nixos-p4 kernel: zram0: detected capacity change from 0 to 2017280
May 30 15:22:06 nixos-p4 systemd-modules-load[361]: Failed to insert module 'kvm_intel': Operation not supported
May 30 15:22:19 nixos-p4 kernel: input: Power Button as /devices/LNXSYSTM:00/LNXSYBUS:00/PNP0C0C:00/input/input2
May 30 15:22:06 nixos-p4 systemd-modules-load[361]: Inserted module 'loop'
May 30 15:22:19 nixos-p4 kernel: ACPI: button: Power Button [PWRB]
May 30 15:22:06 nixos-p4 systemd[1]: Finished Load Kernel Modules.
░░ Subject: A start job for unit systemd-modules-load.service has finished successfully
░░ Defined-By: systemd
░░ Support: https://lists.freedesktop.org/mailman/listinfo/systemd-devel
░░ 
░░ A start job for unit systemd-modules-load.service has finished successfully.
░░ 
░░ The job identifier is 65.
May 30 15:22:19 nixos-p4 kernel: input: Power Button as /devices/LNXSYSTM:00/LNXPWRBN:00/input/input3
May 30 15:22:06 nixos-p4 systemd[1]: Starting Firewall...
░░ Subject: A start job for unit firewall.service has begun execution
░░ Defined-By: systemd
░░ Support: https://lists.freedesktop.org/mailman/listinfo/systemd-devel
░░ 
░░ A start job for unit firewall.service has begun execution.
░░ 
░░ The job identifier is 66.
May 30 15:22:19 nixos-p4 kernel: ACPI: button: Power Button [PWRF]
May 30 15:22:06 nixos-p4 systemd[1]: Starting Apply Kernel Variables...
░░ Subject: A start job for unit systemd-sysctl.service has begun execution
░░ Defined-By: systemd
░░ Support: https://lists.freedesktop.org/mailman/listinfo/systemd-devel
░░ 
░░ A start job for unit systemd-sysctl.service has begun execution.
░░ 
░░ The job identifier is 53.
May 30 15:22:19 nixos-p4 kernel: Floppy drive(s): fd0 is 1.44M
May 30 15:22:07 nixos-p4 systemd[1]: Started Network Time Synchronization.
░░ Subject: A start job for unit systemd-timesyncd.service has finished successfully
░░ Defined-By: systemd
░░ Support: https://lists.freedesktop.org/mailman/listinfo/systemd-devel
░░ 
░░ A start job for unit systemd-timesyncd.service has finished successfully.
░░ 
░░ The job identifier is 54.
May 30 15:22:19 nixos-p4 kernel: FDC 0 is a post-1991 82077
May 30 15:22:07 nixos-p4 systemd-sysctl[397]: Couldn't write '0' to 'net/ipv4/conf/enp2s3/proxy_arp', ignoring: No such file or directory
May 30 15:22:19 nixos-p4 kernel: thermal LNXTHERM:00: registered as thermal_zone0
May 30 15:22:07 nixos-p4 systemd-sysctl[397]: Couldn't write '2' to 'net/ipv6/conf/enp2s3/use_tempaddr', ignoring: No such file or directory
May 30 15:22:19 nixos-p4 kernel: ACPI: thermal: Thermal Zone [THRM] (27 C)
May 30 15:22:07 nixos-p4 systemd[1]: Finished Apply Kernel Variables.
░░ Subject: A start job for unit systemd-sysctl.service has finished successfully
░░ Defined-By: systemd
░░ Support: https://lists.freedesktop.org/mailman/listinfo/systemd-devel
░░ 
░░ A start job for unit systemd-sysctl.service has finished successfully.
░░ 
░░ The job identifier is 53.
May 30 15:22:19 nixos-p4 kernel: Adding 1008636k swap on /dev/zram0.  Priority:5 extents:1 across:1008636k SSDsc
May 30 15:22:10 nixos-p4 systemd[1]: Started Rule-based Manager for Device Events and Files.
░░ Subject: A start job for unit systemd-udevd.service has finished successfully
░░ Defined-By: systemd
░░ Support: https://lists.freedesktop.org/mailman/listinfo/systemd-devel
░░ 
░░ A start job for unit systemd-udevd.service has finished successfully.
░░ 
░░ The job identifier is 21.
May 30 15:22:19 nixos-p4 kernel: agpgart-intel 0000:00:00.0: Intel 865 Chipset
May 30 15:22:10 nixos-p4 systemd[1]: Found device /dev/zram0.
░░ Subject: A start job for unit dev-zram0.device has finished successfully
░░ Defined-By: systemd
░░ Support: https://lists.freedesktop.org/mailman/listinfo/systemd-devel
░░ 
░░ A start job for unit dev-zram0.device has finished successfully.
░░ 
░░ The job identifier is 36.
May 30 15:22:19 nixos-p4 kernel: agpgart-intel 0000:00:00.0: AGP aperture is 128M @ 0xf0000000
May 30 15:22:10 nixos-p4 systemd[1]: Starting Create swap on /dev/zram0...
░░ Subject: A start job for unit systemd-zram-setup@zram0.service has begun execution
░░ Defined-By: systemd
░░ Support: https://lists.freedesktop.org/mailman/listinfo/systemd-devel
░░ 
░░ A start job for unit systemd-zram-setup@zram0.service has begun execution.
░░ 
░░ The job identifier is 34.
May 30 15:22:19 nixos-p4 kernel: rtc_cmos 00:01: RTC can wake from S4
May 30 15:22:10 nixos-p4 systemd[1]: Finished Firewall.
░░ Subject: A start job for unit firewall.service has finished successfully
░░ Defined-By: systemd
░░ Support: https://lists.freedesktop.org/mailman/listinfo/systemd-devel
░░ 
░░ A start job for unit firewall.service has finished successfully.
░░ 
░░ The job identifier is 66.
May 30 15:22:19 nixos-p4 kernel: rtc_cmos 00:01: registered as rtc0
May 30 15:22:11 nixos-p4 systemd-makefs[531]: /dev/zram0 successfully formatted as swap (label "zram0", uuid 994bf06b-d711-40d9-8a26-414c2fef294e)
May 30 15:22:19 nixos-p4 kernel: rtc_cmos 00:01: setting system clock to 2026-05-30T12:22:12 UTC (1780143732)
May 30 15:22:11 nixos-p4 systemd[1]: Finished Create swap on /dev/zram0.
░░ Subject: A start job for unit systemd-zram-setup@zram0.service has finished successfully
░░ Defined-By: systemd
░░ Support: https://lists.freedesktop.org/mailman/listinfo/systemd-devel
░░ 
░░ A start job for unit systemd-zram-setup@zram0.service has finished successfully.
░░ 
░░ The job identifier is 34.
May 30 15:22:19 nixos-p4 kernel: rtc_cmos 00:01: alarms up to one month, 242 bytes nvram, hpet irqs
May 30 15:22:11 nixos-p4 systemd[1]: Activating swap Compressed Swap on /dev/zram0...
░░ Subject: A start job for unit dev-zram0.swap has begun execution
░░ Defined-By: systemd
░░ Support: https://lists.freedesktop.org/mailman/listinfo/systemd-devel
░░ 
░░ A start job for unit dev-zram0.swap has begun execution.
░░ 
░░ The job identifier is 33.
May 30 15:22:19 nixos-p4 kernel: parport_pc 00:05: reported by Plug and Play ACPI
May 30 15:22:12 nixos-p4 systemd[1]: Activated swap Compressed Swap on /dev/zram0.
░░ Subject: A start job for unit dev-zram0.swap has finished successfully
░░ Defined-By: systemd
░░ Support: https://lists.freedesktop.org/mailman/listinfo/systemd-devel
░░ 
░░ A start job for unit dev-zram0.swap has finished successfully.
░░ 
░░ The job identifier is 33.
May 30 15:22:19 nixos-p4 kernel: parport0: PC-style at 0x378, irq 7 [PCSPP(,...)]
May 30 15:22:13 nixos-p4 systemd[1]: Found device RTL-8100/8101L/8139 PCI Fast Ethernet Adapter.
░░ Subject: A start job for unit sys-subsystem-net-devices-enp2s3.device has finished successfully
░░ Defined-By: systemd
░░ Support: https://lists.freedesktop.org/mailman/listinfo/systemd-devel
░░ 
░░ A start job for unit sys-subsystem-net-devices-enp2s3.device has finished successfully.
░░ 
░░ The job identifier is 87.
May 30 15:22:19 nixos-p4 kernel: intel_rng: FWH not detected
May 30 15:22:14 nixos-p4 systemd[1]: Starting Virtual Console Setup...
░░ Subject: A start job for unit systemd-vconsole-setup.service has begun execution
░░ Defined-By: systemd
░░ Support: https://lists.freedesktop.org/mailman/listinfo/systemd-devel
░░ 
░░ A start job for unit systemd-vconsole-setup.service has begun execution.
░░ 
░░ The job identifier is 130.
May 30 15:22:19 nixos-p4 kernel: 8139cp: 8139cp: 10/100 PCI Ethernet driver v1.3 (Mar 22, 2004)
May 30 15:22:15 nixos-p4 systemd[1]: Reached target Sound Card.
░░ Subject: A start job for unit sound.target has finished successfully
░░ Defined-By: systemd
░░ Support: https://lists.freedesktop.org/mailman/listinfo/systemd-devel
░░ 
░░ A start job for unit sound.target has finished successfully.
░░ 
░░ The job identifier is 133.
May 30 15:22:19 nixos-p4 kernel: 8139cp 0000:02:03.0: This (id 10ec:8139 rev 10) is not an 8139C+ compatible chip, use 8139too
May 30 15:22:16 nixos-p4 systemd[1]: Listening on Load/Save RF Kill Switch Status /dev/rfkill Watch.
░░ Subject: A start job for unit systemd-rfkill.socket has finished successfully
░░ Defined-By: systemd
░░ Support: https://lists.freedesktop.org/mailman/listinfo/systemd-devel
░░ 
░░ A start job for unit systemd-rfkill.socket has finished successfully.
░░ 
░░ The job identifier is 135.
May 30 15:22:19 nixos-p4 kernel: i801_smbus 0000:00:1f.3: SMBus using PCI interrupt
May 30 15:22:16 nixos-p4 systemd[1]: Found device WDC_WD800JB-00FMA0 swap.
░░ Subject: A start job for unit dev-disk-by\x2duuid-9680981d\x2d7781\x2d4d5c\x2d8415\x2da5e5683bec62.device has finished successfully
░░ Defined-By: systemd
░░ Support: https://lists.freedesktop.org/mailman/listinfo/systemd-devel
░░ 
░░ A start job for unit dev-disk-by\x2duuid-9680981d\x2d7781\x2d4d5c\x2d8415\x2da5e5683bec62.device has finished successfully.
░░ 
░░ The job identifier is 31.
May 30 15:22:19 nixos-p4 kernel: i2c i2c-0: Memory type 0x0f not supported yet, not instantiating SPD
May 30 15:22:16 nixos-p4 systemd[1]: Activating swap /dev/disk/by-uuid/9680981d-7781-4d5c-8415-a5e5683bec62...
░░ Subject: A start job for unit dev-disk-by\x2duuid-9680981d\x2d7781\x2d4d5c\x2d8415\x2da5e5683bec62.swap has begun execution
░░ Defined-By: systemd
░░ Support: https://lists.freedesktop.org/mailman/listinfo/systemd-devel
░░ 
░░ A start job for unit dev-disk-by\x2duuid-9680981d\x2d7781\x2d4d5c\x2d8415\x2da5e5683bec62.swap has begun execution.
░░ 
░░ The job identifier is 30.
May 30 15:22:19 nixos-p4 kernel: 8139too: 8139too Fast Ethernet driver 0.9.28
May 30 15:22:17 nixos-p4 systemd[1]: Activated swap /dev/disk/by-uuid/9680981d-7781-4d5c-8415-a5e5683bec62.
░░ Subject: A start job for unit dev-disk-by\x2duuid-9680981d\x2d7781\x2d4d5c\x2d8415\x2da5e5683bec62.swap has finished successfully
░░ Defined-By: systemd
░░ Support: https://lists.freedesktop.org/mailman/listinfo/systemd-devel
░░ 
░░ A start job for unit dev-disk-by\x2duuid-9680981d\x2d7781\x2d4d5c\x2d8415\x2da5e5683bec62.swap has finished successfully.
░░ 
░░ The job identifier is 30.
May 30 15:22:19 nixos-p4 kernel: 8139too 0000:02:03.0 eth0: RealTek RTL8139 at 0x000000007ab9bc19, 00:15:58:4d:37:29, IRQ 23
May 30 15:22:17 nixos-p4 systemd[1]: Reached target Swaps.
░░ Subject: A start job for unit swap.target has finished successfully
░░ Defined-By: systemd
░░ Support: https://lists.freedesktop.org/mailman/listinfo/systemd-devel
░░ 
░░ A start job for unit swap.target has finished successfully.
░░ 
░░ The job identifier is 29.
May 30 15:22:19 nixos-p4 kernel: intel_powerclamp: No package C-state available
May 30 15:22:17 nixos-p4 systemd[1]: Mounting /run/wrappers...
░░ Subject: A start job for unit run-wrappers.mount has begun execution
░░ Defined-By: systemd
░░ Support: https://lists.freedesktop.org/mailman/listinfo/systemd-devel
░░ 
░░ A start job for unit run-wrappers.mount has begun execution.
░░ 
░░ The job identifier is 39.
May 30 15:22:19 nixos-p4 kernel: 8139too 0000:02:03.0 enp2s3: renamed from eth0
May 30 15:22:17 nixos-p4 systemd[1]: Starting Userspace Out-Of-Memory (OOM) Killer...
░░ Subject: A start job for unit systemd-oomd.service has begun execution
░░ Defined-By: systemd
░░ Support: https://lists.freedesktop.org/mailman/listinfo/systemd-devel
░░ 
░░ A start job for unit systemd-oomd.service has begun execution.
░░ 
░░ The job identifier is 113.
May 30 15:22:19 nixos-p4 kernel: ppdev: user-space parallel port driver
May 30 15:22:17 nixos-p4 systemd[1]: Mounted /run/wrappers.
░░ Subject: A start job for unit run-wrappers.mount has finished successfully
░░ Defined-By: systemd
░░ Support: https://lists.freedesktop.org/mailman/listinfo/systemd-devel
░░ 
░░ A start job for unit run-wrappers.mount has finished successfully.
░░ 
░░ The job identifier is 39.
May 30 15:22:19 nixos-p4 kernel: iTCO_wdt iTCO_wdt.1.auto: Found a ICH5 or ICH5R TCO device (Version=1, TCOBASE=0x0460)
May 30 15:22:17 nixos-p4 systemd[1]: Reached target Local File Systems.
░░ Subject: A start job for unit local-fs.target has finished successfully
░░ Defined-By: systemd
░░ Support: https://lists.freedesktop.org/mailman/listinfo/systemd-devel
░░ 
░░ A start job for unit local-fs.target has finished successfully.
░░ 
░░ The job identifier is 10.
May 30 15:22:19 nixos-p4 kernel: iTCO_wdt iTCO_wdt.1.auto: initialized. heartbeat=30 sec (nowayout=0)
May 30 15:22:17 nixos-p4 systemd-timesyncd[373]: Network configuration changed, trying to establish connection.
May 30 15:22:19 nixos-p4 kernel: mousedev: PS/2 mouse device common for all mice
May 30 15:22:17 nixos-p4 systemd-timesyncd[373]: Network configuration changed, trying to establish connection.
May 30 15:22:19 nixos-p4 kernel: snd_intel8x0 0000:00:1f.5: intel8x0_measure_ac97_clock: measured 50925 usecs (2455 samples)
May 30 15:22:17 nixos-p4 systemd[1]: Listening on Boot Entries Service Socket.
░░ Subject: A start job for unit systemd-bootctl.socket has finished successfully
░░ Defined-By: systemd
░░ Support: https://lists.freedesktop.org/mailman/listinfo/systemd-devel
░░ 
░░ A start job for unit systemd-bootctl.socket has finished successfully.
░░ 
░░ The job identifier is 75.
May 30 15:22:19 nixos-p4 kernel: snd_intel8x0 0000:00:1f.5: clocking to 48000
May 30 15:22:17 nixos-p4 systemd-timesyncd[373]: Network configuration changed, trying to establish connection.
May 30 15:22:19 nixos-p4 kernel: cfg80211: Loading compiled-in X.509 certificates for regulatory database
May 30 15:22:17 nixos-p4 systemd[1]: Starting Create SUID/SGID Wrappers...
░░ Subject: A start job for unit suid-sgid-wrappers.service has begun execution
░░ Defined-By: systemd
░░ Support: https://lists.freedesktop.org/mailman/listinfo/systemd-devel
░░ 
░░ A start job for unit suid-sgid-wrappers.service has begun execution.
░░ 
░░ The job identifier is 38.
May 30 15:22:19 nixos-p4 kernel: Adding 4194300k swap on /dev/sda1.  Priority:-2 extents:1 across:4194300k 
May 30 15:22:17 nixos-p4 systemd[1]: Update Boot Loader Random Seed skipped, no trigger condition checks were met.
░░ Subject: A start job for unit systemd-boot-random-seed.service has finished successfully
░░ Defined-By: systemd
░░ Support: https://lists.freedesktop.org/mailman/listinfo/systemd-devel
░░ 
░░ A start job for unit systemd-boot-random-seed.service has finished successfully.
░░ 
░░ The job identifier is 49.
May 30 15:22:19 nixos-p4 kernel: Loaded X.509 cert 'sforshee: 00b28ddf47aef9cea7'
May 30 15:22:17 nixos-p4 systemd[1]: Save Transient machine-id to Disk skipped, unmet condition check ConditionPathIsMountPoint=/etc/machine-id
░░ Subject: A start job for unit systemd-machine-id-commit.service has finished successfully
░░ Defined-By: systemd
░░ Support: https://lists.freedesktop.org/mailman/listinfo/systemd-devel
░░ 
░░ A start job for unit systemd-machine-id-commit.service has finished successfully.
░░ 
░░ The job identifier is 58.
May 30 15:22:19 nixos-p4 kernel: Loaded X.509 cert 'wens: 61c038651aabdcf94bd0ac7ff06c7248db18c600'
May 30 15:22:17 nixos-p4 systemd[1]: Started Userspace Out-Of-Memory (OOM) Killer.
░░ Subject: A start job for unit systemd-oomd.service has finished successfully
░░ Defined-By: systemd
░░ Support: https://lists.freedesktop.org/mailman/listinfo/systemd-devel
░░ 
░░ A start job for unit systemd-oomd.service has finished successfully.
░░ 
░░ The job identifier is 113.
May 30 15:22:19 nixos-p4 kernel: usb 5-4: reset high-speed USB device number 3 using ehci-pci
May 30 15:22:18 nixos-p4 systemd[1]: Starting Load/Save RF Kill Switch Status...
░░ Subject: A start job for unit systemd-rfkill.service has begun execution
░░ Defined-By: systemd
░░ Support: https://lists.freedesktop.org/mailman/listinfo/systemd-devel
░░ 
░░ A start job for unit systemd-rfkill.service has begun execution.
░░ 
░░ The job identifier is 146.
May 30 15:22:19 nixos-p4 kernel: [drm] radeon kernel modesetting enabled.
May 30 15:22:18 nixos-p4 systemd[1]: systemd-vconsole-setup.service: Deactivated successfully.
░░ Subject: Unit succeeded
░░ Defined-By: systemd
░░ Support: https://lists.freedesktop.org/mailman/listinfo/systemd-devel
░░ 
░░ The unit systemd-vconsole-setup.service has successfully entered the 'dead' state.
May 30 15:22:19 nixos-p4 kernel: radeon 0000:01:00.0: vgaarb: deactivate vga console
May 30 15:22:18 nixos-p4 systemd[1]: Stopped Virtual Console Setup.
░░ Subject: A stop job for unit systemd-vconsole-setup.service has finished
░░ Defined-By: systemd
░░ Support: https://lists.freedesktop.org/mailman/listinfo/systemd-devel
░░ 
░░ A stop job for unit systemd-vconsole-setup.service has finished.
░░ 
░░ The job identifier is 130 and the job result is done.
May 30 15:22:19 nixos-p4 kernel: Console: switching to colour dummy device 80x25
May 30 15:22:18 nixos-p4 systemd[1]: Starting Virtual Console Setup...
░░ Subject: A start job for unit systemd-vconsole-setup.service has begun execution
░░ Defined-By: systemd
░░ Support: https://lists.freedesktop.org/mailman/listinfo/systemd-devel
░░ 
░░ A start job for unit systemd-vconsole-setup.service has begun execution.
░░ 
░░ The job identifier is 130.
May 30 15:22:19 nixos-p4 kernel: [drm] initializing kernel modesetting (RV350 0x1002:0x4150 0x174B:0x7C20 0x00).
May 30 15:22:18 nixos-p4 systemd[1]: Started Load/Save RF Kill Switch Status.
░░ Subject: A start job for unit systemd-rfkill.service has finished successfully
░░ Defined-By: systemd
░░ Support: https://lists.freedesktop.org/mailman/listinfo/systemd-devel
░░ 
░░ A start job for unit systemd-rfkill.service has finished successfully.
░░ 
░░ The job identifier is 146.
May 30 15:22:19 nixos-p4 kernel: [drm] Forcing AGP to PCI mode
May 30 15:22:19 nixos-p4 systemd[1]: systemd-vconsole-setup.service: Deactivated successfully.
░░ Subject: Unit succeeded
░░ Defined-By: systemd
░░ Support: https://lists.freedesktop.org/mailman/listinfo/systemd-devel
░░ 
░░ The unit systemd-vconsole-setup.service has successfully entered the 'dead' state.
May 30 15:22:19 nixos-p4 kernel: [drm] Generation 2 PCI interface, using max accessible memory
May 30 15:22:19 nixos-p4 systemd[1]: Stopped Virtual Console Setup.
░░ Subject: A stop job for unit systemd-vconsole-setup.service has finished
░░ Defined-By: systemd
░░ Support: https://lists.freedesktop.org/mailman/listinfo/systemd-devel
░░ 
░░ A stop job for unit systemd-vconsole-setup.service has finished.
░░ 
░░ The job identifier is 130 and the job result is done.
May 30 15:22:19 nixos-p4 kernel: radeon 0000:01:00.0: VRAM: 256M 0x00000000D0000000 - 0x00000000DFFFFFFF (128M used)
May 30 15:22:19 nixos-p4 systemd[1]: Starting Virtual Console Setup...
░░ Subject: A start job for unit systemd-vconsole-setup.service has begun execution
░░ Defined-By: systemd
░░ Support: https://lists.freedesktop.org/mailman/listinfo/systemd-devel
░░ 
░░ A start job for unit systemd-vconsole-setup.service has begun execution.
░░ 
░░ The job identifier is 130.
May 30 15:22:19 nixos-p4 kernel: radeon 0000:01:00.0: GTT: 512M 0x00000000B0000000 - 0x00000000CFFFFFFF
May 30 15:22:19 nixos-p4 systemd[1]: Finished Flush Journal to Persistent Storage.
░░ Subject: A start job for unit systemd-journal-flush.service has finished successfully
░░ Defined-By: systemd
░░ Support: https://lists.freedesktop.org/mailman/listinfo/systemd-devel
░░ 
░░ A start job for unit systemd-journal-flush.service has finished successfully.
░░ 
░░ The job identifier is 59.
May 30 15:22:19 nixos-p4 kernel: [drm] Detected VRAM RAM=256M, BAR=256M
May 30 15:22:19 nixos-p4 systemd[1]: Starting Create System Files and Directories...
░░ Subject: A start job for unit systemd-tmpfiles-setup.service has begun execution
░░ Defined-By: systemd
░░ Support: https://lists.freedesktop.org/mailman/listinfo/systemd-devel
░░ 
░░ A start job for unit systemd-tmpfiles-setup.service has begun execution.
░░ 
░░ The job identifier is 27.
May 30 15:22:19 nixos-p4 kernel: [drm] RAM width 128bits DDR
May 30 15:22:19 nixos-p4 kernel: [drm] radeon: 128M of VRAM memory ready
May 30 15:22:19 nixos-p4 kernel: [drm] radeon: 512M of GTT memory ready.
May 30 15:22:19 nixos-p4 kernel: [drm] GART: num cpu pages 131072, num gpu pages 131072
May 30 15:22:19 nixos-p4 kernel: [drm] radeon: 1 quad pipes, 1 Z pipes initialized
May 30 15:22:19 nixos-p4 kernel: [drm] PCI GART of 512M enabled (table at 0x000000000F200000).
May 30 15:22:19 nixos-p4 kernel: radeon 0000:01:00.0: WB enabled
May 30 15:22:19 nixos-p4 kernel: radeon 0000:01:00.0: fence driver on ring 0 use gpu addr 0x00000000b0000000
May 30 15:22:19 nixos-p4 kernel: [drm] radeon: irq initialized.
May 30 15:22:19 nixos-p4 kernel: [drm] Loading R300 Microcode
May 30 15:22:19 nixos-p4 kernel: ieee80211 phy0: rt2x00_set_rt: Info - RT chipset 3070, rev 0201 detected
May 30 15:22:19 nixos-p4 kernel: ieee80211 phy0: rt2x00_set_rf: Info - RF chipset 0005 detected
May 30 15:22:19 nixos-p4 kernel: ieee80211 phy0: Selected rate control algorithm 'minstrel_ht'
May 30 15:22:19 nixos-p4 kernel: usbcore: registered new interface driver rt2800usb
May 30 15:22:19 nixos-p4 kernel: rt2800usb 5-4:1.0 wlp0s29f7u4: renamed from wlan0
May 30 15:22:19 nixos-p4 kernel: [drm] radeon: ring at 0x00000000B0001000
May 30 15:22:19 nixos-p4 kernel: [drm] ring test succeeded in 1 usecs
May 30 15:22:19 nixos-p4 kernel: [drm] ib test succeeded in 0 usecs
May 30 15:22:19 nixos-p4 kernel: [drm] No TV DAC info found in BIOS
May 30 15:22:19 nixos-p4 kernel: [drm] Radeon Display Connectors
May 30 15:22:19 nixos-p4 kernel: [drm] Connector 0:
May 30 15:22:19 nixos-p4 kernel: [drm]   VGA-1
May 30 15:22:19 nixos-p4 kernel: [drm]   DDC: 0x60 0x60 0x60 0x60 0x60 0x60 0x60 0x60
May 30 15:22:19 nixos-p4 kernel: [drm]   Encoders:
May 30 15:22:19 nixos-p4 kernel: [drm]     CRT1: INTERNAL_DAC1
May 30 15:22:19 nixos-p4 kernel: [drm] Connector 1:
May 30 15:22:19 nixos-p4 kernel: [drm]   DVI-I-1
May 30 15:22:19 nixos-p4 kernel: [drm]   HPD1
May 30 15:22:19 nixos-p4 kernel: [drm]   DDC: 0x64 0x64 0x64 0x64 0x64 0x64 0x64 0x64
May 30 15:22:19 nixos-p4 kernel: [drm]   Encoders:
May 30 15:22:19 nixos-p4 kernel: [drm]     CRT2: INTERNAL_DAC2
May 30 15:22:19 nixos-p4 kernel: [drm]     DFP1: INTERNAL_TMDS1
May 30 15:22:19 nixos-p4 kernel: [drm] Connector 2:
May 30 15:22:19 nixos-p4 kernel: [drm]   SVIDEO-1
May 30 15:22:19 nixos-p4 kernel: [drm]   Encoders:
May 30 15:22:19 nixos-p4 kernel: [drm]     TV1: INTERNAL_DAC2
May 30 15:22:19 nixos-p4 kernel: [drm] Initialized radeon 2.50.0 for 0000:01:00.0 on minor 0
May 30 15:22:19 nixos-p4 kernel: [drm] fb mappable at 0xD0040000
May 30 15:22:19 nixos-p4 kernel: [drm] vram apper at 0xD0000000
May 30 15:22:19 nixos-p4 kernel: [drm] size 3145728
May 30 15:22:19 nixos-p4 kernel: [drm] fb depth is 24
May 30 15:22:19 nixos-p4 kernel: [drm]    pitch is 4096
May 30 15:22:19 nixos-p4 kernel: fbcon: radeondrmfb (fb0) is primary device
May 30 15:22:19 nixos-p4 kernel: Console: switching to colour frame buffer device 128x48
May 30 15:22:19 nixos-p4 kernel: radeon 0000:01:00.0: [drm] fb0: radeondrmfb frame buffer device
May 30 15:22:20 nixos-p4 systemd-tmpfiles[638]: Opening file "/tmp/.ICE-unix/1167" failed, proceeding without lock: No such device or address
May 30 15:22:20 nixos-p4 systemd-timesyncd[373]: Network configuration changed, trying to establish connection.
May 30 15:22:20 nixos-p4 systemd[1]: Finished Create System Files and Directories.
░░ Subject: A start job for unit systemd-tmpfiles-setup.service has finished successfully
░░ Defined-By: systemd
░░ Support: https://lists.freedesktop.org/mailman/listinfo/systemd-devel
░░ 
░░ A start job for unit systemd-tmpfiles-setup.service has finished successfully.
░░ 
░░ The job identifier is 27.
May 30 15:22:20 nixos-p4 systemd[1]: Rebuild Journal Catalog skipped, unmet condition check ConditionNeedsUpdate=/var
░░ Subject: A start job for unit systemd-journal-catalog-update.service has finished successfully
░░ Defined-By: systemd
░░ Support: https://lists.freedesktop.org/mailman/listinfo/systemd-devel
░░ 
░░ A start job for unit systemd-journal-catalog-update.service has finished successfully.
░░ 
░░ The job identifier is 28.
May 30 15:22:20 nixos-p4 systemd[1]: Update is Completed skipped, no trigger condition checks were met.
░░ Subject: A start job for unit systemd-update-done.service has finished successfully
░░ Defined-By: systemd
░░ Support: https://lists.freedesktop.org/mailman/listinfo/systemd-devel
░░ 
░░ A start job for unit systemd-update-done.service has finished successfully.
░░ 
░░ The job identifier is 19.
May 30 15:22:20 nixos-p4 systemd[1]: Starting Record System Boot/Shutdown in UTMP...
░░ Subject: A start job for unit systemd-update-utmp.service has begun execution
░░ Defined-By: systemd
░░ Support: https://lists.freedesktop.org/mailman/listinfo/systemd-devel
░░ 
░░ A start job for unit systemd-update-utmp.service has begun execution.
░░ 
░░ The job identifier is 37.
May 30 15:22:20 nixos-p4 systemd[1]: Finished Record System Boot/Shutdown in UTMP.
░░ Subject: A start job for unit systemd-update-utmp.service has finished successfully
░░ Defined-By: systemd
░░ Support: https://lists.freedesktop.org/mailman/listinfo/systemd-devel
░░ 
░░ A start job for unit systemd-update-utmp.service has finished successfully.
░░ 
░░ The job identifier is 37.
May 30 15:22:21 nixos-p4 systemd[1]: suid-sgid-wrappers.service: Deactivated successfully.
░░ Subject: Unit succeeded
░░ Defined-By: systemd
░░ Support: https://lists.freedesktop.org/mailman/listinfo/systemd-devel
░░ 
░░ The unit suid-sgid-wrappers.service has successfully entered the 'dead' state.
May 30 15:22:21 nixos-p4 systemd[1]: Finished Create SUID/SGID Wrappers.
░░ Subject: A start job for unit suid-sgid-wrappers.service has finished successfully
░░ Defined-By: systemd
░░ Support: https://lists.freedesktop.org/mailman/listinfo/systemd-devel
░░ 
░░ A start job for unit suid-sgid-wrappers.service has finished successfully.
░░ 
░░ The job identifier is 38.
May 30 15:22:21 nixos-p4 systemd[1]: suid-sgid-wrappers.service: Consumed 339ms CPU time, 4.3M memory peak, 1.7M read from disk.
░░ Subject: Resources consumed by unit runtime
░░ Defined-By: systemd
░░ Support: https://lists.freedesktop.org/mailman/listinfo/systemd-devel
░░ 
░░ The unit suid-sgid-wrappers.service completed and consumed the indicated resources.
May 30 15:22:21 nixos-p4 systemd[1]: Finished Virtual Console Setup.
░░ Subject: A start job for unit systemd-vconsole-setup.service has finished successfully
░░ Defined-By: systemd
░░ Support: https://lists.freedesktop.org/mailman/listinfo/systemd-devel
░░ 
░░ A start job for unit systemd-vconsole-setup.service has finished successfully.
░░ 
░░ The job identifier is 130.
May 30 15:22:21 nixos-p4 systemd[1]: Reached target System Initialization.
░░ Subject: A start job for unit sysinit.target has finished successfully
░░ Defined-By: systemd
░░ Support: https://lists.freedesktop.org/mailman/listinfo/systemd-devel
░░ 
░░ A start job for unit sysinit.target has finished successfully.
░░ 
░░ The job identifier is 6.
May 30 15:22:21 nixos-p4 systemd[1]: Started Discard unused filesystem blocks once a week.
░░ Subject: A start job for unit fstrim.timer has finished successfully
░░ Defined-By: systemd
░░ Support: https://lists.freedesktop.org/mailman/listinfo/systemd-devel
░░ 
░░ A start job for unit fstrim.timer has finished successfully.
░░ 
░░ The job identifier is 70.
May 30 15:22:21 nixos-p4 systemd[1]: Started logrotate.timer.
░░ Subject: A start job for unit logrotate.timer has finished successfully
░░ Defined-By: systemd
░░ Support: https://lists.freedesktop.org/mailman/listinfo/systemd-devel
░░ 
░░ A start job for unit logrotate.timer has finished successfully.
░░ 
░░ The job identifier is 71.
May 30 15:22:21 nixos-p4 systemd[1]: Started Daily Cleanup of Temporary Directories.
░░ Subject: A start job for unit systemd-tmpfiles-clean.timer has finished successfully
░░ Defined-By: systemd
░░ Support: https://lists.freedesktop.org/mailman/listinfo/systemd-devel
░░ 
░░ A start job for unit systemd-tmpfiles-clean.timer has finished successfully.
░░ 
░░ The job identifier is 72.
May 30 15:22:21 nixos-p4 systemd[1]: Reached target Timer Units.
░░ Subject: A start job for unit timers.target has finished successfully
░░ Defined-By: systemd
░░ Support: https://lists.freedesktop.org/mailman/listinfo/systemd-devel
░░ 
░░ A start job for unit timers.target has finished successfully.
░░ 
░░ The job identifier is 69.
May 30 15:22:21 nixos-p4 systemd[1]: Listening on Avahi mDNS/DNS-SD Stack Activation Socket.
░░ Subject: A start job for unit avahi-daemon.socket has finished successfully
░░ Defined-By: systemd
░░ Support: https://lists.freedesktop.org/mailman/listinfo/systemd-devel
░░ 
░░ A start job for unit avahi-daemon.socket has finished successfully.
░░ 
░░ The job identifier is 81.
May 30 15:22:28 nixos-p4 systemd[1]: Listening on CUPS Scheduler.
░░ Subject: A start job for unit cups.socket has finished successfully
░░ Defined-By: systemd
░░ Support: https://lists.freedesktop.org/mailman/listinfo/systemd-devel
░░ 
░░ A start job for unit cups.socket has finished successfully.
░░ 
░░ The job identifier is 82.
May 30 15:22:28 nixos-p4 systemd[1]: Listening on D-Bus System Message Bus Socket.
░░ Subject: A start job for unit dbus.socket has finished successfully
░░ Defined-By: systemd
░░ Support: https://lists.freedesktop.org/mailman/listinfo/systemd-devel
░░ 
░░ A start job for unit dbus.socket has finished successfully.
░░ 
░░ The job identifier is 92.
May 30 15:22:28 nixos-p4 kernel: amdgpu: Virtual CRAT table created for CPU
May 30 15:22:28 nixos-p4 kernel: amdgpu: Topology: Add CPU node
May 30 15:22:28 nixos-p4 systemd[1]: Listening on Nix Daemon Socket.
░░ Subject: A start job for unit nix-daemon.socket has finished successfully
░░ Defined-By: systemd
░░ Support: https://lists.freedesktop.org/mailman/listinfo/systemd-devel
░░ 
░░ A start job for unit nix-daemon.socket has finished successfully.
░░ 
░░ The job identifier is 78.
May 30 15:22:28 nixos-p4 systemd[1]: Listening on Hostname Service Socket.
░░ Subject: A start job for unit systemd-hostnamed.socket has finished successfully
░░ Defined-By: systemd
░░ Support: https://lists.freedesktop.org/mailman/listinfo/systemd-devel
░░ 
░░ A start job for unit systemd-hostnamed.socket has finished successfully.
░░ 
░░ The job identifier is 77.
May 30 15:22:28 nixos-p4 systemd[1]: Reached target Socket Units.
░░ Subject: A start job for unit sockets.target has finished successfully
░░ Defined-By: systemd
░░ Support: https://lists.freedesktop.org/mailman/listinfo/systemd-devel
░░ 
░░ A start job for unit sockets.target has finished successfully.
░░ 
░░ The job identifier is 74.
May 30 15:22:28 nixos-p4 systemd[1]: Reached target Basic System.
░░ Subject: A start job for unit basic.target has finished successfully
░░ Defined-By: systemd
░░ Support: https://lists.freedesktop.org/mailman/listinfo/systemd-devel
░░ 
░░ A start job for unit basic.target has finished successfully.
░░ 
░░ The job identifier is 3.
May 30 15:22:28 nixos-p4 systemd-timesyncd[373]: Network configuration changed, trying to establish connection.
May 30 15:22:28 nixos-p4 systemd[1]: Started Early OOM Daemon.
░░ Subject: A start job for unit earlyoom.service has finished successfully
░░ Defined-By: systemd
░░ Support: https://lists.freedesktop.org/mailman/listinfo/systemd-devel
░░ 
░░ A start job for unit earlyoom.service has finished successfully.
░░ 
░░ The job identifier is 116.
May 30 15:22:28 nixos-p4 systemd[1]: Starting Network Manager Script Dispatcher Service...
░░ Subject: A start job for unit NetworkManager-dispatcher.service has begun execution
░░ Defined-By: systemd
░░ Support: https://lists.freedesktop.org/mailman/listinfo/systemd-devel
░░ 
░░ A start job for unit NetworkManager-dispatcher.service has begun execution.
░░ 
░░ The job identifier is 115.
May 30 15:22:28 nixos-p4 systemd[1]: Starting Avahi mDNS/DNS-SD Stack...
░░ Subject: A start job for unit avahi-daemon.service has begun execution
░░ Defined-By: systemd
░░ Support: https://lists.freedesktop.org/mailman/listinfo/systemd-devel
░░ 
░░ A start job for unit avahi-daemon.service has begun execution.
░░ 
░░ The job identifier is 107.
May 30 15:22:28 nixos-p4 systemd[1]: Starting D-Bus System Message Bus...
░░ Subject: A start job for unit dbus.service has begun execution
░░ Defined-By: systemd
░░ Support: https://lists.freedesktop.org/mailman/listinfo/systemd-devel
░░ 
░░ A start job for unit dbus.service has begun execution.
░░ 
░░ The job identifier is 93.
May 30 15:22:28 nixos-p4 systemd-timesyncd[373]: Network configuration changed, trying to establish connection.
May 30 15:22:28 nixos-p4 systemd-timesyncd[373]: Network configuration changed, trying to establish connection.
May 30 15:22:28 nixos-p4 systemd[1]: Import lastlog data into lastlog2 database skipped, unmet condition check ConditionPathExists=!/var/lib/lastlog/lastlog2.db
░░ Subject: A start job for unit lastlog2-import.service has finished successfully
░░ Defined-By: systemd
░░ Support: https://lists.freedesktop.org/mailman/listinfo/systemd-devel
░░ 
░░ A start job for unit lastlog2-import.service has finished successfully.
░░ 
░░ The job identifier is 124.
May 30 15:22:28 nixos-p4 systemd-timesyncd[373]: Network configuration changed, trying to establish connection.
May 30 15:22:28 nixos-p4 systemd[1]: Starting Logrotate configuration check...
░░ Subject: A start job for unit logrotate-checkconf.service has begun execution
░░ Defined-By: systemd
░░ Support: https://lists.freedesktop.org/mailman/listinfo/systemd-devel
░░ 
░░ A start job for unit logrotate-checkconf.service has begun execution.
░░ 
░░ The job identifier is 84.
May 30 15:22:28 nixos-p4 systemd-timesyncd[373]: Network configuration changed, trying to establish connection.
May 30 15:22:28 nixos-p4 systemd-timesyncd[373]: Network configuration changed, trying to establish connection.
May 30 15:22:28 nixos-p4 systemd-timesyncd[373]: Network configuration changed, trying to establish connection.
May 30 15:22:28 nixos-p4 systemd-timesyncd[373]: Network configuration changed, trying to establish connection.
May 30 15:22:29 nixos-p4 systemd[1]: Starting Name Service Cache Daemon (nsncd)...
░░ Subject: A start job for unit nscd.service has begun execution
░░ Defined-By: systemd
░░ Support: https://lists.freedesktop.org/mailman/listinfo/systemd-devel
░░ 
░░ A start job for unit nscd.service has begun execution.
░░ 
░░ The job identifier is 110.
May 30 15:22:29 nixos-p4 systemd[1]: Started Reset console on configuration changes.
░░ Subject: A start job for unit reload-systemd-vconsole-setup.service has finished successfully
░░ Defined-By: systemd
░░ Support: https://lists.freedesktop.org/mailman/listinfo/systemd-devel
░░ 
░░ A start job for unit reload-systemd-vconsole-setup.service has finished successfully.
░░ 
░░ The job identifier is 89.
May 30 15:22:29 nixos-p4 systemd[1]: Starting resolvconf update...
░░ Subject: A start job for unit resolvconf.service has begun execution
░░ Defined-By: systemd
░░ Support: https://lists.freedesktop.org/mailman/listinfo/systemd-devel
░░ 
░░ A start job for unit resolvconf.service has begun execution.
░░ 
░░ The job identifier is 105.
May 30 15:22:29 nixos-p4 systemd[1]: systemd-rfkill.service: Deactivated successfully.
░░ Subject: Unit succeeded
░░ Defined-By: systemd
░░ Support: https://lists.freedesktop.org/mailman/listinfo/systemd-devel
░░ 
░░ The unit systemd-rfkill.service has successfully entered the 'dead' state.
May 30 15:22:29 nixos-p4 earlyoom[701]: earlyoom 1.8.2
May 30 15:22:29 nixos-p4 earlyoom[701]: Notifying through D-Bus
May 30 15:22:29 nixos-p4 earlyoom[701]: mem total: 1970 MiB, user mem total: 1695 MiB, swap total: 5080 MiB
May 30 15:22:29 nixos-p4 earlyoom[701]: sending SIGTERM when mem avail <= 10.00% and swap free <= 10.00%,
May 30 15:22:29 nixos-p4 earlyoom[701]:         SIGKILL when mem avail <=  5.00% and swap free <=  5.00%
May 30 15:22:29 nixos-p4 earlyoom[701]: mem avail:  1667 of  1693 MiB (98.45%), swap free: 5080 of 5080 MiB (100.00%)
May 30 15:22:29 nixos-p4 logrotate[705]: warning: logrotate in debug mode does nothing except printing debug messages!  Consider using verbose mode (-v) instead if this is not what you want.
May 30 15:22:30 nixos-p4 logrotate[705]: reading config file /nix/store/r1dxgrrmvcrg5094p4h7w6jqjswmdq68-logrotate.conf
May 30 15:22:30 nixos-p4 logrotate[705]: note: 'monthly' overrides previously specified 'weekly'
May 30 15:22:30 nixos-p4 logrotate[705]: Reading state from file: /var/lib/logrotate.status
May 30 15:22:30 nixos-p4 logrotate[705]: Allocating hash table for state file, size 64 entries
May 30 15:22:30 nixos-p4 systemd[1]: Started Name Service Cache Daemon (nsncd).
░░ Subject: A start job for unit nscd.service has finished successfully
░░ Defined-By: systemd
░░ Support: https://lists.freedesktop.org/mailman/listinfo/systemd-devel
░░ 
░░ A start job for unit nscd.service has finished successfully.
░░ 
░░ The job identifier is 110.
May 30 15:22:30 nixos-p4 nsncd[706]: May 30 12:22:30.089 INFO started, config: Config { ignored_request_types: {}, worker_count: 8, handoff_timeout: 10s }, path: "/var/run/nscd/socket"
May 30 15:22:30 nixos-p4 systemd[1]: Reached target Host and Network Name Lookups.
░░ Subject: A start job for unit nss-lookup.target has finished successfully
░░ Defined-By: systemd
░░ Support: https://lists.freedesktop.org/mailman/listinfo/systemd-devel
░░ 
░░ A start job for unit nss-lookup.target has finished successfully.
░░ 
░░ The job identifier is 111.
May 30 15:22:30 nixos-p4 systemd[1]: Reached target User and Group Name Lookups.
░░ Subject: A start job for unit nss-user-lookup.target has finished successfully
░░ Defined-By: systemd
░░ Support: https://lists.freedesktop.org/mailman/listinfo/systemd-devel
░░ 
░░ A start job for unit nss-user-lookup.target has finished successfully.
░░ 
░░ The job identifier is 112.
May 30 15:22:30 nixos-p4 systemd[1]: Starting Accounts Service...
░░ Subject: A start job for unit accounts-daemon.service has begun execution
░░ Defined-By: systemd
░░ Support: https://lists.freedesktop.org/mailman/listinfo/systemd-devel
░░ 
░░ A start job for unit accounts-daemon.service has begun execution.
░░ 
░░ The job identifier is 121.
May 30 15:22:30 nixos-p4 logrotate[705]: Creating new state
May 30 15:22:30 nixos-p4 logrotate[705]: Creating new state
May 30 15:22:30 nixos-p4 logrotate[705]: Handling 2 logs
May 30 15:22:30 nixos-p4 logrotate[705]: rotating pattern: "/var/log/btmp" monthly empty log files are not rotated, only log files >= 1048576 bytes are rotated, (1 rotations), old logs are removed
May 30 15:22:30 nixos-p4 logrotate[705]: considering log /var/log/btmp
May 30 15:22:30 nixos-p4 logrotate[705]:   Now: 2026-05-30 15:22
May 30 15:22:30 nixos-p4 logrotate[705]:   Last rotated at 2025-10-26 12:00
May 30 15:22:30 nixos-p4 logrotate[705]:   log does not need rotating ('minsize' directive is used and the log size is smaller than the minsize value)
May 30 15:22:30 nixos-p4 logrotate[705]: rotating pattern: "/var/log/wtmp" monthly empty log files are not rotated, only log files >= 1048576 bytes are rotated, (1 rotations), old logs are removed
May 30 15:22:30 nixos-p4 logrotate[705]: considering log /var/log/wtmp
May 30 15:22:30 nixos-p4 logrotate[705]:   Now: 2026-05-30 15:22
May 30 15:22:30 nixos-p4 logrotate[705]:   Last rotated at 2025-10-26 12:00
