Apr 11 11:58:55 archlinux-e3-112 kernel: Linux version 6.18.21-1-lts (linux-lts@archlinux) (gcc (GCC) 15.2.1 20260209, GNU ld (GNU Binutils) 2.46) #1 SMP PREEMPT_DYNAMIC Thu, 02 Apr 2026 15:44:36 +0000
Apr 11 11:58:55 archlinux-e3-112 kernel: Command line: initrd=\initramfs-linux-lts.img root=PARTUUID=21906bfd-fc79-4e5b-a329-3f0876e42440 zswap.enabled=0 rootflags=subvol=@ rw rootfstype=btrfs intel_pstate=disable intel_idle.max_cstate=0 processor.max_cstate=0 maxcpus=1
Apr 11 11:58:55 archlinux-e3-112 kernel: BIOS-provided physical RAM map:
Apr 11 11:58:55 archlinux-e3-112 kernel: BIOS-e820: [mem 0x0000000000000000-0x000000000006efff] usable
Apr 11 11:58:55 archlinux-e3-112 kernel: BIOS-e820: [mem 0x000000000006f000-0x000000000006ffff] ACPI NVS
Apr 11 11:58:55 archlinux-e3-112 kernel: BIOS-e820: [mem 0x0000000000070000-0x0000000000085fff] usable
Apr 11 11:58:55 archlinux-e3-112 kernel: BIOS-e820: [mem 0x0000000000086000-0x000000000009ffff] reserved
Apr 11 11:58:55 archlinux-e3-112 kernel: BIOS-e820: [mem 0x0000000000100000-0x000000001effffff] usable
Apr 11 11:58:55 archlinux-e3-112 kernel: BIOS-e820: [mem 0x000000001f000000-0x000000001f0fffff] reserved
Apr 11 11:58:55 archlinux-e3-112 kernel: BIOS-e820: [mem 0x000000001f100000-0x000000001fffffff] usable
Apr 11 11:58:55 archlinux-e3-112 kernel: BIOS-e820: [mem 0x0000000020000000-0x00000000200fffff] reserved
Apr 11 11:58:55 archlinux-e3-112 kernel: BIOS-e820: [mem 0x0000000020100000-0x0000000077e1afff] usable
Apr 11 11:58:55 archlinux-e3-112 kernel: BIOS-e820: [mem 0x0000000077e1b000-0x00000000787aafff] reserved
Apr 11 11:58:55 archlinux-e3-112 kernel: BIOS-e820: [mem 0x00000000787ab000-0x00000000788aafff] ACPI NVS
Apr 11 11:58:55 archlinux-e3-112 kernel: BIOS-e820: [mem 0x00000000788ab000-0x00000000788eafff] ACPI data
Apr 11 11:58:55 archlinux-e3-112 kernel: BIOS-e820: [mem 0x00000000788eb000-0x00000000794c5fff] usable
Apr 11 11:58:55 archlinux-e3-112 kernel: BIOS-e820: [mem 0x00000000794c6000-0x0000000079dc5fff] ACPI NVS
Apr 11 11:58:55 archlinux-e3-112 kernel: BIOS-e820: [mem 0x0000000079dc6000-0x0000000079ffffff] usable
Apr 11 11:58:55 archlinux-e3-112 kernel: BIOS-e820: [mem 0x00000000e00f8000-0x00000000e00f8fff] reserved
Apr 11 11:58:55 archlinux-e3-112 kernel: BIOS-e820: [mem 0x00000000fed01000-0x00000000fed01fff] reserved
Apr 11 11:58:55 archlinux-e3-112 kernel: BIOS-e820: [mem 0x00000000ffc00000-0x00000000ffffffff] reserved
Apr 11 11:58:55 archlinux-e3-112 kernel: NX (Execute Disable) protection: active
Apr 11 11:58:55 archlinux-e3-112 kernel: APIC: Static calls initialized
Apr 11 11:58:55 archlinux-e3-112 kernel: efi: EFI v2.4 by INSYDE Corp.
Apr 11 11:58:55 archlinux-e3-112 kernel: efi: ACPI 2.0=0x788ea014 ESRT=0x78077018 SMBIOS=0x78162000 RNG=0x788cbf18 INITRD=0x74f18b18 
Apr 11 11:58:55 archlinux-e3-112 kernel: random: crng init done
Apr 11 11:58:55 archlinux-e3-112 kernel: efi: Not removing mem35: MMIO range=[0xe00f8000-0xe00f8fff] (4KB) from e820 map
Apr 11 11:58:55 archlinux-e3-112 kernel: efi: Not removing mem36: MMIO range=[0xfed01000-0xfed01fff] (4KB) from e820 map
Apr 11 11:58:55 archlinux-e3-112 kernel: efi: Remove mem37: MMIO range=[0xffc00000-0xffffffff] (4MB) from e820 map
Apr 11 11:58:55 archlinux-e3-112 kernel: e820: remove [mem 0xffc00000-0xffffffff] reserved
Apr 11 11:58:55 archlinux-e3-112 kernel: SMBIOS 2.7 present.
Apr 11 11:58:55 archlinux-e3-112 kernel: DMI: Acer Aspire E3-112/R2, BIOS V1.16 10/20/2015
Apr 11 11:58:55 archlinux-e3-112 kernel: DMI: Memory slots populated: 1/1
Apr 11 11:58:55 archlinux-e3-112 kernel: tsc: Detected 2166.667 MHz processor
Apr 11 11:58:55 archlinux-e3-112 kernel: e820: update [mem 0x00000000-0x00000fff] usable ==> reserved
Apr 11 11:58:55 archlinux-e3-112 kernel: e820: remove [mem 0x000a0000-0x000fffff] usable
Apr 11 11:58:55 archlinux-e3-112 kernel: last_pfn = 0x7a000 max_arch_pfn = 0x400000000
Apr 11 11:58:55 archlinux-e3-112 kernel: MTRR map: 6 entries (3 fixed + 3 variable; max 19), built from 8 variable MTRRs
Apr 11 11:58:55 archlinux-e3-112 kernel: x86/PAT: Configuration [0-7]: WB  WC  UC- UC  WB  WP  UC- WT  
Apr 11 11:58:55 archlinux-e3-112 kernel: esrt: Reserving ESRT space from 0x0000000078077018 to 0x0000000078077050.
Apr 11 11:58:55 archlinux-e3-112 kernel: Secure boot enabled
Apr 11 11:58:55 archlinux-e3-112 kernel: RAMDISK: [mem 0x72053000-0x72ecffff]
Apr 11 11:58:55 archlinux-e3-112 kernel: ACPI: Early table checksum verification disabled
Apr 11 11:58:55 archlinux-e3-112 kernel: ACPI: RSDP 0x00000000788EA014 000024 (v02 ACRSYS)
Apr 11 11:58:55 archlinux-e3-112 kernel: ACPI: XSDT 0x00000000788EA120 0000A4 (v01 ACRSYS ACRPRDCT 00000003      01000013)
Apr 11 11:58:55 archlinux-e3-112 kernel: ACPI: FACP 0x00000000788E7000 00010C (v05 ACRSYS ACRPRDCT 00000003 1025 00040000)
Apr 11 11:58:55 archlinux-e3-112 kernel: ACPI: DSDT 0x00000000788DA000 008E76 (v02 ACRSYS ACRPRDCT 00000003 1025 00040000)
Apr 11 11:58:55 archlinux-e3-112 kernel: ACPI: FACS 0x0000000078874000 000040
Apr 11 11:58:55 archlinux-e3-112 kernel: ACPI: UEFI 0x00000000788E9000 000236 (v01 ACRSYS ACRPRDCT 00000001 1025 00040000)
Apr 11 11:58:55 archlinux-e3-112 kernel: ACPI: HPET 0x00000000788E6000 000038 (v01 ACRSYS ACRPRDCT 00000003 1025 00040000)
Apr 11 11:58:55 archlinux-e3-112 kernel: ACPI: APIC 0x00000000788E5000 000084 (v03 ACRSYS ACRPRDCT 00000003 1025 00040000)
Apr 11 11:58:55 archlinux-e3-112 kernel: ACPI: MCFG 0x00000000788E4000 00003C (v01 ACRSYS ACRPRDCT 00000003 1025 00040000)
Apr 11 11:58:55 archlinux-e3-112 kernel: ACPI: SSDT 0x00000000788E3000 000581 (v01 ACRSYS ACRPRDCT 00000003 1025 00040000)
Apr 11 11:58:55 archlinux-e3-112 kernel: ACPI: SSDT 0x00000000788D8000 00138A (v01 ACRSYS ACRPRDCT 00000003 1025 00040000)
Apr 11 11:58:55 archlinux-e3-112 kernel: ACPI: SSDT 0x00000000788D7000 000763 (v01 ACRSYS ACRPRDCT 00003000 1025 00040000)
Apr 11 11:58:55 archlinux-e3-112 kernel: ACPI: SSDT 0x00000000788D6000 000290 (v01 ACRSYS ACRPRDCT 00003000 1025 00040000)
Apr 11 11:58:55 archlinux-e3-112 kernel: ACPI: SSDT 0x00000000788D5000 00017A (v01 ACRSYS ACRPRDCT 00003000 1025 00040000)
Apr 11 11:58:55 archlinux-e3-112 kernel: ACPI: UEFI 0x00000000788D4000 000042 (v01 ACRSYS ACRPRDCT 00000000 1025 00040000)
Apr 11 11:58:55 archlinux-e3-112 kernel: ACPI: SSDT 0x00000000788D0000 003060 (v01 ACRSYS ACRPRDCT 00001000 1025 00040000)
Apr 11 11:58:55 archlinux-e3-112 kernel: ACPI: CSRT 0x00000000788CF000 00014C (v00 ACRSYS ACRPRDCT 00000005 1025 00040000)
Apr 11 11:58:55 archlinux-e3-112 kernel: ACPI: SSDT 0x00000000788CE000 0003E6 (v01 ACRSYS ACRPRDCT 00001000 1025 00040000)
Apr 11 11:58:55 archlinux-e3-112 kernel: ACPI: FPDT 0x00000000788CD000 000044 (v01 ACRSYS ACRPRDCT 00000002 1025 00040000)
Apr 11 11:58:55 archlinux-e3-112 kernel: ACPI: BGRT 0x00000000788CC000 000038 (v01 ACRSYS ACRPRDCT 00000001 1025 00040000)
Apr 11 11:58:55 archlinux-e3-112 kernel: ACPI: Reserving FACP table memory at [mem 0x788e7000-0x788e710b]
Apr 11 11:58:55 archlinux-e3-112 kernel: ACPI: Reserving DSDT table memory at [mem 0x788da000-0x788e2e75]
Apr 11 11:58:55 archlinux-e3-112 kernel: ACPI: Reserving FACS table memory at [mem 0x78874000-0x7887403f]
Apr 11 11:58:55 archlinux-e3-112 kernel: ACPI: Reserving UEFI table memory at [mem 0x788e9000-0x788e9235]
Apr 11 11:58:55 archlinux-e3-112 kernel: ACPI: Reserving HPET table memory at [mem 0x788e6000-0x788e6037]
Apr 11 11:58:55 archlinux-e3-112 kernel: ACPI: Reserving APIC table memory at [mem 0x788e5000-0x788e5083]
Apr 11 11:58:55 archlinux-e3-112 kernel: ACPI: Reserving MCFG table memory at [mem 0x788e4000-0x788e403b]
Apr 11 11:58:55 archlinux-e3-112 kernel: ACPI: Reserving SSDT table memory at [mem 0x788e3000-0x788e3580]
Apr 11 11:58:55 archlinux-e3-112 kernel: ACPI: Reserving SSDT table memory at [mem 0x788d8000-0x788d9389]
Apr 11 11:58:55 archlinux-e3-112 kernel: ACPI: Reserving SSDT table memory at [mem 0x788d7000-0x788d7762]
Apr 11 11:58:55 archlinux-e3-112 kernel: ACPI: Reserving SSDT table memory at [mem 0x788d6000-0x788d628f]
Apr 11 11:58:55 archlinux-e3-112 kernel: ACPI: Reserving SSDT table memory at [mem 0x788d5000-0x788d5179]
Apr 11 11:58:55 archlinux-e3-112 kernel: ACPI: Reserving UEFI table memory at [mem 0x788d4000-0x788d4041]
Apr 11 11:58:55 archlinux-e3-112 kernel: ACPI: Reserving SSDT table memory at [mem 0x788d0000-0x788d305f]
Apr 11 11:58:55 archlinux-e3-112 kernel: ACPI: Reserving CSRT table memory at [mem 0x788cf000-0x788cf14b]
Apr 11 11:58:55 archlinux-e3-112 kernel: ACPI: Reserving SSDT table memory at [mem 0x788ce000-0x788ce3e5]
Apr 11 11:58:55 archlinux-e3-112 kernel: ACPI: Reserving FPDT table memory at [mem 0x788cd000-0x788cd043]
Apr 11 11:58:55 archlinux-e3-112 kernel: ACPI: Reserving BGRT table memory at [mem 0x788cc000-0x788cc037]
Apr 11 11:58:55 archlinux-e3-112 kernel: No NUMA configuration found
Apr 11 11:58:55 archlinux-e3-112 kernel: Faking a node at [mem 0x0000000000000000-0x0000000079ffffff]
Apr 11 11:58:55 archlinux-e3-112 kernel: NODE_DATA(0) allocated [mem 0x77a7a280-0x77aa4fff]
Apr 11 11:58:55 archlinux-e3-112 kernel: Zone ranges:
Apr 11 11:58:55 archlinux-e3-112 kernel:   DMA      [mem 0x0000000000001000-0x0000000000ffffff]
Apr 11 11:58:55 archlinux-e3-112 kernel:   DMA32    [mem 0x0000000001000000-0x0000000079ffffff]
Apr 11 11:58:55 archlinux-e3-112 kernel:   Normal   empty
Apr 11 11:58:55 archlinux-e3-112 kernel:   Device   empty
Apr 11 11:58:55 archlinux-e3-112 kernel: Movable zone start for each node
Apr 11 11:58:55 archlinux-e3-112 kernel: Early memory node ranges
Apr 11 11:58:55 archlinux-e3-112 kernel:   node   0: [mem 0x0000000000001000-0x000000000006efff]
Apr 11 11:58:55 archlinux-e3-112 kernel:   node   0: [mem 0x0000000000070000-0x0000000000085fff]
Apr 11 11:58:55 archlinux-e3-112 kernel:   node   0: [mem 0x0000000000100000-0x000000001effffff]
Apr 11 11:58:55 archlinux-e3-112 kernel:   node   0: [mem 0x000000001f100000-0x000000001fffffff]
Apr 11 11:58:55 archlinux-e3-112 kernel:   node   0: [mem 0x0000000020100000-0x0000000077e1afff]
Apr 11 11:58:55 archlinux-e3-112 kernel:   node   0: [mem 0x00000000788eb000-0x00000000794c5fff]
Apr 11 11:58:55 archlinux-e3-112 kernel:   node   0: [mem 0x0000000079dc6000-0x0000000079ffffff]
Apr 11 11:58:55 archlinux-e3-112 kernel: Initmem setup node 0 [mem 0x0000000000001000-0x0000000079ffffff]
Apr 11 11:58:55 archlinux-e3-112 kernel: On node 0, zone DMA: 1 pages in unavailable ranges
Apr 11 11:58:55 archlinux-e3-112 kernel: On node 0, zone DMA: 1 pages in unavailable ranges
Apr 11 11:58:55 archlinux-e3-112 kernel: On node 0, zone DMA: 122 pages in unavailable ranges
Apr 11 11:58:55 archlinux-e3-112 kernel: On node 0, zone DMA32: 256 pages in unavailable ranges
Apr 11 11:58:55 archlinux-e3-112 kernel: On node 0, zone DMA32: 256 pages in unavailable ranges
Apr 11 11:58:55 archlinux-e3-112 kernel: On node 0, zone DMA32: 2768 pages in unavailable ranges
Apr 11 11:58:55 archlinux-e3-112 kernel: On node 0, zone DMA32: 2304 pages in unavailable ranges
Apr 11 11:58:55 archlinux-e3-112 kernel: On node 0, zone DMA32: 24576 pages in unavailable ranges
Apr 11 11:58:55 archlinux-e3-112 kernel: x86/hpet: Will disable the HPET for this platform because it's not reliable
Apr 11 11:58:55 archlinux-e3-112 kernel: Reserving Intel graphics memory at [mem 0x7b000000-0x7effffff]
Apr 11 11:58:55 archlinux-e3-112 kernel: ACPI: PM-Timer IO Port: 0x408
Apr 11 11:58:55 archlinux-e3-112 kernel: ACPI: LAPIC_NMI (acpi_id[0x01] high level lint[0x1])
Apr 11 11:58:55 archlinux-e3-112 kernel: ACPI: LAPIC_NMI (acpi_id[0x02] high level lint[0x1])
Apr 11 11:58:55 archlinux-e3-112 kernel: ACPI: LAPIC_NMI (acpi_id[0x03] high level lint[0x1])
Apr 11 11:58:55 archlinux-e3-112 kernel: ACPI: LAPIC_NMI (acpi_id[0x04] high level lint[0x1])
Apr 11 11:58:55 archlinux-e3-112 kernel: IOAPIC[0]: apic_id 2, version 32, address 0xfec00000, GSI 0-86
Apr 11 11:58:55 archlinux-e3-112 kernel: ACPI: INT_SRC_OVR (bus 0 bus_irq 0 global_irq 2 dfl dfl)
Apr 11 11:58:55 archlinux-e3-112 kernel: ACPI: INT_SRC_OVR (bus 0 bus_irq 9 global_irq 9 high level)
Apr 11 11:58:55 archlinux-e3-112 kernel: ACPI: Using ACPI (MADT) for SMP configuration information
Apr 11 11:58:55 archlinux-e3-112 kernel: ACPI: HPET id: 0x8086a201 base: 0xfed00000
Apr 11 11:58:55 archlinux-e3-112 kernel: e820: update [mem 0x763b0000-0x7642afff] usable ==> reserved
Apr 11 11:58:55 archlinux-e3-112 kernel: TSC deadline timer available
Apr 11 11:58:55 archlinux-e3-112 kernel: CPU topo: Max. logical packages:   1
Apr 11 11:58:55 archlinux-e3-112 kernel: CPU topo: Max. logical dies:       1
Apr 11 11:58:55 archlinux-e3-112 kernel: CPU topo: Max. dies per package:   1
Apr 11 11:58:55 archlinux-e3-112 kernel: CPU topo: Max. threads per core:   1
Apr 11 11:58:55 archlinux-e3-112 kernel: CPU topo: Num. cores per package:     2
Apr 11 11:58:55 archlinux-e3-112 kernel: CPU topo: Num. threads per package:   2
Apr 11 11:58:55 archlinux-e3-112 kernel: CPU topo: Allowing 2 present CPUs plus 0 hotplug CPUs
Apr 11 11:58:55 archlinux-e3-112 kernel: PM: hibernation: Registered nosave memory: [mem 0x00000000-0x00000fff]
Apr 11 11:58:55 archlinux-e3-112 kernel: PM: hibernation: Registered nosave memory: [mem 0x0006f000-0x0006ffff]
Apr 11 11:58:55 archlinux-e3-112 kernel: PM: hibernation: Registered nosave memory: [mem 0x00086000-0x000fffff]
Apr 11 11:58:55 archlinux-e3-112 kernel: PM: hibernation: Registered nosave memory: [mem 0x1f000000-0x1f0fffff]
Apr 11 11:58:55 archlinux-e3-112 kernel: PM: hibernation: Registered nosave memory: [mem 0x20000000-0x200fffff]
Apr 11 11:58:55 archlinux-e3-112 kernel: PM: hibernation: Registered nosave memory: [mem 0x763b0000-0x7642afff]
Apr 11 11:58:55 archlinux-e3-112 kernel: PM: hibernation: Registered nosave memory: [mem 0x77e1b000-0x788eafff]
Apr 11 11:58:55 archlinux-e3-112 kernel: PM: hibernation: Registered nosave memory: [mem 0x794c6000-0x79dc5fff]
Apr 11 11:58:55 archlinux-e3-112 kernel: [mem 0x7f000000-0xe00f7fff] available for PCI devices
Apr 11 11:58:55 archlinux-e3-112 kernel: Booting paravirtualized kernel on bare hardware
Apr 11 11:58:55 archlinux-e3-112 kernel: clocksource: refined-jiffies: mask: 0xffffffff max_cycles: 0xffffffff, max_idle_ns: 6370452778343963 ns
Apr 11 11:58:55 archlinux-e3-112 kernel: setup_percpu: NR_CPUS:8192 nr_cpumask_bits:2 nr_cpu_ids:2 nr_node_ids:1
Apr 11 11:58:55 archlinux-e3-112 kernel: percpu: Embedded 63 pages/cpu s221184 r8192 d28672 u1048576
Apr 11 11:58:55 archlinux-e3-112 kernel: pcpu-alloc: s221184 r8192 d28672 u1048576 alloc=1*2097152
Apr 11 11:58:55 archlinux-e3-112 kernel: pcpu-alloc: [0] 0 1 
Apr 11 11:58:55 archlinux-e3-112 kernel: Kernel command line: initrd=\initramfs-linux-lts.img root=PARTUUID=21906bfd-fc79-4e5b-a329-3f0876e42440 zswap.enabled=0 rootflags=subvol=@ rw rootfstype=btrfs intel_pstate=disable intel_idle.max_cstate=0 processor.max_cstate=0 maxcpus=1
Apr 11 11:58:55 archlinux-e3-112 kernel: printk: log buffer data + meta data: 131072 + 458752 = 589824 bytes
Apr 11 11:58:55 archlinux-e3-112 kernel: Dentry cache hash table entries: 262144 (order: 9, 2097152 bytes, linear)
Apr 11 11:58:55 archlinux-e3-112 kernel: Inode-cache hash table entries: 131072 (order: 8, 1048576 bytes, linear)
Apr 11 11:58:55 archlinux-e3-112 kernel: Fallback order for Node 0: 0 
Apr 11 11:58:55 archlinux-e3-112 kernel: Built 1 zonelists, mobility grouping on.  Total pages: 494004
Apr 11 11:58:55 archlinux-e3-112 kernel: Policy zone: DMA32
Apr 11 11:58:55 archlinux-e3-112 kernel: mem auto-init: stack:all(zero), heap alloc:on, heap free:off
Apr 11 11:58:55 archlinux-e3-112 kernel: SLUB: HWalign=64, Order=0-3, MinObjects=0, CPUs=2, Nodes=1
Apr 11 11:58:55 archlinux-e3-112 kernel: Kernel/User page tables isolation: enabled
Apr 11 11:58:55 archlinux-e3-112 kernel: ftrace: allocating 57109 entries in 224 pages
Apr 11 11:58:55 archlinux-e3-112 kernel: ftrace: allocated 224 pages with 3 groups
Apr 11 11:58:55 archlinux-e3-112 kernel: Dynamic Preempt: voluntary
Apr 11 11:58:55 archlinux-e3-112 kernel: rcu: Preemptible hierarchical RCU implementation.
Apr 11 11:58:55 archlinux-e3-112 kernel: rcu:         RCU restricting CPUs from NR_CPUS=8192 to nr_cpu_ids=2.
Apr 11 11:58:55 archlinux-e3-112 kernel: rcu:         RCU priority boosting: priority 1 delay 500 ms.
Apr 11 11:58:55 archlinux-e3-112 kernel:         Trampoline variant of Tasks RCU enabled.
Apr 11 11:58:55 archlinux-e3-112 kernel:         Rude variant of Tasks RCU enabled.
Apr 11 11:58:55 archlinux-e3-112 kernel:         Tracing variant of Tasks RCU enabled.
Apr 11 11:58:55 archlinux-e3-112 kernel: rcu: RCU calculated value of scheduler-enlistment delay is 30 jiffies.
Apr 11 11:58:55 archlinux-e3-112 kernel: rcu: Adjusting geometry for rcu_fanout_leaf=16, nr_cpu_ids=2
Apr 11 11:58:55 archlinux-e3-112 kernel: RCU Tasks: Setting shift to 1 and lim to 1 rcu_task_cb_adjust=1 rcu_task_cpu_ids=2.
Apr 11 11:58:55 archlinux-e3-112 kernel: RCU Tasks Rude: Setting shift to 1 and lim to 1 rcu_task_cb_adjust=1 rcu_task_cpu_ids=2.
Apr 11 11:58:55 archlinux-e3-112 kernel: RCU Tasks Trace: Setting shift to 1 and lim to 1 rcu_task_cb_adjust=1 rcu_task_cpu_ids=2.
Apr 11 11:58:55 archlinux-e3-112 kernel: NR_IRQS: 524544, nr_irqs: 512, preallocated irqs: 16
Apr 11 11:58:55 archlinux-e3-112 kernel: rcu: srcu_init: Setting srcu_struct sizes based on contention.
Apr 11 11:58:55 archlinux-e3-112 kernel: kfence: initialized - using 2097152 bytes for 255 objects at 0x(____ptrval____)-0x(____ptrval____)
Apr 11 11:58:55 archlinux-e3-112 kernel: Console: colour dummy device 80x25
Apr 11 11:58:55 archlinux-e3-112 kernel: printk: legacy console [tty0] enabled
Apr 11 11:58:55 archlinux-e3-112 kernel: ACPI: Core revision 20250807
Apr 11 11:58:55 archlinux-e3-112 kernel: APIC: Switch to symmetric I/O mode setup
Apr 11 11:58:55 archlinux-e3-112 kernel: clocksource: tsc-early: mask: 0xffffffffffffffff max_cycles: 0x1f3b3266cb4, max_idle_ns: 440795224023 ns
Apr 11 11:58:55 archlinux-e3-112 kernel: Calibrating delay loop (skipped), value calculated using timer frequency.. 4335.88 BogoMIPS (lpj=7222223)
Apr 11 11:58:55 archlinux-e3-112 kernel: Last level iTLB entries: 4KB 48, 2MB 0, 4MB 0
Apr 11 11:58:55 archlinux-e3-112 kernel: Last level dTLB entries: 4KB 128, 2MB 16, 4MB 16, 1GB 0
Apr 11 11:58:55 archlinux-e3-112 kernel: process: using mwait in idle threads
Apr 11 11:58:55 archlinux-e3-112 kernel: mitigations: Enabled attack vectors: user_kernel, user_user, guest_host, guest_guest, SMT mitigations: auto
Apr 11 11:58:55 archlinux-e3-112 kernel: Spectre V2 : Mitigation: Retpolines
Apr 11 11:58:55 archlinux-e3-112 kernel: MDS: Mitigation: Clear CPU buffers
Apr 11 11:58:55 archlinux-e3-112 kernel: Spectre V1 : Mitigation: usercopy/swapgs barriers and __user pointer sanitization
Apr 11 11:58:55 archlinux-e3-112 kernel: Spectre V2 : Spectre v2 / SpectreRSB: Filling RSB on context switch and VMEXIT
Apr 11 11:58:55 archlinux-e3-112 kernel: Spectre V2 : Enabling Restricted Speculation for firmware calls
Apr 11 11:58:55 archlinux-e3-112 kernel: Spectre V2 : mitigation: Enabling conditional Indirect Branch Prediction Barrier
Apr 11 11:58:55 archlinux-e3-112 kernel: x86/fpu: x87 FPU will use FXSAVE
Apr 11 11:58:55 archlinux-e3-112 kernel: pid_max: default: 32768 minimum: 301
Apr 11 11:58:55 archlinux-e3-112 kernel: LSM: initializing lsm=capability,landlock,lockdown,yama,bpf
Apr 11 11:58:55 archlinux-e3-112 kernel: landlock: Up and running.
Apr 11 11:58:55 archlinux-e3-112 kernel: Yama: becoming mindful.
Apr 11 11:58:55 archlinux-e3-112 kernel: LSM support for eBPF active
Apr 11 11:58:55 archlinux-e3-112 kernel: Mount-cache hash table entries: 4096 (order: 3, 32768 bytes, linear)
Apr 11 11:58:55 archlinux-e3-112 kernel: Mountpoint-cache hash table entries: 4096 (order: 3, 32768 bytes, linear)
Apr 11 11:58:55 archlinux-e3-112 kernel: smpboot: CPU0: Intel(R) Celeron(R) CPU  N2840  @ 2.16GHz (family: 0x6, model: 0x37, stepping: 0x8)
Apr 11 11:58:55 archlinux-e3-112 kernel: Performance Events: PEBS fmt2+, 8-deep LBR, Silvermont events, 8-deep LBR, full-width counters, Intel PMU driver.
Apr 11 11:58:55 archlinux-e3-112 kernel: ... version:                   3
Apr 11 11:58:55 archlinux-e3-112 kernel: ... bit width:                 40
Apr 11 11:58:55 archlinux-e3-112 kernel: ... generic counters:          2
Apr 11 11:58:55 archlinux-e3-112 kernel: ... generic bitmap:            0000000000000003
Apr 11 11:58:55 archlinux-e3-112 kernel: ... fixed-purpose counters:    3
Apr 11 11:58:55 archlinux-e3-112 kernel: ... fixed-purpose bitmap:      0000000000000007
Apr 11 11:58:55 archlinux-e3-112 kernel: ... value mask:                000000ffffffffff
Apr 11 11:58:55 archlinux-e3-112 kernel: ... max period:                0000007fffffffff
Apr 11 11:58:55 archlinux-e3-112 kernel: ... global_ctrl mask:          0000000700000003
Apr 11 11:58:55 archlinux-e3-112 kernel: signal: max sigframe size: 1440
Apr 11 11:58:55 archlinux-e3-112 kernel: Estimated ratio of average max frequency by base frequency (times 1024): 1220
Apr 11 11:58:55 archlinux-e3-112 kernel: rcu: Hierarchical SRCU implementation.
Apr 11 11:58:55 archlinux-e3-112 kernel: rcu:         Max phase no-delay instances is 1000.
Apr 11 11:58:55 archlinux-e3-112 kernel: Timer migration: 1 hierarchy levels; 8 children per group; 1 crossnode level
Apr 11 11:58:55 archlinux-e3-112 kernel: NMI watchdog: Enabled. Permanently consumes one hw-PMU counter.
Apr 11 11:58:55 archlinux-e3-112 kernel: smp: Bringing up secondary CPUs ...
Apr 11 11:58:55 archlinux-e3-112 kernel: smp: Brought up 1 node, 1 CPU
Apr 11 11:58:55 archlinux-e3-112 kernel: smpboot: Total of 1 processors activated (4335.88 BogoMIPS)
Apr 11 11:58:55 archlinux-e3-112 kernel: Memory: 1820052K/1976016K available (20324K kernel code, 2939K rwdata, 16372K rodata, 4748K init, 4756K bss, 149920K reserved, 0K cma-reserved)
Apr 11 11:58:55 archlinux-e3-112 kernel: devtmpfs: initialized
Apr 11 11:58:55 archlinux-e3-112 kernel: x86/mm: Memory block size: 128MB
Apr 11 11:58:55 archlinux-e3-112 kernel: ACPI: PM: Registering ACPI NVS region [mem 0x0006f000-0x0006ffff] (4096 bytes)
Apr 11 11:58:55 archlinux-e3-112 kernel: ACPI: PM: Registering ACPI NVS region [mem 0x787ab000-0x788aafff] (1048576 bytes)
Apr 11 11:58:55 archlinux-e3-112 kernel: ACPI: PM: Registering ACPI NVS region [mem 0x794c6000-0x79dc5fff] (9437184 bytes)
Apr 11 11:58:55 archlinux-e3-112 kernel: clocksource: jiffies: mask: 0xffffffff max_cycles: 0xffffffff, max_idle_ns: 6370867519511994 ns
Apr 11 11:58:55 archlinux-e3-112 kernel: posixtimers hash table entries: 1024 (order: 2, 16384 bytes, linear)
Apr 11 11:58:55 archlinux-e3-112 kernel: futex hash table entries: 512 (32768 bytes on 1 NUMA nodes, total 32 KiB, linear).
Apr 11 11:58:55 archlinux-e3-112 kernel: pinctrl core: initialized pinctrl subsystem
Apr 11 11:58:55 archlinux-e3-112 kernel: PM: RTC time: 08:58:42, date: 2026-04-11
Apr 11 11:58:55 archlinux-e3-112 kernel: NET: Registered PF_NETLINK/PF_ROUTE protocol family
Apr 11 11:58:55 archlinux-e3-112 kernel: DMA: preallocated 256 KiB GFP_KERNEL pool for atomic allocations
Apr 11 11:58:55 archlinux-e3-112 kernel: DMA: preallocated 256 KiB GFP_KERNEL|GFP_DMA pool for atomic allocations
Apr 11 11:58:55 archlinux-e3-112 kernel: DMA: preallocated 256 KiB GFP_KERNEL|GFP_DMA32 pool for atomic allocations
Apr 11 11:58:55 archlinux-e3-112 kernel: audit: initializing netlink subsys (disabled)
Apr 11 11:58:55 archlinux-e3-112 kernel: audit: type=2000 audit(1775897921.006:1): state=initialized audit_enabled=0 res=1
Apr 11 11:58:55 archlinux-e3-112 kernel: thermal_sys: Registered thermal governor 'fair_share'
Apr 11 11:58:55 archlinux-e3-112 kernel: thermal_sys: Registered thermal governor 'bang_bang'
Apr 11 11:58:55 archlinux-e3-112 kernel: thermal_sys: Registered thermal governor 'step_wise'
Apr 11 11:58:55 archlinux-e3-112 kernel: thermal_sys: Registered thermal governor 'user_space'
Apr 11 11:58:55 archlinux-e3-112 kernel: thermal_sys: Registered thermal governor 'power_allocator'
Apr 11 11:58:55 archlinux-e3-112 kernel: cpuidle: using governor ladder
Apr 11 11:58:55 archlinux-e3-112 kernel: cpuidle: using governor menu
Apr 11 11:58:55 archlinux-e3-112 kernel: efi: Freeing EFI boot services memory: 39712K
Apr 11 11:58:55 archlinux-e3-112 kernel: acpiphp: ACPI Hot Plug PCI Controller Driver version: 0.5
Apr 11 11:58:55 archlinux-e3-112 kernel: PCI: ECAM [mem 0xe0000000-0xe3ffffff] (base 0xe0000000) for domain 0000 [bus 00-3f]
Apr 11 11:58:55 archlinux-e3-112 kernel: PCI: not using ECAM ([mem 0xe0000000-0xe3ffffff] not reserved)
Apr 11 11:58:55 archlinux-e3-112 kernel: PCI: Using configuration type 1 for base access
Apr 11 11:58:55 archlinux-e3-112 kernel: kprobes: kprobe jump-optimization is enabled. All kprobes are optimized if possible.
Apr 11 11:58:55 archlinux-e3-112 kernel: HugeTLB: registered 2.00 MiB page size, pre-allocated 0 pages
Apr 11 11:58:55 archlinux-e3-112 kernel: HugeTLB: 28 KiB vmemmap can be freed for a 2.00 MiB page
Apr 11 11:58:55 archlinux-e3-112 kernel: raid6: skipped pq benchmark and selected sse2x4
Apr 11 11:58:55 archlinux-e3-112 kernel: raid6: using ssse3x2 recovery algorithm
Apr 11 11:58:55 archlinux-e3-112 kernel: ACPI: Added _OSI(Module Device)
Apr 11 11:58:55 archlinux-e3-112 kernel: ACPI: Added _OSI(Processor Device)
Apr 11 11:58:55 archlinux-e3-112 kernel: ACPI: Added _OSI(Processor Aggregator Device)
Apr 11 11:58:55 archlinux-e3-112 kernel: ACPI: 8 ACPI AML tables successfully acquired and loaded
Apr 11 11:58:55 archlinux-e3-112 kernel: ACPI BIOS Error (bug): Could not resolve symbol [\_SB._OSC.CDW1], AE_NOT_FOUND (20250807/psargs-332)
Apr 11 11:58:55 archlinux-e3-112 kernel: fbcon: Taking over console
Apr 11 11:58:55 archlinux-e3-112 kernel: ACPI Error: Aborting method \_SB._OSC due to previous error (AE_NOT_FOUND) (20250807/psparse-529)
Apr 11 11:58:55 archlinux-e3-112 kernel: ACPI: Dynamic OEM Table Load:
Apr 11 11:58:55 archlinux-e3-112 kernel: ACPI: SSDT 0xFFFF894CC16AD800 000440 (v01 PmRef  Cpu0Ist  00003000 INTL 20130117)
Apr 11 11:58:55 archlinux-e3-112 kernel: ACPI: Dynamic OEM Table Load:
Apr 11 11:58:55 archlinux-e3-112 kernel: ACPI: SSDT 0xFFFF894CC16AE800 000433 (v01 PmRef  Cpu0Cst  00003001 INTL 20130117)
Apr 11 11:58:55 archlinux-e3-112 kernel: ACPI: Dynamic OEM Table Load:
Apr 11 11:58:55 archlinux-e3-112 kernel: ACPI: SSDT 0xFFFF894D39DDE400 00015F (v01 PmRef  ApIst    00003000 INTL 20130117)
Apr 11 11:58:55 archlinux-e3-112 kernel: ACPI: Dynamic OEM Table Load:
Apr 11 11:58:55 archlinux-e3-112 kernel: ACPI: SSDT 0xFFFF894D389C0C00 00008D (v01 PmRef  ApCst    00003000 INTL 20130117)
Apr 11 11:58:55 archlinux-e3-112 kernel: ACPI: EC: EC started
Apr 11 11:58:55 archlinux-e3-112 kernel: ACPI: EC: interrupt blocked
Apr 11 11:58:55 archlinux-e3-112 kernel: ACPI: EC: EC_CMD/EC_SC=0x66, EC_DATA=0x62
Apr 11 11:58:55 archlinux-e3-112 kernel: ACPI: \_SB_.PCI0.LPCB.EC0_: Boot DSDT EC used to handle transactions
Apr 11 11:58:55 archlinux-e3-112 kernel: ACPI: Interpreter enabled
Apr 11 11:58:55 archlinux-e3-112 kernel: ACPI: PM: (supports S0 S3 S4 S5)
Apr 11 11:58:55 archlinux-e3-112 kernel: ACPI: Using IOAPIC for interrupt routing
Apr 11 11:58:55 archlinux-e3-112 kernel: PCI: ECAM [mem 0xe0000000-0xe3ffffff] (base 0xe0000000) for domain 0000 [bus 00-3f]
Apr 11 11:58:55 archlinux-e3-112 kernel: PCI: ECAM [mem 0xe0000000-0xe3ffffff] reserved as ACPI motherboard resource
Apr 11 11:58:55 archlinux-e3-112 kernel: PCI: Using host bridge windows from ACPI; if necessary, use "pci=nocrs" and report a bug
Apr 11 11:58:55 archlinux-e3-112 kernel: PCI: Using E820 reservations for host bridge windows
Apr 11 11:58:55 archlinux-e3-112 kernel: ACPI: Enabled 6 GPEs in block 00 to 3F
Apr 11 11:58:55 archlinux-e3-112 kernel: ACPI: \_SB_.USBC: New power resource
Apr 11 11:58:55 archlinux-e3-112 kernel: ACPI: PCI Root Bridge [PCI0] (domain 0000 [bus 00-ff])
Apr 11 11:58:55 archlinux-e3-112 kernel: acpi PNP0A08:00: _OSC: OS supports [ExtendedConfig ASPM ClockPM Segments MSI EDR HPX-Type3]
Apr 11 11:58:55 archlinux-e3-112 kernel: acpi PNP0A08:00: _OSC: OS requested [PCIeHotplug SHPCHotplug PME AER PCIeCapability LTR DPC]
Apr 11 11:58:55 archlinux-e3-112 kernel: acpi PNP0A08:00: _OSC: platform willing to grant [PCIeHotplug SHPCHotplug PME AER PCIeCapability LTR DPC]
Apr 11 11:58:55 archlinux-e3-112 kernel: acpi PNP0A08:00: _OSC: platform retains control of PCIe features (AE_ERROR)
Apr 11 11:58:55 archlinux-e3-112 kernel: acpi PNP0A08:00: [Firmware Info]: ECAM [mem 0xe0000000-0xe3ffffff] for domain 0000 [bus 00-3f] only partially covers this bridge
Apr 11 11:58:55 archlinux-e3-112 kernel: PCI host bridge to bus 0000:00
Apr 11 11:58:55 archlinux-e3-112 kernel: pci_bus 0000:00: root bus resource [io  0x0070-0x0077]
Apr 11 11:58:55 archlinux-e3-112 kernel: pci_bus 0000:00: root bus resource [io  0x0000-0x006f window]
Apr 11 11:58:55 archlinux-e3-112 kernel: pci_bus 0000:00: root bus resource [io  0x0078-0x0cf7 window]
Apr 11 11:58:55 archlinux-e3-112 kernel: pci_bus 0000:00: root bus resource [io  0x0d00-0xffff window]
Apr 11 11:58:55 archlinux-e3-112 kernel: pci_bus 0000:00: root bus resource [mem 0x000a0000-0x000fffff window]
Apr 11 11:58:55 archlinux-e3-112 kernel: pci_bus 0000:00: root bus resource [mem 0x80000000-0x909ffffe window]
Apr 11 11:58:55 archlinux-e3-112 kernel: pci_bus 0000:00: root bus resource [bus 00-ff]
Apr 11 11:58:55 archlinux-e3-112 kernel: pci 0000:00:00.0: [8086:0f00] type 00 class 0x060000 conventional PCI endpoint
Apr 11 11:58:55 archlinux-e3-112 kernel: pci 0000:00:02.0: [8086:0f31] type 00 class 0x030000 conventional PCI endpoint
Apr 11 11:58:55 archlinux-e3-112 kernel: pci 0000:00:02.0: BAR 0 [mem 0x90000000-0x903fffff]
Apr 11 11:58:55 archlinux-e3-112 kernel: pci 0000:00:02.0: BAR 2 [mem 0x80000000-0x8fffffff pref]
Apr 11 11:58:55 archlinux-e3-112 kernel: pci 0000:00:02.0: BAR 4 [io  0x2050-0x2057]
Apr 11 11:58:55 archlinux-e3-112 kernel: pci 0000:00:02.0: Video device with shadowed ROM at [mem 0x000c0000-0x000dffff]
Apr 11 11:58:55 archlinux-e3-112 kernel: pci 0000:00:13.0: [8086:0f23] type 00 class 0x010601 conventional PCI endpoint
Apr 11 11:58:55 archlinux-e3-112 kernel: pci 0000:00:13.0: BAR 0 [io  0x2048-0x204f]
Apr 11 11:58:55 archlinux-e3-112 kernel: pci 0000:00:13.0: BAR 1 [io  0x205c-0x205f]
Apr 11 11:58:55 archlinux-e3-112 kernel: pci 0000:00:13.0: BAR 2 [io  0x2040-0x2047]
Apr 11 11:58:55 archlinux-e3-112 kernel: pci 0000:00:13.0: BAR 3 [io  0x2058-0x205b]
Apr 11 11:58:55 archlinux-e3-112 kernel: pci 0000:00:13.0: BAR 4 [io  0x2020-0x203f]
Apr 11 11:58:55 archlinux-e3-112 kernel: pci 0000:00:13.0: BAR 5 [mem 0x9091e000-0x9091e7ff]
Apr 11 11:58:55 archlinux-e3-112 kernel: pci 0000:00:13.0: PME# supported from D3hot
Apr 11 11:58:55 archlinux-e3-112 kernel: pci 0000:00:14.0: [8086:0f35] type 00 class 0x0c0330 conventional PCI endpoint
Apr 11 11:58:55 archlinux-e3-112 kernel: pci 0000:00:14.0: BAR 0 [mem 0x90900000-0x9090ffff 64bit]
Apr 11 11:58:55 archlinux-e3-112 kernel: pci 0000:00:14.0: PME# supported from D3hot D3cold
Apr 11 11:58:55 archlinux-e3-112 kernel: pci 0000:00:1a.0: [8086:0f18] type 00 class 0x108000 conventional PCI endpoint
Apr 11 11:58:56 archlinux-e3-112 kernel: pci 0000:00:1a.0: BAR 0 [mem 0x90800000-0x908fffff]
Apr 11 11:58:56 archlinux-e3-112 kernel: pci 0000:00:1a.0: BAR 1 [mem 0x90700000-0x907fffff]
Apr 11 11:58:56 archlinux-e3-112 kernel: pci 0000:00:1a.0: PME# supported from D0 D3hot
Apr 11 11:58:56 archlinux-e3-112 kernel: pci 0000:00:1b.0: [8086:0f04] type 00 class 0x040300 conventional PCI endpoint
Apr 11 11:58:56 archlinux-e3-112 kernel: pci 0000:00:1b.0: BAR 0 [mem 0x90910000-0x90913fff 64bit]
Apr 11 11:58:56 archlinux-e3-112 kernel: pci 0000:00:1b.0: PME# supported from D0 D3hot D3cold
Apr 11 11:58:56 archlinux-e3-112 kernel: pci 0000:00:1c.0: [8086:0f48] type 01 class 0x060400 PCIe Root Port
Apr 11 11:58:56 archlinux-e3-112 kernel: pci 0000:00:1c.0: PCI bridge to [bus 01]
Apr 11 11:58:56 archlinux-e3-112 kernel: pci 0000:00:1c.0: PME# supported from D0 D3hot D3cold
Apr 11 11:58:56 archlinux-e3-112 kernel: pci 0000:00:1c.1: [8086:0f4a] type 01 class 0x060400 PCIe Root Port
Apr 11 11:58:56 archlinux-e3-112 kernel: pci 0000:00:1c.1: PCI bridge to [bus 02]
Apr 11 11:58:56 archlinux-e3-112 kernel: pci 0000:00:1c.1:   bridge window [mem 0x90600000-0x906fffff]
Apr 11 11:58:56 archlinux-e3-112 kernel: pci 0000:00:1c.1: PME# supported from D0 D3hot D3cold
Apr 11 11:58:56 archlinux-e3-112 kernel: pci 0000:00:1c.2: [8086:0f4c] type 01 class 0x060400 PCIe Root Port
Apr 11 11:58:56 archlinux-e3-112 kernel: pci 0000:00:1c.2: PCI bridge to [bus 03]
Apr 11 11:58:56 archlinux-e3-112 kernel: pci 0000:00:1c.2:   bridge window [io  0x1000-0x1fff]
Apr 11 11:58:56 archlinux-e3-112 kernel: pci 0000:00:1c.2:   bridge window [mem 0x90500000-0x905fffff]
Apr 11 11:58:56 archlinux-e3-112 kernel: pci 0000:00:1c.2:   bridge window [mem 0x90400000-0x904fffff 64bit pref]
Apr 11 11:58:56 archlinux-e3-112 kernel: pci 0000:00:1c.2: PME# supported from D0 D3hot D3cold
Apr 11 11:58:56 archlinux-e3-112 kernel: pci 0000:00:1f.0: [8086:0f1c] type 00 class 0x060100 conventional PCI endpoint
Apr 11 11:58:56 archlinux-e3-112 kernel: pci 0000:00:1f.3: [8086:0f12] type 00 class 0x0c0500 conventional PCI endpoint
Apr 11 11:58:56 archlinux-e3-112 kernel: pci 0000:00:1f.3: BAR 0 [mem 0x90918000-0x9091801f]
Apr 11 11:58:56 archlinux-e3-112 kernel: pci 0000:00:1f.3: BAR 4 [io  0x2000-0x201f]
Apr 11 11:58:56 archlinux-e3-112 kernel: pci 0000:00:1c.0: PCI bridge to [bus 01]
Apr 11 11:58:56 archlinux-e3-112 kernel: pci 0000:02:00.0: [8086:08b2] type 00 class 0x028000 PCIe Endpoint
Apr 11 11:58:56 archlinux-e3-112 kernel: pci 0000:02:00.0: BAR 0 [mem 0x90600000-0x90601fff 64bit]
Apr 11 11:58:56 archlinux-e3-112 kernel: pci 0000:02:00.0: PME# supported from D0 D3hot D3cold
Apr 11 11:58:56 archlinux-e3-112 kernel: pci 0000:00:1c.1: PCI bridge to [bus 02]
Apr 11 11:58:56 archlinux-e3-112 kernel: pci 0000:03:00.0: [10ec:8168] type 00 class 0x020000 PCIe Endpoint
Apr 11 11:58:56 archlinux-e3-112 kernel: pci 0000:03:00.0: BAR 0 [io  0x1000-0x10ff]
Apr 11 11:58:56 archlinux-e3-112 kernel: pci 0000:03:00.0: BAR 2 [mem 0x90500000-0x90500fff 64bit]
Apr 11 11:58:56 archlinux-e3-112 kernel: pci 0000:03:00.0: BAR 4 [mem 0x90400000-0x90403fff 64bit pref]
Apr 11 11:58:56 archlinux-e3-112 kernel: pci 0000:03:00.0: supports D1 D2
Apr 11 11:58:56 archlinux-e3-112 kernel: pci 0000:03:00.0: PME# supported from D0 D1 D2 D3hot D3cold
Apr 11 11:58:56 archlinux-e3-112 kernel: pci 0000:00:1c.2: PCI bridge to [bus 03]
Apr 11 11:58:56 archlinux-e3-112 kernel: ACPI: PCI: Interrupt link LNKA configured for IRQ 0
Apr 11 11:58:56 archlinux-e3-112 kernel: ACPI: PCI: Interrupt link LNKA disabled
Apr 11 11:58:56 archlinux-e3-112 kernel: ACPI: PCI: Interrupt link LNKB configured for IRQ 0
Apr 11 11:58:56 archlinux-e3-112 kernel: ACPI: PCI: Interrupt link LNKB disabled
Apr 11 11:58:56 archlinux-e3-112 kernel: ACPI: PCI: Interrupt link LNKC configured for IRQ 0
Apr 11 11:58:56 archlinux-e3-112 kernel: ACPI: PCI: Interrupt link LNKC disabled
Apr 11 11:58:56 archlinux-e3-112 kernel: ACPI: PCI: Interrupt link LNKD configured for IRQ 0
Apr 11 11:58:56 archlinux-e3-112 kernel: ACPI: PCI: Interrupt link LNKD disabled
Apr 11 11:58:56 archlinux-e3-112 kernel: ACPI: PCI: Interrupt link LNKE configured for IRQ 0
Apr 11 11:58:56 archlinux-e3-112 kernel: ACPI: PCI: Interrupt link LNKE disabled
Apr 11 11:58:56 archlinux-e3-112 kernel: ACPI: PCI: Interrupt link LNKF configured for IRQ 0
Apr 11 11:58:56 archlinux-e3-112 kernel: ACPI: PCI: Interrupt link LNKF disabled
Apr 11 11:58:56 archlinux-e3-112 kernel: ACPI: PCI: Interrupt link LNKG configured for IRQ 0
Apr 11 11:58:56 archlinux-e3-112 kernel: ACPI: PCI: Interrupt link LNKG disabled
Apr 11 11:58:56 archlinux-e3-112 kernel: ACPI: PCI: Interrupt link LNKH configured for IRQ 0
Apr 11 11:58:56 archlinux-e3-112 kernel: ACPI: PCI: Interrupt link LNKH disabled
Apr 11 11:58:56 archlinux-e3-112 kernel: byt_gpio INT33FC:00: [Firmware Bug]: Pin 94: DIRECT_IRQ_EN set without trigger (CONF0: 0x2803cc00), clearing
Apr 11 11:58:56 archlinux-e3-112 kernel: byt_gpio INT33FC:02: [Firmware Bug]: Pin 1: DIRECT_IRQ_EN set without trigger (CONF0: 0x2803cc00), clearing
Apr 11 11:58:56 archlinux-e3-112 kernel: byt_gpio INT33FC:02: [Firmware Bug]: Pin 3: DIRECT_IRQ_EN set without trigger (CONF0: 0x2803cc00), clearing
Apr 11 11:58:56 archlinux-e3-112 kernel: byt_gpio INT33FC:02: [Firmware Bug]: Pin 6: DIRECT_IRQ_EN set without trigger (CONF0: 0x2803cc00), clearing
Apr 11 11:58:56 archlinux-e3-112 kernel: byt_gpio INT33FC:02: [Firmware Bug]: Pin 17: DIRECT_IRQ_EN set without trigger (CONF0: 0x2803cc01), clearing
Apr 11 11:58:56 archlinux-e3-112 kernel: byt_gpio INT33FC:02: [Firmware Bug]: Pin 27: DIRECT_IRQ_EN set without trigger (CONF0: 0x2803cc00), clearing
Apr 11 11:58:56 archlinux-e3-112 kernel: ACPI: EC: interrupt unblocked
Apr 11 11:58:56 archlinux-e3-112 kernel: ACPI: EC: event unblocked
Apr 11 11:58:56 archlinux-e3-112 kernel: ACPI: EC: EC_CMD/EC_SC=0x66, EC_DATA=0x62
Apr 11 11:58:56 archlinux-e3-112 kernel: ACPI: EC: GPE=0x18
Apr 11 11:58:56 archlinux-e3-112 kernel: ACPI: \_SB_.PCI0.LPCB.EC0_: Boot DSDT EC initialization complete
Apr 11 11:58:56 archlinux-e3-112 kernel: ACPI: \_SB_.PCI0.LPCB.EC0_: EC: Used to handle transactions and events
Apr 11 11:58:56 archlinux-e3-112 kernel: iommu: Default domain type: Translated
Apr 11 11:58:56 archlinux-e3-112 kernel: iommu: DMA domain TLB invalidation policy: lazy mode
Apr 11 11:58:56 archlinux-e3-112 kernel: SCSI subsystem initialized
Apr 11 11:58:56 archlinux-e3-112 kernel: libata version 3.00 loaded.
Apr 11 11:58:56 archlinux-e3-112 kernel: ACPI: bus type USB registered
Apr 11 11:58:56 archlinux-e3-112 kernel: usbcore: registered new interface driver usbfs
Apr 11 11:58:56 archlinux-e3-112 kernel: usbcore: registered new interface driver hub
Apr 11 11:58:56 archlinux-e3-112 kernel: usbcore: registered new device driver usb
Apr 11 11:58:56 archlinux-e3-112 kernel: EDAC MC: Ver: 3.0.0
Apr 11 11:58:56 archlinux-e3-112 kernel: efivars: Registered efivars operations
Apr 11 11:58:56 archlinux-e3-112 kernel: NetLabel: Initializing
Apr 11 11:58:56 archlinux-e3-112 kernel: NetLabel:  domain hash size = 128
Apr 11 11:58:56 archlinux-e3-112 kernel: NetLabel:  protocols = UNLABELED CIPSOv4 CALIPSO
Apr 11 11:58:56 archlinux-e3-112 kernel: NetLabel:  unlabeled traffic allowed by default
Apr 11 11:58:56 archlinux-e3-112 kernel: mctp: management component transport protocol core
Apr 11 11:58:56 archlinux-e3-112 kernel: NET: Registered PF_MCTP protocol family
Apr 11 11:58:56 archlinux-e3-112 kernel: PCI: Using ACPI for IRQ routing
Apr 11 11:58:56 archlinux-e3-112 kernel: PCI: pci_cache_line_size set to 64 bytes
Apr 11 11:58:56 archlinux-e3-112 kernel: e820: reserve RAM buffer [mem 0x0006f000-0x0006ffff]
Apr 11 11:58:56 archlinux-e3-112 kernel: e820: reserve RAM buffer [mem 0x00086000-0x0008ffff]
Apr 11 11:58:56 archlinux-e3-112 kernel: e820: reserve RAM buffer [mem 0x1f000000-0x1fffffff]
Apr 11 11:58:56 archlinux-e3-112 kernel: e820: reserve RAM buffer [mem 0x763b0000-0x77ffffff]
Apr 11 11:58:56 archlinux-e3-112 kernel: e820: reserve RAM buffer [mem 0x77e1b000-0x77ffffff]
Apr 11 11:58:56 archlinux-e3-112 kernel: e820: reserve RAM buffer [mem 0x794c6000-0x7bffffff]
Apr 11 11:58:56 archlinux-e3-112 kernel: e820: reserve RAM buffer [mem 0x7a000000-0x7bffffff]
Apr 11 11:58:56 archlinux-e3-112 kernel: pci 0000:00:02.0: vgaarb: setting as boot VGA device
Apr 11 11:58:56 archlinux-e3-112 kernel: pci 0000:00:02.0: vgaarb: bridge control possible
Apr 11 11:58:56 archlinux-e3-112 kernel: pci 0000:00:02.0: vgaarb: VGA device added: decodes=io+mem,owns=io+mem,locks=none
Apr 11 11:58:56 archlinux-e3-112 kernel: vgaarb: loaded
Apr 11 11:58:56 archlinux-e3-112 kernel: clocksource: Switched to clocksource tsc-early
Apr 11 11:58:56 archlinux-e3-112 kernel: VFS: Disk quotas dquot_6.6.0
Apr 11 11:58:56 archlinux-e3-112 kernel: VFS: Dquot-cache hash table entries: 512 (order 0, 4096 bytes)
Apr 11 11:58:56 archlinux-e3-112 kernel: pnp: PnP ACPI init
Apr 11 11:58:56 archlinux-e3-112 kernel: system 00:01: [io  0x0680-0x069f] has been reserved
Apr 11 11:58:56 archlinux-e3-112 kernel: system 00:01: [io  0x0400-0x047f] has been reserved
Apr 11 11:58:56 archlinux-e3-112 kernel: system 00:01: [io  0x0500-0x05fe] has been reserved
Apr 11 11:58:56 archlinux-e3-112 kernel: system 00:01: [io  0x0600-0x061f] has been reserved
Apr 11 11:58:56 archlinux-e3-112 kernel: system 00:01: [mem 0xfed40000-0xfed44fff] has been reserved
Apr 11 11:58:56 archlinux-e3-112 kernel: system 00:04: [mem 0xe0000000-0xefffffff] could not be reserved
Apr 11 11:58:56 archlinux-e3-112 kernel: system 00:04: [mem 0xfed01000-0xfed01fff] has been reserved
Apr 11 11:58:56 archlinux-e3-112 kernel: system 00:04: [mem 0xfed03000-0xfed03fff] has been reserved
Apr 11 11:58:56 archlinux-e3-112 kernel: system 00:04: [mem 0xfed04000-0xfed04fff] has been reserved
Apr 11 11:58:56 archlinux-e3-112 kernel: system 00:04: [mem 0xfed0c000-0xfed0ffff] could not be reserved
Apr 11 11:58:56 archlinux-e3-112 kernel: system 00:04: [mem 0xfed08000-0xfed08fff] has been reserved
Apr 11 11:58:56 archlinux-e3-112 kernel: system 00:04: [mem 0xfed1c000-0xfed1cfff] has been reserved
Apr 11 11:58:56 archlinux-e3-112 kernel: system 00:04: [mem 0xfee00000-0xfeefffff] has been reserved
Apr 11 11:58:56 archlinux-e3-112 kernel: system 00:04: [mem 0xfef00000-0xfeffffff] has been reserved
Apr 11 11:58:56 archlinux-e3-112 kernel: pnp: PnP ACPI: found 5 devices
Apr 11 11:58:56 archlinux-e3-112 kernel: clocksource: acpi_pm: mask: 0xffffff max_cycles: 0xffffff, max_idle_ns: 2085701024 ns
Apr 11 11:58:56 archlinux-e3-112 kernel: NET: Registered PF_INET protocol family
Apr 11 11:58:56 archlinux-e3-112 kernel: IP idents hash table entries: 32768 (order: 6, 262144 bytes, linear)
Apr 11 11:58:56 archlinux-e3-112 kernel: tcp_listen_portaddr_hash hash table entries: 1024 (order: 2, 16384 bytes, linear)
Apr 11 11:58:56 archlinux-e3-112 kernel: Table-perturb hash table entries: 65536 (order: 6, 262144 bytes, linear)
Apr 11 11:58:56 archlinux-e3-112 kernel: TCP established hash table entries: 16384 (order: 5, 131072 bytes, linear)
Apr 11 11:58:56 archlinux-e3-112 kernel: TCP bind hash table entries: 16384 (order: 7, 524288 bytes, linear)
Apr 11 11:58:56 archlinux-e3-112 kernel: TCP: Hash tables configured (established 16384 bind 16384)
Apr 11 11:58:56 archlinux-e3-112 kernel: MPTCP token hash table entries: 2048 (order: 4, 49152 bytes, linear)
Apr 11 11:58:56 archlinux-e3-112 kernel: UDP hash table entries: 1024 (order: 4, 65536 bytes, linear)
Apr 11 11:58:56 archlinux-e3-112 kernel: UDP-Lite hash table entries: 1024 (order: 4, 65536 bytes, linear)
Apr 11 11:58:56 archlinux-e3-112 kernel: NET: Registered PF_UNIX/PF_LOCAL protocol family
Apr 11 11:58:56 archlinux-e3-112 kernel: NET: Registered PF_XDP protocol family
Apr 11 11:58:56 archlinux-e3-112 kernel: pci 0000:00:1c.0: bridge window [io  0x1000-0x0fff] to [bus 01] add_size 1000
Apr 11 11:58:56 archlinux-e3-112 kernel: pci 0000:00:1c.0: bridge window [mem 0x00100000-0x000fffff 64bit pref] to [bus 01] add_size 200000 add_align 100000
Apr 11 11:58:56 archlinux-e3-112 kernel: pci 0000:00:1c.0: bridge window [mem 0x00100000-0x000fffff] to [bus 01] add_size 200000 add_align 100000
Apr 11 11:58:56 archlinux-e3-112 kernel: pci 0000:00:1c.1: bridge window [io  0x1000-0x0fff] to [bus 02] add_size 1000
Apr 11 11:58:56 archlinux-e3-112 kernel: pci 0000:00:1c.1: bridge window [mem 0x00100000-0x000fffff 64bit pref] to [bus 02] add_size 200000 add_align 100000
Apr 11 11:58:56 archlinux-e3-112 kernel: pci 0000:00:1c.0: bridge window [mem size 0x00200000]: can't assign; no space
Apr 11 11:58:56 archlinux-e3-112 kernel: pci 0000:00:1c.0: bridge window [mem size 0x00200000]: failed to assign
Apr 11 11:58:56 archlinux-e3-112 kernel: pci 0000:00:1c.0: bridge window [mem size 0x00200000 64bit pref]: can't assign; no space
Apr 11 11:58:56 archlinux-e3-112 kernel: pci 0000:00:1c.0: bridge window [mem size 0x00200000 64bit pref]: failed to assign
Apr 11 11:58:56 archlinux-e3-112 kernel: pci 0000:00:1c.1: bridge window [mem size 0x00200000 64bit pref]: can't assign; no space
Apr 11 11:58:56 archlinux-e3-112 kernel: pci 0000:00:1c.1: bridge window [mem size 0x00200000 64bit pref]: failed to assign
Apr 11 11:58:56 archlinux-e3-112 kernel: pci 0000:00:1c.0: bridge window [io  0x3000-0x3fff]: assigned
Apr 11 11:58:56 archlinux-e3-112 kernel: pci 0000:00:1c.1: bridge window [io  0x4000-0x4fff]: assigned
Apr 11 11:58:56 archlinux-e3-112 kernel: pci 0000:00:1c.1: bridge window [mem size 0x00200000 64bit pref]: can't assign; no space
Apr 11 11:58:56 archlinux-e3-112 kernel: pci 0000:00:1c.1: bridge window [mem size 0x00200000 64bit pref]: failed to assign
Apr 11 11:58:56 archlinux-e3-112 kernel: pci 0000:00:1c.0: bridge window [mem size 0x00200000]: can't assign; no space
Apr 11 11:58:56 archlinux-e3-112 kernel: pci 0000:00:1c.0: bridge window [mem size 0x00200000]: failed to assign
Apr 11 11:58:56 archlinux-e3-112 kernel: pci 0000:00:1c.0: bridge window [mem size 0x00200000 64bit pref]: can't assign; no space
Apr 11 11:58:56 archlinux-e3-112 kernel: pci 0000:00:1c.0: bridge window [mem size 0x00200000 64bit pref]: failed to assign
Apr 11 11:58:56 archlinux-e3-112 kernel: pci 0000:00:1c.0: PCI bridge to [bus 01]
Apr 11 11:58:56 archlinux-e3-112 kernel: pci 0000:00:1c.0:   bridge window [io  0x3000-0x3fff]
Apr 11 11:58:56 archlinux-e3-112 kernel: pci 0000:00:1c.1: PCI bridge to [bus 02]
Apr 11 11:58:56 archlinux-e3-112 kernel: pci 0000:00:1c.1:   bridge window [io  0x4000-0x4fff]
Apr 11 11:58:56 archlinux-e3-112 kernel: pci 0000:00:1c.1:   bridge window [mem 0x90600000-0x906fffff]
Apr 11 11:58:56 archlinux-e3-112 kernel: pci 0000:00:1c.2: PCI bridge to [bus 03]
Apr 11 11:58:56 archlinux-e3-112 kernel: pci 0000:00:1c.2:   bridge window [io  0x1000-0x1fff]
Apr 11 11:58:56 archlinux-e3-112 kernel: pci 0000:00:1c.2:   bridge window [mem 0x90500000-0x905fffff]
Apr 11 11:58:56 archlinux-e3-112 kernel: pci 0000:00:1c.2:   bridge window [mem 0x90400000-0x904fffff 64bit pref]
Apr 11 11:58:56 archlinux-e3-112 kernel: pci_bus 0000:00: Some PCI device resources are unassigned, try booting with pci=realloc
Apr 11 11:58:56 archlinux-e3-112 kernel: pci_bus 0000:00: resource 4 [io  0x0070-0x0077]
Apr 11 11:58:56 archlinux-e3-112 kernel: pci_bus 0000:00: resource 5 [io  0x0000-0x006f window]
Apr 11 11:58:56 archlinux-e3-112 kernel: pci_bus 0000:00: resource 6 [io  0x0078-0x0cf7 window]
Apr 11 11:58:56 archlinux-e3-112 kernel: pci_bus 0000:00: resource 7 [io  0x0d00-0xffff window]
Apr 11 11:58:56 archlinux-e3-112 kernel: pci_bus 0000:00: resource 8 [mem 0x000a0000-0x000fffff window]
Apr 11 11:58:56 archlinux-e3-112 kernel: pci_bus 0000:00: resource 9 [mem 0x80000000-0x909ffffe window]
Apr 11 11:58:56 archlinux-e3-112 kernel: pci_bus 0000:01: resource 0 [io  0x3000-0x3fff]
Apr 11 11:58:56 archlinux-e3-112 kernel: pci_bus 0000:01: resource 1 [mem size 0x00200000]
Apr 11 11:58:56 archlinux-e3-112 kernel: pci_bus 0000:01: resource 2 [mem size 0x00200000 64bit pref]
Apr 11 11:58:56 archlinux-e3-112 kernel: pci_bus 0000:02: resource 0 [io  0x4000-0x4fff]
Apr 11 11:58:56 archlinux-e3-112 kernel: pci_bus 0000:02: resource 1 [mem 0x90600000-0x906fffff]
Apr 11 11:58:56 archlinux-e3-112 kernel: pci_bus 0000:02: resource 2 [mem size 0x00200000 64bit pref]
Apr 11 11:58:56 archlinux-e3-112 kernel: pci_bus 0000:03: resource 0 [io  0x1000-0x1fff]
Apr 11 11:58:56 archlinux-e3-112 kernel: pci_bus 0000:03: resource 1 [mem 0x90500000-0x905fffff]
Apr 11 11:58:56 archlinux-e3-112 kernel: pci_bus 0000:03: resource 2 [mem 0x90400000-0x904fffff 64bit pref]
Apr 11 11:58:56 archlinux-e3-112 kernel: PCI: CLS 64 bytes, default 64
Apr 11 11:58:56 archlinux-e3-112 kernel: Trying to unpack rootfs image as initramfs...
Apr 11 11:58:56 archlinux-e3-112 kernel: clocksource: tsc: mask: 0xffffffffffffffff max_cycles: 0x1f3b3266cb4, max_idle_ns: 440795224023 ns
Apr 11 11:58:56 archlinux-e3-112 kernel: clocksource: Switched to clocksource tsc
Apr 11 11:58:56 archlinux-e3-112 kernel: Initialise system trusted keyrings
Apr 11 11:58:56 archlinux-e3-112 kernel: Key type blacklist registered
Apr 11 11:58:56 archlinux-e3-112 kernel: workingset: timestamp_bits=36 max_order=19 bucket_order=0
Apr 11 11:58:56 archlinux-e3-112 kernel: fuse: init (API version 7.45)
Apr 11 11:58:56 archlinux-e3-112 kernel: integrity: Platform Keyring initialized
Apr 11 11:58:56 archlinux-e3-112 kernel: integrity: Machine keyring initialized
Apr 11 11:58:56 archlinux-e3-112 kernel: xor: measuring software checksum speed
Apr 11 11:58:56 archlinux-e3-112 kernel:    prefetch64-sse  :  8176 MB/sec
Apr 11 11:58:56 archlinux-e3-112 kernel:    generic_sse     :  7205 MB/sec
Apr 11 11:58:56 archlinux-e3-112 kernel: xor: using function: prefetch64-sse (8176 MB/sec)
Apr 11 11:58:56 archlinux-e3-112 kernel: Key type asymmetric registered
Apr 11 11:58:56 archlinux-e3-112 kernel: Asymmetric key parser 'x509' registered
Apr 11 11:58:56 archlinux-e3-112 kernel: Block layer SCSI generic (bsg) driver version 0.4 loaded (major 245)
Apr 11 11:58:56 archlinux-e3-112 kernel: io scheduler mq-deadline registered
Apr 11 11:58:56 archlinux-e3-112 kernel: io scheduler kyber registered
Apr 11 11:58:56 archlinux-e3-112 kernel: io scheduler bfq registered
Apr 11 11:58:56 archlinux-e3-112 kernel: ledtrig-cpu: registered to indicate activity on CPUs
Apr 11 11:58:56 archlinux-e3-112 kernel: ACPI: AC: AC Adapter [ACAD] (on-line)
Apr 11 11:58:56 archlinux-e3-112 kernel: input: Power Button as /devices/LNXSYSTM:00/LNXSYBUS:00/PNP0C0C:00/input/input0
Apr 11 11:58:56 archlinux-e3-112 kernel: ACPI: button: Power Button [PWRB]
Apr 11 11:58:56 archlinux-e3-112 kernel: input: Sleep Button as /devices/LNXSYSTM:00/LNXSYBUS:00/PNP0C0E:00/input/input1
Apr 11 11:58:56 archlinux-e3-112 kernel: ACPI: button: Sleep Button [SLPB]
Apr 11 11:58:56 archlinux-e3-112 kernel: input: Lid Switch as /devices/LNXSYSTM:00/LNXSYBUS:00/PNP0C0D:00/input/input2
Apr 11 11:58:56 archlinux-e3-112 kernel: ACPI: button: Lid Switch [LID]
Apr 11 11:58:56 archlinux-e3-112 kernel: input: Power Button as /devices/LNXSYSTM:00/LNXPWRBN:00/input/input3
Apr 11 11:58:56 archlinux-e3-112 kernel: ACPI: button: Power Button [PWRF]
Apr 11 11:58:56 archlinux-e3-112 kernel: ACPI: processor limited to max C-state 0
Apr 11 11:58:56 archlinux-e3-112 kernel: Monitor-Mwait will be used to enter C-1 state
Apr 11 11:58:56 archlinux-e3-112 kernel: Monitor-Mwait will be used to enter C-2 state
Apr 11 11:58:56 archlinux-e3-112 kernel: thermal LNXTHERM:00: registered as thermal_zone0
Apr 11 11:58:56 archlinux-e3-112 kernel: ACPI: thermal: Thermal Zone [TZ01] (27 C)
Apr 11 11:58:56 archlinux-e3-112 kernel: ACPI: battery: Slot [BAT1] (battery absent)
Apr 11 11:58:56 archlinux-e3-112 kernel: Serial: 8250/16550 driver, 32 ports, IRQ sharing enabled
Apr 11 11:58:56 archlinux-e3-112 kernel: serial8250: ttyS0 at I/O 0x3f8 (irq = 4, base_baud = 115200) is a 16550A
Apr 11 11:58:56 archlinux-e3-112 kernel: hpet: number irqs doesn't agree with number of timers
Apr 11 11:58:56 archlinux-e3-112 kernel: Non-volatile memory driver v1.3
Apr 11 11:58:56 archlinux-e3-112 kernel: Linux agpgart interface v0.103
Apr 11 11:58:56 archlinux-e3-112 kernel: ACPI: bus type drm_connector registered
Apr 11 11:58:56 archlinux-e3-112 kernel: ahci 0000:00:13.0: controller can't do DEVSLP, turning off
Apr 11 11:58:56 archlinux-e3-112 kernel: ahci 0000:00:13.0: AHCI vers 0001.0300, 32 command slots, 3 Gbps, SATA mode
Apr 11 11:58:56 archlinux-e3-112 kernel: ahci 0000:00:13.0: 1/2 ports implemented (port mask 0x1)
Apr 11 11:58:56 archlinux-e3-112 kernel: ahci 0000:00:13.0: flags: 64bit ncq pm led clo pio slum part deso 
Apr 11 11:58:56 archlinux-e3-112 kernel: scsi host0: ahci
Apr 11 11:58:56 archlinux-e3-112 kernel: scsi host1: ahci
Apr 11 11:58:56 archlinux-e3-112 kernel: ata1: SATA max UDMA/133 abar m2048@0x9091e000 port 0x9091e100 irq 90 lpm-pol 3
Apr 11 11:58:56 archlinux-e3-112 kernel: ata2: DUMMY
Apr 11 11:58:56 archlinux-e3-112 kernel: xhci_hcd 0000:00:14.0: xHCI Host Controller
Apr 11 11:58:56 archlinux-e3-112 kernel: xhci_hcd 0000:00:14.0: new USB bus registered, assigned bus number 1
Apr 11 11:58:56 archlinux-e3-112 kernel: xhci_hcd 0000:00:14.0: hcc params 0x200077c1 hci version 0x100 quirks 0x0000000000009810
Apr 11 11:58:56 archlinux-e3-112 kernel: xhci_hcd 0000:00:14.0: xHCI Host Controller
Apr 11 11:58:56 archlinux-e3-112 kernel: xhci_hcd 0000:00:14.0: new USB bus registered, assigned bus number 2
Apr 11 11:58:56 archlinux-e3-112 kernel: xhci_hcd 0000:00:14.0: Host supports USB 3.0 SuperSpeed
Apr 11 11:58:56 archlinux-e3-112 kernel: usb usb1: New USB device found, idVendor=1d6b, idProduct=0002, bcdDevice= 6.18
Apr 11 11:58:56 archlinux-e3-112 kernel: usb usb1: New USB device strings: Mfr=3, Product=2, SerialNumber=1
Apr 11 11:58:56 archlinux-e3-112 kernel: usb usb1: Product: xHCI Host Controller
Apr 11 11:58:56 archlinux-e3-112 kernel: usb usb1: Manufacturer: Linux 6.18.21-1-lts xhci-hcd
Apr 11 11:58:56 archlinux-e3-112 kernel: usb usb1: SerialNumber: 0000:00:14.0
Apr 11 11:58:56 archlinux-e3-112 kernel: hub 1-0:1.0: USB hub found
Apr 11 11:58:56 archlinux-e3-112 kernel: hub 1-0:1.0: 6 ports detected
Apr 11 11:58:56 archlinux-e3-112 kernel: usb usb2: New USB device found, idVendor=1d6b, idProduct=0003, bcdDevice= 6.18
Apr 11 11:58:56 archlinux-e3-112 kernel: usb usb2: New USB device strings: Mfr=3, Product=2, SerialNumber=1
Apr 11 11:58:56 archlinux-e3-112 kernel: usb usb2: Product: xHCI Host Controller
Apr 11 11:58:56 archlinux-e3-112 kernel: usb usb2: Manufacturer: Linux 6.18.21-1-lts xhci-hcd
Apr 11 11:58:56 archlinux-e3-112 kernel: usb usb2: SerialNumber: 0000:00:14.0
Apr 11 11:58:56 archlinux-e3-112 kernel: hub 2-0:1.0: USB hub found
Apr 11 11:58:56 archlinux-e3-112 kernel: hub 2-0:1.0: 1 port detected
Apr 11 11:58:56 archlinux-e3-112 kernel: usbcore: registered new interface driver usbserial_generic
Apr 11 11:58:56 archlinux-e3-112 kernel: usbserial: USB Serial support registered for generic
Apr 11 11:58:56 archlinux-e3-112 kernel: i8042: PNP: PS/2 Controller [PNP0303:PS2K,PNP0f13:PS2M] at 0x60,0x64 irq 1,12
Apr 11 11:58:56 archlinux-e3-112 kernel: i8042: Detected active multiplexing controller, rev 1.1
Apr 11 11:58:56 archlinux-e3-112 kernel: serio: i8042 KBD port at 0x60,0x64 irq 1
Apr 11 11:58:56 archlinux-e3-112 kernel: serio: i8042 AUX0 port at 0x60,0x64 irq 12
Apr 11 11:58:56 archlinux-e3-112 kernel: serio: i8042 AUX1 port at 0x60,0x64 irq 12
Apr 11 11:58:56 archlinux-e3-112 kernel: serio: i8042 AUX2 port at 0x60,0x64 irq 12
Apr 11 11:58:56 archlinux-e3-112 kernel: serio: i8042 AUX3 port at 0x60,0x64 irq 12
Apr 11 11:58:56 archlinux-e3-112 kernel: rtc_cmos 00:00: RTC can wake from S4
Apr 11 11:58:56 archlinux-e3-112 kernel: rtc_cmos 00:00: registered as rtc0
Apr 11 11:58:56 archlinux-e3-112 kernel: rtc_cmos 00:00: setting system clock to 2026-04-11T08:58:42 UTC (1775897922)
Apr 11 11:58:56 archlinux-e3-112 kernel: rtc_cmos 00:00: alarms up to one month, y3k, 242 bytes nvram
Apr 11 11:58:56 archlinux-e3-112 kernel: simple-framebuffer simple-framebuffer.0: [drm] Registered 1 planes with drm panic
Apr 11 11:58:56 archlinux-e3-112 kernel: [drm] Initialized simpledrm 1.0.0 for simple-framebuffer.0 on minor 0
Apr 11 11:58:56 archlinux-e3-112 kernel: Console: switching to colour frame buffer device 170x48
Apr 11 11:58:56 archlinux-e3-112 kernel: input: AT Translated Set 2 keyboard as /devices/platform/i8042/serio0/input/input4
Apr 11 11:58:56 archlinux-e3-112 kernel: simple-framebuffer simple-framebuffer.0: [drm] fb0: simpledrmdrmfb frame buffer device
Apr 11 11:58:56 archlinux-e3-112 kernel: hid: raw HID events driver (C) Jiri Kosina
Apr 11 11:58:56 archlinux-e3-112 kernel: usbcore: registered new interface driver usbhid
Apr 11 11:58:56 archlinux-e3-112 kernel: usbhid: USB HID core driver
Apr 11 11:58:56 archlinux-e3-112 kernel: rust_binder: Loaded Rust Binder.
Apr 11 11:58:56 archlinux-e3-112 kernel: drop_monitor: Initializing network drop monitor service
Apr 11 11:58:56 archlinux-e3-112 kernel: NET: Registered PF_INET6 protocol family
Apr 11 11:58:56 archlinux-e3-112 kernel: Segment Routing with IPv6
Apr 11 11:58:56 archlinux-e3-112 kernel: RPL Segment Routing with IPv6
Apr 11 11:58:56 archlinux-e3-112 kernel: In-situ OAM (IOAM) with IPv6
Apr 11 11:58:56 archlinux-e3-112 kernel: NET: Registered PF_PACKET protocol family
Apr 11 11:58:56 archlinux-e3-112 kernel: ENERGY_PERF_BIAS: Set to 'normal', was 'performance'
Apr 11 11:58:56 archlinux-e3-112 kernel: microcode: Current revision: 0x00000838
Apr 11 11:58:56 archlinux-e3-112 kernel: microcode: Updated early from: 0x00000829
Apr 11 11:58:56 archlinux-e3-112 kernel: IPI shorthand broadcast: enabled
Apr 11 11:58:56 archlinux-e3-112 kernel: sched_clock: Marking stable (643344085, 1478532)->(715044477, -70221860)
Apr 11 11:58:56 archlinux-e3-112 kernel: registered taskstats version 1
Apr 11 11:58:56 archlinux-e3-112 kernel: Loading compiled-in X.509 certificates
Apr 11 11:58:56 archlinux-e3-112 kernel: Freeing initrd memory: 14836K
Apr 11 11:58:56 archlinux-e3-112 kernel: Loaded X.509 cert 'Build time autogenerated kernel key: 6d0b595c40a8a51f56ea8249e7385d2f9ba604f0'
Apr 11 11:58:56 archlinux-e3-112 kernel: Demotion targets for Node 0: null
Apr 11 11:58:56 archlinux-e3-112 kernel: Key type .fscrypt registered
Apr 11 11:58:56 archlinux-e3-112 kernel: Key type fscrypt-provisioning registered
Apr 11 11:58:56 archlinux-e3-112 kernel: Btrfs loaded, zoned=yes, fsverity=yes
Apr 11 11:58:56 archlinux-e3-112 kernel: Key type big_key registered
Apr 11 11:58:56 archlinux-e3-112 kernel: integrity: Loading X.509 certificate: UEFI:db
Apr 11 11:58:56 archlinux-e3-112 kernel: integrity: Loaded X.509 cert 'Database Key: 009c899a25991cb3e721e7c7d4ef617c00'
Apr 11 11:58:56 archlinux-e3-112 kernel: integrity: Loading X.509 certificate: UEFI:db
Apr 11 11:58:56 archlinux-e3-112 kernel: integrity: Loaded X.509 cert 'Microsoft Corporation UEFI CA 2011: 13adbf4309bd82709c8cd54f316ed522988a1bd4'
Apr 11 11:58:56 archlinux-e3-112 kernel: integrity: Loading X.509 certificate: UEFI:db
Apr 11 11:58:56 archlinux-e3-112 kernel: integrity: Loaded X.509 cert 'Microsoft Windows Production PCA 2011: a92902398e16c49778cd90f99e4f9ae17c55af53'
Apr 11 11:58:56 archlinux-e3-112 kernel: integrity: Loading X.509 certificate: UEFI:db
Apr 11 11:58:56 archlinux-e3-112 kernel: integrity: Loaded X.509 cert 'Microsoft Option ROM UEFI CA 2023: 514fbf937fa46fb57bf07af8bed84b3b864b1711'
Apr 11 11:58:56 archlinux-e3-112 kernel: integrity: Loading X.509 certificate: UEFI:db
Apr 11 11:58:56 archlinux-e3-112 kernel: integrity: Loaded X.509 cert 'Microsoft UEFI CA 2023: 81aa6b3244c935bce0d6628af39827421e32497d'
Apr 11 11:58:56 archlinux-e3-112 kernel: integrity: Loading X.509 certificate: UEFI:db
Apr 11 11:58:56 archlinux-e3-112 kernel: integrity: Loaded X.509 cert 'Microsoft Corporation: Windows UEFI CA 2023: aefc5fbbbe055d8f8daa585473499417ab5a5272'
Apr 11 11:58:56 archlinux-e3-112 kernel: PM:   Magic number: 6:104:978
Apr 11 11:58:56 archlinux-e3-112 kernel: RAS: Correctable Errors collector initialized.
Apr 11 11:58:56 archlinux-e3-112 kernel: clk: Disabling unused clocks
Apr 11 11:58:56 archlinux-e3-112 kernel: PM: genpd: Disabling unused power domains
Apr 11 11:58:56 archlinux-e3-112 kernel: usb 1-1: new full-speed USB device number 2 using xhci_hcd
Apr 11 11:58:56 archlinux-e3-112 kernel: ata1: SATA link up 3.0 Gbps (SStatus 123 SControl 300)
Apr 11 11:58:56 archlinux-e3-112 kernel: ata1.00: ATA-8: ST9500325AS, 0011LVM1, max UDMA/100
Apr 11 11:58:56 archlinux-e3-112 kernel: ata1.00: 976773168 sectors, multi 16: LBA48 NCQ (depth 32)
Apr 11 11:58:56 archlinux-e3-112 kernel: ata1.00: Features: DIPM
Apr 11 11:58:56 archlinux-e3-112 kernel: ata1.00: configured for UDMA/100
Apr 11 11:58:56 archlinux-e3-112 kernel: scsi 0:0:0:0: Direct-Access     ATA      ST9500325AS      LVM1 PQ: 0 ANSI: 5
Apr 11 11:58:56 archlinux-e3-112 kernel: sd 0:0:0:0: [sda] 976773168 512-byte logical blocks: (500 GB/466 GiB)
Apr 11 11:58:56 archlinux-e3-112 kernel: sd 0:0:0:0: [sda] Write Protect is off
Apr 11 11:58:56 archlinux-e3-112 kernel: sd 0:0:0:0: [sda] Mode Sense: 00 3a 00 00
Apr 11 11:58:56 archlinux-e3-112 kernel: sd 0:0:0:0: [sda] Write cache: enabled, read cache: enabled, doesn't support DPO or FUA
Apr 11 11:58:56 archlinux-e3-112 kernel: sd 0:0:0:0: [sda] Preferred minimum I/O size 512 bytes
Apr 11 11:58:56 archlinux-e3-112 kernel: usb 1-1: New USB device found, idVendor=046d, idProduct=c534, bcdDevice=29.01
Apr 11 11:58:56 archlinux-e3-112 kernel: usb 1-1: New USB device strings: Mfr=1, Product=2, SerialNumber=0
Apr 11 11:58:56 archlinux-e3-112 kernel: usb 1-1: Product: USB Receiver
Apr 11 11:58:56 archlinux-e3-112 kernel: usb 1-1: Manufacturer: Logitech
Apr 11 11:58:56 archlinux-e3-112 kernel: input: Logitech USB Receiver as /devices/pci0000:00/0000:00:14.0/usb1/1-1/1-1:1.0/0003:046D:C534.0001/input/input9
Apr 11 11:58:56 archlinux-e3-112 kernel: hid-generic 0003:046D:C534.0001: input,hidraw0: USB HID v1.11 Keyboard [Logitech USB Receiver] on usb-0000:00:14.0-1/input0
Apr 11 11:58:56 archlinux-e3-112 kernel: input: Logitech USB Receiver Mouse as /devices/pci0000:00/0000:00:14.0/usb1/1-1/1-1:1.1/0003:046D:C534.0002/input/input10
Apr 11 11:58:56 archlinux-e3-112 kernel: input: Logitech USB Receiver Consumer Control as /devices/pci0000:00/0000:00:14.0/usb1/1-1/1-1:1.1/0003:046D:C534.0002/input/input11
Apr 11 11:58:56 archlinux-e3-112 kernel:  sda: sda1 sda2
Apr 11 11:58:56 archlinux-e3-112 kernel: sd 0:0:0:0: [sda] Attached SCSI disk
Apr 11 11:58:56 archlinux-e3-112 kernel: Freeing unused decrypted memory: 2028K
Apr 11 11:58:56 archlinux-e3-112 kernel: Freeing unused kernel image (initmem) memory: 4748K
Apr 11 11:58:56 archlinux-e3-112 kernel: Write protecting the kernel read-only data: 36864k
Apr 11 11:58:56 archlinux-e3-112 kernel: Freeing unused kernel image (text/rodata gap) memory: 152K
Apr 11 11:58:56 archlinux-e3-112 kernel: Freeing unused kernel image (rodata/data gap) memory: 12K
Apr 11 11:58:56 archlinux-e3-112 kernel: x86/mm: Checked W+X mappings: passed, no W+X pages found.
Apr 11 11:58:56 archlinux-e3-112 kernel: rodata_test: all tests were successful
Apr 11 11:58:56 archlinux-e3-112 kernel: input: Logitech USB Receiver System Control as /devices/pci0000:00/0000:00:14.0/usb1/1-1/1-1:1.1/0003:046D:C534.0002/input/input12
Apr 11 11:58:56 archlinux-e3-112 kernel: hid-generic 0003:046D:C534.0002: input,hiddev96,hidraw1: USB HID v1.11 Mouse [Logitech USB Receiver] on usb-0000:00:14.0-1/input1
Apr 11 11:58:56 archlinux-e3-112 kernel: x86/mm: Checking user space page tables
Apr 11 11:58:56 archlinux-e3-112 kernel: x86/mm: Checked W+X mappings: passed, no W+X pages found.
Apr 11 11:58:56 archlinux-e3-112 kernel: Run /init as init process
Apr 11 11:58:56 archlinux-e3-112 kernel:   with arguments:
Apr 11 11:58:56 archlinux-e3-112 kernel:     /init
Apr 11 11:58:56 archlinux-e3-112 kernel:   with environment:
Apr 11 11:58:56 archlinux-e3-112 kernel:     HOME=/
Apr 11 11:58:56 archlinux-e3-112 kernel:     TERM=linux
Apr 11 11:58:56 archlinux-e3-112 kernel: usb 1-2: new high-speed USB device number 3 using xhci_hcd
Apr 11 11:58:56 archlinux-e3-112 kernel: usb 1-2: New USB device found, idVendor=05e3, idProduct=0608, bcdDevice=85.37
Apr 11 11:58:56 archlinux-e3-112 kernel: usb 1-2: New USB device strings: Mfr=0, Product=1, SerialNumber=0
Apr 11 11:58:56 archlinux-e3-112 kernel: usb 1-2: Product: USB2.0 Hub
Apr 11 11:58:56 archlinux-e3-112 kernel: hub 1-2:1.0: USB hub found
Apr 11 11:58:56 archlinux-e3-112 kernel: hub 1-2:1.0: 4 ports detected
Apr 11 11:58:56 archlinux-e3-112 kernel: usb: port power management may be unreliable
Apr 11 11:58:56 archlinux-e3-112 kernel: usb 1-4: new high-speed USB device number 4 using xhci_hcd
Apr 11 11:58:56 archlinux-e3-112 kernel: usb 1-4: New USB device found, idVendor=04f2, idProduct=b469, bcdDevice=28.57
Apr 11 11:58:56 archlinux-e3-112 kernel: usb 1-4: New USB device strings: Mfr=1, Product=2, SerialNumber=0
Apr 11 11:58:56 archlinux-e3-112 kernel: usb 1-4: Product: HD WebCam
Apr 11 11:58:56 archlinux-e3-112 kernel: usb 1-4: Manufacturer: Chicony Electronics Co.,Ltd.
Apr 11 11:58:56 archlinux-e3-112 kernel: usb 1-2.1: new full-speed USB device number 5 using xhci_hcd
Apr 11 11:58:56 archlinux-e3-112 kernel: usb 1-2.1: New USB device found, idVendor=8087, idProduct=07dc, bcdDevice= 0.01
Apr 11 11:58:56 archlinux-e3-112 kernel: usb 1-2.1: New USB device strings: Mfr=0, Product=0, SerialNumber=0
Apr 11 11:58:56 archlinux-e3-112 kernel: wmi_bus wmi_bus-PNP0C14:00: [Firmware Bug]: WMBF method block execution control method not found
Apr 11 11:58:56 archlinux-e3-112 kernel: sdhci: Secure Digital Host Controller Interface driver
Apr 11 11:58:56 archlinux-e3-112 kernel: sdhci: Copyright(c) Pierre Ossman
Apr 11 11:58:56 archlinux-e3-112 kernel: gpio-550 (?): Failed to set debounce-timeout 100000: -22
Apr 11 11:58:56 archlinux-e3-112 kernel: mmc0: SDHCI controller on ACPI [80860F16:00] using ADMA
Apr 11 11:58:56 archlinux-e3-112 kernel: mmc1: SDHCI controller on ACPI [80860F14:00] using ADMA
Apr 11 11:58:56 archlinux-e3-112 kernel: mmc1: Failed to initialize a non-removable card
Apr 11 11:58:56 archlinux-e3-112 kernel: i915 0000:00:02.0: [drm] Found valleyview (device ID 0f31) integrated display version 7.00 stepping N/A
Apr 11 11:58:56 archlinux-e3-112 kernel: Console: switching to colour dummy device 80x25
Apr 11 11:58:56 archlinux-e3-112 kernel: i915 0000:00:02.0: vgaarb: deactivate vga console
Apr 11 11:58:56 archlinux-e3-112 kernel: i915 0000:00:02.0: [drm] Registered 2 planes with drm panic
Apr 11 11:58:56 archlinux-e3-112 kernel: [drm] Initialized i915 1.6.0 for 0000:00:02.0 on minor 1
Apr 11 11:58:56 archlinux-e3-112 kernel: ACPI: video: Video Device [GFX0] (multi-head: yes  rom: no  post: no)
Apr 11 11:58:56 archlinux-e3-112 kernel: input: Video Bus as /devices/LNXSYSTM:00/LNXSYBUS:00/PNP0A08:00/LNXVIDEO:00/input/input15
Apr 11 11:58:56 archlinux-e3-112 kernel: fbcon: i915drmfb (fb0) is primary device
Apr 11 11:58:56 archlinux-e3-112 kernel: Console: switching to colour frame buffer device 170x48
Apr 11 11:58:56 archlinux-e3-112 kernel: i915 0000:00:02.0: [drm] fb0: i915drmfb frame buffer device
Apr 11 11:58:56 archlinux-e3-112 kernel: BTRFS: device fsid 36da6199-b615-497e-8b58-5edf38ebf666 devid 1 transid 20694 /dev/sda2 (8:2) scanned by mount (187)
Apr 11 11:58:56 archlinux-e3-112 kernel: BTRFS info (device sda2): first mount of filesystem 36da6199-b615-497e-8b58-5edf38ebf666
Apr 11 11:58:56 archlinux-e3-112 kernel: BTRFS info (device sda2): using crc32c (crc32c-lib) checksum algorithm
Apr 11 11:58:56 archlinux-e3-112 kernel: BTRFS info (device sda2): enabling free space tree
Apr 11 11:58:56 archlinux-e3-112 systemd[1]: systemd 260.1-1-arch running in system mode (+PAM +AUDIT -SELINUX +APPARMOR -IMA +IPE +SMACK +SECCOMP +GCRYPT +GNUTLS +OPENSSL +ACL +BLKID +CURL +ELFUTILS +FIDO2 +IDN2 +KMOD +LIBCRYPTSETUP +LIBCRYPTSETUP_PLUGINS +LIBFDISK +PCRE2 +PWQUALITY +P11KIT +QRENCODE +TPM2 +BZIP2 +LZ4 +XZ +ZLIB +ZSTD +BPF_FRAMEWORK +BTF +XKBCOMMON +UTMP +LIBARCHIVE)
Apr 11 11:58:56 archlinux-e3-112 systemd[1]: Detected architecture x86-64.
Apr 11 11:58:56 archlinux-e3-112 systemd[1]: Hostname set to <archlinux-e3-112>.
Apr 11 11:58:56 archlinux-e3-112 systemd[1]: bpf-restrict-fs: LSM BPF program attached
Apr 11 11:58:56 archlinux-e3-112 kernel: zram: Added device: zram0
Apr 11 11:58:56 archlinux-e3-112 systemd[1]: Queued start job for default target Graphical Interface.
Apr 11 11:58:56 archlinux-e3-112 systemd[1]: Created slice CUPS Slice.
Apr 11 11:58:56 archlinux-e3-112 systemd[1]: Created slice Slice /system/dirmngr.
Apr 11 11:58:56 archlinux-e3-112 systemd[1]: Created slice Slice /system/getty.
Apr 11 11:58:56 archlinux-e3-112 systemd[1]: Created slice Slice /system/gpg-agent.
Apr 11 11:58:56 archlinux-e3-112 systemd[1]: Created slice Slice /system/gpg-agent-browser.
Apr 11 11:58:56 archlinux-e3-112 systemd[1]: Created slice Slice /system/gpg-agent-extra.
Apr 11 11:58:56 archlinux-e3-112 systemd[1]: Created slice Slice /system/gpg-agent-ssh.
Apr 11 11:58:56 archlinux-e3-112 systemd[1]: Created slice Slice /system/keyboxd.
Apr 11 11:58:56 archlinux-e3-112 systemd[1]: Created slice Slice /system/modprobe.
Apr 11 11:58:56 archlinux-e3-112 systemd[1]: Created slice Slice /system/systemd-zram-setup.
Apr 11 11:58:56 archlinux-e3-112 systemd[1]: Created slice User and Session Slice.
Apr 11 11:58:56 archlinux-e3-112 systemd[1]: Started Dispatch Password Requests to Console Directory Watch.
Apr 11 11:58:56 archlinux-e3-112 systemd[1]: Started Forward Password Requests to Wall Directory Watch.
Apr 11 11:58:56 archlinux-e3-112 systemd[1]: Set up automount Arbitrary Executable File Formats File System Automount Point.
Apr 11 11:58:56 archlinux-e3-112 systemd[1]: Expecting device /dev/disk/by-uuid/36da6199-b615-497e-8b58-5edf38ebf666...
Apr 11 11:58:56 archlinux-e3-112 systemd[1]: Expecting device /dev/disk/by-uuid/F67A-31EF...
Apr 11 11:58:56 archlinux-e3-112 systemd[1]: Expecting device /dev/zram0...
Apr 11 11:58:56 archlinux-e3-112 systemd[1]: Reached target Local Encrypted Volumes.
Apr 11 11:58:56 archlinux-e3-112 systemd[1]: Reached target Login Prompts.
Apr 11 11:58:56 archlinux-e3-112 systemd[1]: Reached target Image Downloads.
Apr 11 11:58:56 archlinux-e3-112 systemd[1]: Reached target Local Integrity Protected Volumes.
Apr 11 11:58:56 archlinux-e3-112 systemd[1]: Reached target Remote File Systems.
Apr 11 11:58:56 archlinux-e3-112 systemd[1]: Reached target Slice Units.
Apr 11 11:58:56 archlinux-e3-112 systemd[1]: Reached target Local Verity Protected Volumes.
Apr 11 11:58:56 archlinux-e3-112 systemd[1]: Listening on Device-mapper event daemon FIFOs.
Apr 11 11:58:56 archlinux-e3-112 systemd[1]: Listening on Query the User Interactively for a Password.
Apr 11 11:58:56 archlinux-e3-112 systemd[1]: Listening on Process Core Dump Socket.
Apr 11 11:58:56 archlinux-e3-112 systemd[1]: Listening on Credential Encryption/Decryption.
Apr 11 11:58:56 archlinux-e3-112 systemd[1]: Listening on Factory Reset Management.
Apr 11 11:58:56 archlinux-e3-112 systemd[1]: Listening on Journal Socket (/dev/log).
Apr 11 11:58:56 archlinux-e3-112 systemd[1]: Listening on Journal Sockets.
Apr 11 11:58:56 archlinux-e3-112 systemd[1]: Listening on Console Output Muting Service Socket.
Apr 11 11:58:56 archlinux-e3-112 systemd[1]: TPM PCR Measurements skipped, unmet condition check ConditionSecurity=measured-uki
Apr 11 11:58:56 archlinux-e3-112 systemd[1]: Make TPM PCR Policy skipped, unmet condition check ConditionSecurity=measured-uki
Apr 11 11:58:56 archlinux-e3-112 systemd[1]: Listening on Disk Repartitioning Service Socket.
Apr 11 11:58:56 archlinux-e3-112 systemd[1]: Listening on Resolve Monitor Varlink Socket.
Apr 11 11:58:56 archlinux-e3-112 systemd[1]: Listening on Resolve Service Varlink Socket.
Apr 11 11:58:56 archlinux-e3-112 systemd[1]: Listening on udev Control Socket.
Apr 11 11:58:56 archlinux-e3-112 systemd[1]: Listening on udev Kernel Socket.
Apr 11 11:58:56 archlinux-e3-112 systemd[1]: Listening on udev Varlink Socket.
Apr 11 11:58:56 archlinux-e3-112 systemd[1]: Listening on User Database Manager Socket.
Apr 11 11:58:56 archlinux-e3-112 systemd[1]: Mounting Huge Pages File System...
Apr 11 11:58:56 archlinux-e3-112 systemd[1]: Mounting POSIX Message Queue File System...
Apr 11 11:58:56 archlinux-e3-112 systemd[1]: Mounting Kernel Debug File System...
Apr 11 11:58:56 archlinux-e3-112 systemd[1]: Mounting Kernel Trace File System...
Apr 11 11:58:56 archlinux-e3-112 systemd[1]: Starting Create List of Static Device Nodes...
Apr 11 11:58:56 archlinux-e3-112 systemd[1]: Load Kernel Module configfs skipped, unmet condition check ConditionKernelModuleLoaded=!configfs
Apr 11 11:58:56 archlinux-e3-112 systemd[1]: Mounting Kernel Configuration File System...
Apr 11 11:58:56 archlinux-e3-112 systemd[1]: Load Kernel Module drm skipped, unmet condition check ConditionKernelModuleLoaded=!drm
Apr 11 11:58:56 archlinux-e3-112 systemd[1]: Load Kernel Module fuse skipped, unmet condition check ConditionKernelModuleLoaded=!fuse
Apr 11 11:58:56 archlinux-e3-112 systemd[1]: Mounting FUSE Control File System...
Apr 11 11:58:56 archlinux-e3-112 systemd[1]: Clear Stale Hibernate Storage Info skipped, unmet condition check ConditionPathExists=/sys/firmware/efi/efivars/HibernateLocation-8cf2644b-4b0b-428f-9387-6d876050dc67
Apr 11 11:58:56 archlinux-e3-112 systemd[1]: Starting Journal Service...
Apr 11 11:58:56 archlinux-e3-112 systemd[1]: Starting Load Kernel Modules...
Apr 11 11:58:56 archlinux-e3-112 systemd[1]: TPM PCR Machine ID Measurement skipped, unmet condition check ConditionSecurity=measured-uki
Apr 11 11:58:56 archlinux-e3-112 systemd[1]: TPM NvPCR Product ID Measurement skipped, unmet condition check ConditionSecurity=measured-uki
Apr 11 11:58:56 archlinux-e3-112 systemd[1]: Starting Remount Root and Kernel File Systems...
Apr 11 11:58:56 archlinux-e3-112 systemd[1]: Early TPM SRK Setup skipped, unmet condition check ConditionSecurity=measured-uki
Apr 11 11:58:56 archlinux-e3-112 systemd[1]: Starting Load udev Rules from Credentials...
Apr 11 11:58:56 archlinux-e3-112 systemd[1]: Starting Coldplug All udev Devices...
Apr 11 11:58:56 archlinux-e3-112 systemd-journald[244]: Collecting audit messages is disabled.
Apr 11 11:58:56 archlinux-e3-112 systemd[1]: Mounted Huge Pages File System.
Apr 11 11:58:56 archlinux-e3-112 systemd[1]: Mounted POSIX Message Queue File System.
Apr 11 11:58:56 archlinux-e3-112 systemd[1]: Mounted Kernel Debug File System.
Apr 11 11:58:56 archlinux-e3-112 systemd[1]: Mounted Kernel Trace File System.
Apr 11 11:58:56 archlinux-e3-112 systemd[1]: Finished Create List of Static Device Nodes.
Apr 11 11:58:56 archlinux-e3-112 kernel: Asymmetric key parser 'pkcs8' registered
Apr 11 11:58:56 archlinux-e3-112 systemd-journald[244]: Journal started
░░ Subject: The journal has been started
░░ Defined-By: systemd
░░ Support: https://lists.freedesktop.org/mailman/listinfo/systemd-devel
░░ 
░░ The system journal process has started up, opened the journal
░░ files for writing and is now ready to process requests.
Apr 11 11:58:56 archlinux-e3-112 systemd-journald[244]: Runtime Journal (/run/log/journal/f6a5fb7722d34c9cbf2224dc55ff7191) is 8M, max 92.1M, 84.1M free.
░░ Subject: Disk space used by the journal
░░ Defined-By: systemd
░░ Support: https://lists.freedesktop.org/mailman/listinfo/systemd-devel
░░ 
░░ Runtime Journal (/run/log/journal/f6a5fb7722d34c9cbf2224dc55ff7191) is currently using 8M.
░░ Maximum allowed usage is set to 92.1M.
░░ Leaving at least 46M free (of currently available 913.6M of disk space).
░░ Enforced usage limit is thus 92.1M, of which 84.1M are still available.
░░ 
░░ The limits controlling how much disk space is used by the journal may
░░ be configured with SystemMaxUse=, SystemKeepFree=, SystemMaxFileSize=,
░░ RuntimeMaxUse=, RuntimeKeepFree=, RuntimeMaxFileSize= settings in
░░ /etc/systemd/journald.conf. See journald.conf(5) for details.
Apr 11 11:58:56 archlinux-e3-112 systemd-modules-load[246]: Inserted module 'crypto_user'
Apr 11 11:58:56 archlinux-e3-112 systemd-modules-load[246]: Inserted module 'pkcs8_key_parser'
Apr 11 11:58:56 archlinux-e3-112 systemd[1]: Started Journal Service.
Apr 11 11:58:56 archlinux-e3-112 systemd[1]: Mounted Kernel Configuration File System.
░░ Subject: A start job for unit sys-kernel-config.mount has finished successfully
░░ Defined-By: systemd
░░ Support: https://lists.freedesktop.org/mailman/listinfo/systemd-devel
░░ 
░░ A start job for unit sys-kernel-config.mount has finished successfully.
░░ 
░░ The job identifier is 31.
Apr 11 11:58:56 archlinux-e3-112 systemd[1]: Mounted FUSE Control File System.
░░ Subject: A start job for unit sys-fs-fuse-connections.mount has finished successfully
░░ Defined-By: systemd
░░ Support: https://lists.freedesktop.org/mailman/listinfo/systemd-devel
░░ 
░░ A start job for unit sys-fs-fuse-connections.mount has finished successfully.
░░ 
░░ The job identifier is 19.
Apr 11 11:58:56 archlinux-e3-112 systemd[1]: Finished Load Kernel Modules.
░░ Subject: A start job for unit systemd-modules-load.service has finished successfully
░░ Defined-By: systemd
░░ Support: https://lists.freedesktop.org/mailman/listinfo/systemd-devel
░░ 
░░ A start job for unit systemd-modules-load.service has finished successfully.
░░ 
░░ The job identifier is 29.
Apr 11 11:58:56 archlinux-e3-112 systemd[1]: Finished Load udev Rules from Credentials.
░░ Subject: A start job for unit systemd-udev-load-credentials.service has finished successfully
░░ Defined-By: systemd
░░ Support: https://lists.freedesktop.org/mailman/listinfo/systemd-devel
░░ 
░░ A start job for unit systemd-udev-load-credentials.service has finished successfully.
░░ 
░░ The job identifier is 9.
Apr 11 11:58:56 archlinux-e3-112 systemd[1]: Starting Apply Kernel Variables...
░░ Subject: A start job for unit systemd-sysctl.service has begun execution
░░ Defined-By: systemd
░░ Support: https://lists.freedesktop.org/mailman/listinfo/systemd-devel
░░ 
░░ A start job for unit systemd-sysctl.service has begun execution.
░░ 
░░ The job identifier is 71.
Apr 11 11:58:56 archlinux-e3-112 systemd[1]: Starting Create Static Device Nodes in /dev gracefully...
░░ Subject: A start job for unit systemd-tmpfiles-setup-dev-early.service has begun execution
░░ Defined-By: systemd
░░ Support: https://lists.freedesktop.org/mailman/listinfo/systemd-devel
░░ 
░░ A start job for unit systemd-tmpfiles-setup-dev-early.service has begun execution.
░░ 
░░ The job identifier is 78.
Apr 11 11:58:56 archlinux-e3-112 systemd[1]: Finished Apply Kernel Variables.
░░ Subject: A start job for unit systemd-sysctl.service has finished successfully
░░ Defined-By: systemd
░░ Support: https://lists.freedesktop.org/mailman/listinfo/systemd-devel
░░ 
░░ A start job for unit systemd-sysctl.service has finished successfully.
░░ 
░░ The job identifier is 71.
Apr 11 11:58:57 archlinux-e3-112 systemd[1]: Finished Coldplug All udev Devices.
░░ Subject: A start job for unit systemd-udev-trigger.service has finished successfully
░░ Defined-By: systemd
░░ Support: https://lists.freedesktop.org/mailman/listinfo/systemd-devel
░░ 
░░ A start job for unit systemd-udev-trigger.service has finished successfully.
░░ 
░░ The job identifier is 70.
Apr 11 11:58:57 archlinux-e3-112 systemd[1]: Starting User Database Manager...
░░ Subject: A start job for unit systemd-userdbd.service has begun execution
░░ Defined-By: systemd
░░ Support: https://lists.freedesktop.org/mailman/listinfo/systemd-devel
░░ 
░░ A start job for unit systemd-userdbd.service has begun execution.
░░ 
░░ The job identifier is 156.
Apr 11 11:58:57 archlinux-e3-112 systemd[1]: proc-sys-fs-binfmt_misc.automount: Got automount request for /proc/sys/fs/binfmt_misc, triggered by 264 ((systemd-userd))
Apr 11 11:58:57 archlinux-e3-112 systemd[1]: Mounting Arbitrary Executable File Formats File System...
░░ Subject: A start job for unit proc-sys-fs-binfmt_misc.mount has begun execution
░░ Defined-By: systemd
░░ Support: https://lists.freedesktop.org/mailman/listinfo/systemd-devel
░░ 
░░ A start job for unit proc-sys-fs-binfmt_misc.mount has begun execution.
░░ 
░░ The job identifier is 165.
Apr 11 11:58:57 archlinux-e3-112 systemd[1]: Mounted Arbitrary Executable File Formats File System.
░░ Subject: A start job for unit proc-sys-fs-binfmt_misc.mount has finished successfully
░░ Defined-By: systemd
░░ Support: https://lists.freedesktop.org/mailman/listinfo/systemd-devel
░░ 
░░ A start job for unit proc-sys-fs-binfmt_misc.mount has finished successfully.
░░ 
░░ The job identifier is 165.
Apr 11 11:59:01 archlinux-e3-112 kernel: BTRFS info (device sda2 state M): setting nodatasum
Apr 11 11:59:01 archlinux-e3-112 kernel: BTRFS info (device sda2 state M): setting nodatacow
Apr 11 11:59:01 archlinux-e3-112 systemd[1]: Finished Remount Root and Kernel File Systems.
░░ Subject: A start job for unit systemd-remount-fs.service has finished successfully
░░ Defined-By: systemd
░░ Support: https://lists.freedesktop.org/mailman/listinfo/systemd-devel
░░ 
░░ A start job for unit systemd-remount-fs.service has finished successfully.
░░ 
░░ The job identifier is 87.
Apr 11 11:59:01 archlinux-e3-112 systemd[1]: Rebuild Hardware Database skipped, no trigger condition checks were met.
░░ Subject: A start job for unit systemd-hwdb-update.service has finished successfully
░░ Defined-By: systemd
░░ Support: https://lists.freedesktop.org/mailman/listinfo/systemd-devel
░░ 
░░ A start job for unit systemd-hwdb-update.service has finished successfully.
░░ 
░░ The job identifier is 50.
Apr 11 11:59:01 archlinux-e3-112 systemd[1]: Starting Load/Save OS Random Seed...
░░ Subject: A start job for unit systemd-random-seed.service has begun execution
░░ Defined-By: systemd
░░ Support: https://lists.freedesktop.org/mailman/listinfo/systemd-devel
░░ 
░░ A start job for unit systemd-random-seed.service has begun execution.
░░ 
░░ The job identifier is 35.
Apr 11 11:59:01 archlinux-e3-112 systemd[1]: TPM SRK Setup skipped, unmet condition check ConditionSecurity=measured-uki
░░ Subject: A start job for unit systemd-tpm2-setup.service has finished successfully
░░ Defined-By: systemd
░░ Support: https://lists.freedesktop.org/mailman/listinfo/systemd-devel
░░ 
░░ A start job for unit systemd-tpm2-setup.service has finished successfully.
░░ 
░░ The job identifier is 52.
Apr 11 11:59:01 archlinux-e3-112 systemd[1]: TPM PCR NvPCR Initialization Separator skipped, unmet condition check ConditionSecurity=measured-uki
░░ Subject: A start job for unit systemd-pcrnvdone.service has finished successfully
░░ Defined-By: systemd
░░ Support: https://lists.freedesktop.org/mailman/listinfo/systemd-devel
░░ 
░░ A start job for unit systemd-pcrnvdone.service has finished successfully.
░░ 
░░ The job identifier is 74.
Apr 11 11:59:01 archlinux-e3-112 systemd[1]: Started User Database Manager.
░░ Subject: A start job for unit systemd-userdbd.service has finished successfully
░░ Defined-By: systemd
░░ Support: https://lists.freedesktop.org/mailman/listinfo/systemd-devel
░░ 
░░ A start job for unit systemd-userdbd.service has finished successfully.
░░ 
░░ The job identifier is 156.
Apr 11 11:59:01 archlinux-e3-112 systemd[1]: Finished Load/Save OS Random Seed.
░░ Subject: A start job for unit systemd-random-seed.service has finished successfully
░░ Defined-By: systemd
░░ Support: https://lists.freedesktop.org/mailman/listinfo/systemd-devel
░░ 
░░ A start job for unit systemd-random-seed.service has finished successfully.
░░ 
░░ The job identifier is 35.
Apr 11 11:59:01 archlinux-e3-112 systemd[1]: Finished Create Static Device Nodes in /dev gracefully.
░░ Subject: A start job for unit systemd-tmpfiles-setup-dev-early.service has finished successfully
░░ Defined-By: systemd
░░ Support: https://lists.freedesktop.org/mailman/listinfo/systemd-devel
░░ 
░░ A start job for unit systemd-tmpfiles-setup-dev-early.service has finished successfully.
░░ 
░░ The job identifier is 78.
Apr 11 11:59:01 archlinux-e3-112 systemd[1]: Starting Create System Users...
░░ Subject: A start job for unit systemd-sysusers.service has begun execution
░░ Defined-By: systemd
░░ Support: https://lists.freedesktop.org/mailman/listinfo/systemd-devel
░░ 
░░ A start job for unit systemd-sysusers.service has begun execution.
░░ 
░░ The job identifier is 72.
Apr 11 11:59:02 archlinux-e3-112 systemd[1]: Finished Create System Users.
░░ Subject: A start job for unit systemd-sysusers.service has finished successfully
░░ Defined-By: systemd
░░ Support: https://lists.freedesktop.org/mailman/listinfo/systemd-devel
░░ 
░░ A start job for unit systemd-sysusers.service has finished successfully.
░░ 
░░ The job identifier is 72.
Apr 11 11:59:02 archlinux-e3-112 systemd[1]: Starting Journal Log Access Socket...
░░ Subject: A start job for unit systemd-journalctl.socket has begun execution
░░ Defined-By: systemd
░░ Support: https://lists.freedesktop.org/mailman/listinfo/systemd-devel
░░ 
░░ A start job for unit systemd-journalctl.socket has begun execution.
░░ 
░░ The job identifier is 105.
Apr 11 11:59:02 archlinux-e3-112 systemd[1]: Starting Network Name Resolution...
░░ Subject: A start job for unit systemd-resolved.service has begun execution
░░ Defined-By: systemd
░░ Support: https://lists.freedesktop.org/mailman/listinfo/systemd-devel
░░ 
░░ A start job for unit systemd-resolved.service has begun execution.
░░ 
░░ The job identifier is 55.
Apr 11 11:59:02 archlinux-e3-112 systemd[1]: Starting Network Time Synchronization...
░░ Subject: A start job for unit systemd-timesyncd.service has begun execution
░░ Defined-By: systemd
░░ Support: https://lists.freedesktop.org/mailman/listinfo/systemd-devel
░░ 
░░ A start job for unit systemd-timesyncd.service has begun execution.
░░ 
░░ The job identifier is 59.
Apr 11 11:59:02 archlinux-e3-112 systemd[1]: Starting Create Static Device Nodes in /dev...
░░ Subject: A start job for unit systemd-tmpfiles-setup-dev.service has begun execution
░░ Defined-By: systemd
░░ Support: https://lists.freedesktop.org/mailman/listinfo/systemd-devel
░░ 
░░ A start job for unit systemd-tmpfiles-setup-dev.service has begun execution.
░░ 
░░ The job identifier is 61.
Apr 11 11:59:02 archlinux-e3-112 systemd[1]: Listening on Journal Log Access Socket.
░░ Subject: A start job for unit systemd-journalctl.socket has finished successfully
░░ Defined-By: systemd
░░ Support: https://lists.freedesktop.org/mailman/listinfo/systemd-devel
░░ 
░░ A start job for unit systemd-journalctl.socket has finished successfully.
░░ 
░░ The job identifier is 105.
Apr 11 11:59:03 archlinux-e3-112 systemd[1]: Finished Create Static Device Nodes in /dev.
░░ Subject: A start job for unit systemd-tmpfiles-setup-dev.service has finished successfully
░░ Defined-By: systemd
░░ Support: https://lists.freedesktop.org/mailman/listinfo/systemd-devel
░░ 
░░ A start job for unit systemd-tmpfiles-setup-dev.service has finished successfully.
░░ 
░░ The job identifier is 61.
Apr 11 11:59:03 archlinux-e3-112 systemd[1]: Reached target Preparation for Local File Systems.
░░ Subject: A start job for unit local-fs-pre.target has finished successfully
░░ Defined-By: systemd
░░ Support: https://lists.freedesktop.org/mailman/listinfo/systemd-devel
░░ 
░░ A start job for unit local-fs-pre.target has finished successfully.
░░ 
░░ The job identifier is 62.
Apr 11 11:59:03 archlinux-e3-112 systemd[1]: Virtual Machine and Container Storage (Compatibility) skipped, unmet condition check ConditionPathExists=/var/lib/machines.raw
░░ Subject: A start job for unit var-lib-machines.mount has finished successfully
░░ Defined-By: systemd
░░ Support: https://lists.freedesktop.org/mailman/listinfo/systemd-devel
░░ 
░░ A start job for unit var-lib-machines.mount has finished successfully.
░░ 
░░ The job identifier is 98.
Apr 11 11:59:03 archlinux-e3-112 systemd[1]: Listening on Disk Image Download Service Socket.
░░ Subject: A start job for unit systemd-importd.socket has finished successfully
░░ Defined-By: systemd
░░ Support: https://lists.freedesktop.org/mailman/listinfo/systemd-devel
░░ 
░░ A start job for unit systemd-importd.socket has finished successfully.
░░ 
░░ The job identifier is 97.
Apr 11 11:59:03 archlinux-e3-112 systemd[1]: Repartition Root Disk skipped, no trigger condition checks were met.
░░ Subject: A start job for unit systemd-repart.service has finished successfully
░░ Defined-By: systemd
░░ Support: https://lists.freedesktop.org/mailman/listinfo/systemd-devel
░░ 
░░ A start job for unit systemd-repart.service has finished successfully.
░░ 
░░ The job identifier is 43.
Apr 11 11:59:03 archlinux-e3-112 systemd[1]: Starting Rule-based Manager for Device Events and Files...
░░ Subject: A start job for unit systemd-udevd.service has begun execution
░░ Defined-By: systemd
░░ Support: https://lists.freedesktop.org/mailman/listinfo/systemd-devel
░░ 
░░ A start job for unit systemd-udevd.service has begun execution.
░░ 
░░ The job identifier is 7.
Apr 11 11:59:03 archlinux-e3-112 systemd-resolved[279]: Positive Trust Anchors:
Apr 11 11:59:03 archlinux-e3-112 systemd-resolved[279]: . IN DS 20326 8 2 e06d44b80b8f1d39a95c0b0d7c65d08458e880409bbc683457104237c7f8ec8d
Apr 11 11:59:03 archlinux-e3-112 systemd-resolved[279]: . IN DS 38696 8 2 683d2d0acb8c9b712a1948b27f741219298d0a450d612c483af444a4c0fb2b16
Apr 11 11:59:03 archlinux-e3-112 systemd-resolved[279]: Negative trust anchors: home.arpa 10.in-addr.arpa 16.172.in-addr.arpa 17.172.in-addr.arpa 18.172.in-addr.arpa 19.172.in-addr.arpa 20.172.in-addr.arpa 21.172.in-addr.arpa 22.172.in-addr.arpa 23.172.in-addr.arpa 24.172.in-addr.arpa 25.172.in-addr.arpa 26.172.in-addr.arpa 27.172.in-addr.arpa 28.172.in-addr.arpa 29.172.in-addr.arpa 30.172.in-addr.arpa 31.172.in-addr.arpa 170.0.0.192.in-addr.arpa 171.0.0.192.in-addr.arpa 168.192.in-addr.arpa d.f.ip6.arpa ipv4only.arpa resolver.arpa corp home internal intranet lan local private test
Apr 11 11:59:03 archlinux-e3-112 systemd[1]: Started Network Time Synchronization.
░░ Subject: A start job for unit systemd-timesyncd.service has finished successfully
░░ Defined-By: systemd
░░ Support: https://lists.freedesktop.org/mailman/listinfo/systemd-devel
░░ 
░░ A start job for unit systemd-timesyncd.service has finished successfully.
░░ 
░░ The job identifier is 59.
Apr 11 11:59:03 archlinux-e3-112 systemd[1]: Reached target System Time Set.
░░ Subject: A start job for unit time-set.target has finished successfully
░░ Defined-By: systemd
░░ Support: https://lists.freedesktop.org/mailman/listinfo/systemd-devel
░░ 
░░ A start job for unit time-set.target has finished successfully.
░░ 
░░ The job identifier is 60.
Apr 11 11:59:03 archlinux-e3-112 systemd-udevd[286]: Using default interface naming scheme 'v260'.
Apr 11 11:59:03 archlinux-e3-112 systemd-resolved[279]: Using system hostname 'archlinux-e3-112'.
Apr 11 11:59:03 archlinux-e3-112 systemd[1]: Started Network Name Resolution.
░░ Subject: A start job for unit systemd-resolved.service has finished successfully
░░ Defined-By: systemd
░░ Support: https://lists.freedesktop.org/mailman/listinfo/systemd-devel
░░ 
░░ A start job for unit systemd-resolved.service has finished successfully.
░░ 
░░ The job identifier is 55.
Apr 11 11:59:03 archlinux-e3-112 systemd[1]: Reached target Host and Network Name Lookups.
░░ Subject: A start job for unit nss-lookup.target has finished successfully
░░ Defined-By: systemd
░░ Support: https://lists.freedesktop.org/mailman/listinfo/systemd-devel
░░ 
░░ A start job for unit nss-lookup.target has finished successfully.
░░ 
░░ The job identifier is 58.
Apr 11 11:59:03 archlinux-e3-112 systemd-resolved[279]: Switching to fallback DNS server 9.9.9.9#dns.quad9.net.
Apr 11 11:59:04 archlinux-e3-112 systemd[1]: Started Rule-based Manager for Device Events and Files.
░░ Subject: A start job for unit systemd-udevd.service has finished successfully
░░ Defined-By: systemd
░░ Support: https://lists.freedesktop.org/mailman/listinfo/systemd-devel
░░ 
░░ A start job for unit systemd-udevd.service has finished successfully.
░░ 
░░ The job identifier is 7.
Apr 11 11:59:04 archlinux-e3-112 systemd[1]: Found device /dev/zram0.
░░ Subject: A start job for unit dev-zram0.device has finished successfully
░░ Defined-By: systemd
░░ Support: https://lists.freedesktop.org/mailman/listinfo/systemd-devel
░░ 
░░ A start job for unit dev-zram0.device has finished successfully.
░░ 
░░ The job identifier is 48.
Apr 11 11:59:04 archlinux-e3-112 systemd[1]: Starting Create swap on /dev/zram0...
░░ Subject: A start job for unit systemd-zram-setup@zram0.service has begun execution
░░ Defined-By: systemd
░░ Support: https://lists.freedesktop.org/mailman/listinfo/systemd-devel
░░ 
░░ A start job for unit systemd-zram-setup@zram0.service has begun execution.
░░ 
░░ The job identifier is 46.
Apr 11 11:59:05 archlinux-e3-112 kernel: zram0: detected capacity change from 0 to 2097152
Apr 11 11:59:05 archlinux-e3-112 systemd-makefs[304]: Formatting /dev/zram0 as swap
Apr 11 11:59:05 archlinux-e3-112 systemd-makefs[304]: /dev/zram0 successfully formatted as swap (label "zram0", uuid 1dbb0724-ca27-4478-92ab-61081eed5e5e)
Apr 11 11:59:05 archlinux-e3-112 systemd[1]: Finished Create swap on /dev/zram0.
░░ Subject: A start job for unit systemd-zram-setup@zram0.service has finished successfully
░░ Defined-By: systemd
░░ Support: https://lists.freedesktop.org/mailman/listinfo/systemd-devel
░░ 
░░ A start job for unit systemd-zram-setup@zram0.service has finished successfully.
░░ 
░░ The job identifier is 46.
Apr 11 11:59:05 archlinux-e3-112 systemd[1]: Activating swap Compressed Swap on /dev/zram0...
░░ Subject: A start job for unit dev-zram0.swap has begun execution
░░ Defined-By: systemd
░░ Support: https://lists.freedesktop.org/mailman/listinfo/systemd-devel
░░ 
░░ A start job for unit dev-zram0.swap has begun execution.
░░ 
░░ The job identifier is 45.
Apr 11 11:59:05 archlinux-e3-112 kernel: Adding 1048572k swap on /dev/zram0.  Priority:100 extents:1 across:1048572k SSDsc
Apr 11 11:59:05 archlinux-e3-112 systemd[1]: Activated swap Compressed Swap on /dev/zram0.
░░ Subject: A start job for unit dev-zram0.swap has finished successfully
░░ Defined-By: systemd
░░ Support: https://lists.freedesktop.org/mailman/listinfo/systemd-devel
░░ 
░░ A start job for unit dev-zram0.swap has finished successfully.
░░ 
░░ The job identifier is 45.
Apr 11 11:59:05 archlinux-e3-112 systemd[1]: Reached target Swaps.
░░ Subject: A start job for unit swap.target has finished successfully
░░ Defined-By: systemd
░░ Support: https://lists.freedesktop.org/mailman/listinfo/systemd-devel
░░ 
░░ A start job for unit swap.target has finished successfully.
░░ 
░░ The job identifier is 44.
Apr 11 11:59:05 archlinux-e3-112 systemd[1]: Mounting Temporary Directory /tmp...
░░ Subject: A start job for unit tmp.mount has begun execution
░░ Defined-By: systemd
░░ Support: https://lists.freedesktop.org/mailman/listinfo/systemd-devel
░░ 
░░ A start job for unit tmp.mount has begun execution.
░░ 
░░ The job identifier is 88.
Apr 11 11:59:05 archlinux-e3-112 systemd[1]: Mounted Temporary Directory /tmp.
░░ Subject: A start job for unit tmp.mount has finished successfully
░░ Defined-By: systemd
░░ Support: https://lists.freedesktop.org/mailman/listinfo/systemd-devel
░░ 
░░ A start job for unit tmp.mount has finished successfully.
░░ 
░░ The job identifier is 88.
Apr 11 11:59:06 archlinux-e3-112 mtp-probe[316]: checking bus 1, device 2: "/sys/devices/pci0000:00/0000:00:14.0/usb1/1-1"
Apr 11 11:59:06 archlinux-e3-112 mtp-probe[316]: bus: 1, device: 2 was not an MTP device
Apr 11 11:59:06 archlinux-e3-112 kernel: dw_dmac INTL9C60:01: DesignWare DMA Controller, 8 channels
Apr 11 11:59:06 archlinux-e3-112 kernel: logitech-djreceiver 0003:046D:C534.0001: hidraw0: USB HID v1.11 Keyboard [Logitech USB Receiver] on usb-0000:00:14.0-1/input0
Apr 11 11:59:06 archlinux-e3-112 kernel: logitech-djreceiver 0003:046D:C534.0002: hiddev96,hidraw1: USB HID v1.11 Mouse [Logitech USB Receiver] on usb-0000:00:14.0-1/input1
Apr 11 11:59:06 archlinux-e3-112 kernel: logitech-djreceiver 0003:046D:C534.0002: device of type eQUAD nano Lite (0x0a) connected on slot 1
Apr 11 11:59:06 archlinux-e3-112 kernel: input: Logitech Wireless Keyboard PID:4023 Keyboard as /devices/pci0000:00/0000:00:14.0/usb1/1-1/1-1:1.1/0003:046D:C534.0002/0003:046D:4023.0003/input/input16
Apr 11 11:59:06 archlinux-e3-112 kernel: logitech-djreceiver 0003:046D:C534.0002: device of type eQUAD nano Lite (0x0a) connected on slot 2
Apr 11 11:59:06 archlinux-e3-112 kernel: hid-generic 0003:046D:4023.0003: input,hidraw2: USB HID v1.11 Keyboard [Logitech Wireless Keyboard PID:4023] on usb-0000:00:14.0-1/input1:1
Apr 11 11:59:06 archlinux-e3-112 kernel: input: Logitech Wireless Mouse PID:4054 Mouse as /devices/pci0000:00/0000:00:14.0/usb1/1-1/1-1:1.1/0003:046D:C534.0002/0003:046D:4054.0004/input/input21
Apr 11 11:59:06 archlinux-e3-112 kernel: input: Logitech Wireless Mouse PID:4054 Consumer Control as /devices/pci0000:00/0000:00:14.0/usb1/1-1/1-1:1.1/0003:046D:C534.0002/0003:046D:4054.0004/input/input22
Apr 11 11:59:06 archlinux-e3-112 kernel: hid-generic 0003:046D:4054.0004: input,hidraw3: USB HID v1.11 Mouse [Logitech Wireless Mouse PID:4054] on usb-0000:00:14.0-1/input1:2
Apr 11 11:59:07 archlinux-e3-112 kernel: mousedev: PS/2 mouse device common for all mice
Apr 11 11:59:07 archlinux-e3-112 systemd[1]: Created slice Slice /system/systemd-backlight.
░░ Subject: A start job for unit system-systemd\x2dbacklight.slice has finished successfully
░░ Defined-By: systemd
░░ Support: https://lists.freedesktop.org/mailman/listinfo/systemd-devel
░░ 
░░ A start job for unit system-systemd\x2dbacklight.slice has finished successfully.
░░ 
░░ The job identifier is 171.
Apr 11 11:59:07 archlinux-e3-112 systemd[1]: Starting Load/Save Screen Backlight Brightness of backlight:intel_backlight...
░░ Subject: A start job for unit systemd-backlight@backlight:intel_backlight.service has begun execution
░░ Defined-By: systemd
░░ Support: https://lists.freedesktop.org/mailman/listinfo/systemd-devel
░░ 
░░ A start job for unit systemd-backlight@backlight:intel_backlight.service has begun execution.
░░ 
░░ The job identifier is 168.
Apr 11 11:59:07 archlinux-e3-112 mtp-probe[327]: checking bus 1, device 4: "/sys/devices/pci0000:00/0000:00:14.0/usb1/1-4"
Apr 11 11:59:07 archlinux-e3-112 mtp-probe[327]: bus: 1, device: 4 was not an MTP device
Apr 11 11:59:07 archlinux-e3-112 systemd[1]: Finished Load/Save Screen Backlight Brightness of backlight:intel_backlight.
░░ Subject: A start job for unit systemd-backlight@backlight:intel_backlight.service has finished successfully
░░ Defined-By: systemd
░░ Support: https://lists.freedesktop.org/mailman/listinfo/systemd-devel
░░ 
░░ A start job for unit systemd-backlight@backlight:intel_backlight.service has finished successfully.
░░ 
░░ The job identifier is 168.
Apr 11 11:59:07 archlinux-e3-112 kernel: mc: Linux media interface: v0.10
Apr 11 11:59:08 archlinux-e3-112 kernel: iTCO_vendor_support: vendor-support=0
Apr 11 11:59:08 archlinux-e3-112 systemd[1]: Found device ST9500325AS 1.
░░ Subject: A start job for unit dev-disk-by\x2duuid-F67A\x2d31EF.device has finished successfully
░░ Defined-By: systemd
░░ Support: https://lists.freedesktop.org/mailman/listinfo/systemd-devel
░░ 
░░ A start job for unit dev-disk-by\x2duuid-F67A\x2d31EF.device has finished successfully.
░░ 
░░ The job identifier is 84.
Apr 11 11:59:08 archlinux-e3-112 systemd[1]: Mounting /boot...
░░ Subject: A start job for unit boot.mount has begun execution
░░ Defined-By: systemd
░░ Support: https://lists.freedesktop.org/mailman/listinfo/systemd-devel
░░ 
░░ A start job for unit boot.mount has begun execution.
░░ 
░░ The job identifier is 83.
Apr 11 11:59:08 archlinux-e3-112 kernel: spi-nor spi0.0: supply vcc not found, using dummy regulator
Apr 11 11:59:08 archlinux-e3-112 kernel: Creating 1 MTD partitions on "intel-spi":
Apr 11 11:59:08 archlinux-e3-112 kernel: 0x000000000000-0x000000800000 : "BIOS"
Apr 11 11:59:08 archlinux-e3-112 kernel: iTCO_wdt iTCO_wdt.1.auto: Found a Bay Trail SoC TCO device (Version=3, TCOBASE=0x0460)
Apr 11 11:59:08 archlinux-e3-112 kernel: iTCO_wdt iTCO_wdt.1.auto: initialized. heartbeat=30 sec (nowayout=0)
Apr 11 11:59:08 archlinux-e3-112 kernel: acer_wmi: Acer Laptop ACPI-WMI Extras
Apr 11 11:59:08 archlinux-e3-112 kernel: acer_wmi: Function bitmap for Communication Button: 0x801
Apr 11 11:59:08 archlinux-e3-112 kernel: i801_smbus 0000:00:1f.3: SMBus using PCI interrupt
Apr 11 11:59:08 archlinux-e3-112 kernel: i2c i2c-9: Successfully instantiated SPD at 0x50
